Archive member included to satisfy reference by file (symbol)

C:/ST/STM32CubeIDE_1.18.0/STM32CubeIDE/plugins/com.st.stm32cube.ide.mcu.externaltools.gnu-tools-for-stm32.13.3.rel1.win32_1.0.0.202411081344/tools/bin/../lib/gcc/arm-none-eabi/13.3.1/../../../../arm-none-eabi/lib/thumb/v7e-m+fp/hard\libc_nano.a(libc_a-exit.o)
                              C:/ST/STM32CubeIDE_1.18.0/STM32CubeIDE/plugins/com.st.stm32cube.ide.mcu.externaltools.gnu-tools-for-stm32.13.3.rel1.win32_1.0.0.202411081344/tools/bin/../lib/gcc/arm-none-eabi/13.3.1/../../../../arm-none-eabi/lib/thumb/v7e-m+fp/hard/crt0.o (exit)
C:/ST/STM32CubeIDE_1.18.0/STM32CubeIDE/plugins/com.st.stm32cube.ide.mcu.externaltools.gnu-tools-for-stm32.13.3.rel1.win32_1.0.0.202411081344/tools/bin/../lib/gcc/arm-none-eabi/13.3.1/../../../../arm-none-eabi/lib/thumb/v7e-m+fp/hard\libc_nano.a(libc_a-findfp.o)
                              C:/ST/STM32CubeIDE_1.18.0/STM32CubeIDE/plugins/com.st.stm32cube.ide.mcu.externaltools.gnu-tools-for-stm32.13.3.rel1.win32_1.0.0.202411081344/tools/bin/../lib/gcc/arm-none-eabi/13.3.1/../../../../arm-none-eabi/lib/thumb/v7e-m+fp/hard\libc_nano.a(libc_a-exit.o) (__stdio_exit_handler)
C:/ST/STM32CubeIDE_1.18.0/STM32CubeIDE/plugins/com.st.stm32cube.ide.mcu.externaltools.gnu-tools-for-stm32.13.3.rel1.win32_1.0.0.202411081344/tools/bin/../lib/gcc/arm-none-eabi/13.3.1/../../../../arm-none-eabi/lib/thumb/v7e-m+fp/hard\libc_nano.a(libc_a-fwalk.o)
                              C:/ST/STM32CubeIDE_1.18.0/STM32CubeIDE/plugins/com.st.stm32cube.ide.mcu.externaltools.gnu-tools-for-stm32.13.3.rel1.win32_1.0.0.202411081344/tools/bin/../lib/gcc/arm-none-eabi/13.3.1/../../../../arm-none-eabi/lib/thumb/v7e-m+fp/hard\libc_nano.a(libc_a-findfp.o) (_fwalk_sglue)
C:/ST/STM32CubeIDE_1.18.0/STM32CubeIDE/plugins/com.st.stm32cube.ide.mcu.externaltools.gnu-tools-for-stm32.13.3.rel1.win32_1.0.0.202411081344/tools/bin/../lib/gcc/arm-none-eabi/13.3.1/../../../../arm-none-eabi/lib/thumb/v7e-m+fp/hard\libc_nano.a(libc_a-stdio.o)
                              C:/ST/STM32CubeIDE_1.18.0/STM32CubeIDE/plugins/com.st.stm32cube.ide.mcu.externaltools.gnu-tools-for-stm32.13.3.rel1.win32_1.0.0.202411081344/tools/bin/../lib/gcc/arm-none-eabi/13.3.1/../../../../arm-none-eabi/lib/thumb/v7e-m+fp/hard\libc_nano.a(libc_a-findfp.o) (__sread)
C:/ST/STM32CubeIDE_1.18.0/STM32CubeIDE/plugins/com.st.stm32cube.ide.mcu.externaltools.gnu-tools-for-stm32.13.3.rel1.win32_1.0.0.202411081344/tools/bin/../lib/gcc/arm-none-eabi/13.3.1/../../../../arm-none-eabi/lib/thumb/v7e-m+fp/hard\libc_nano.a(libc_a-memset.o)
                              C:/ST/STM32CubeIDE_1.18.0/STM32CubeIDE/plugins/com.st.stm32cube.ide.mcu.externaltools.gnu-tools-for-stm32.13.3.rel1.win32_1.0.0.202411081344/tools/bin/../lib/gcc/arm-none-eabi/13.3.1/../../../../arm-none-eabi/lib/thumb/v7e-m+fp/hard/crt0.o (memset)
C:/ST/STM32CubeIDE_1.18.0/STM32CubeIDE/plugins/com.st.stm32cube.ide.mcu.externaltools.gnu-tools-for-stm32.13.3.rel1.win32_1.0.0.202411081344/tools/bin/../lib/gcc/arm-none-eabi/13.3.1/../../../../arm-none-eabi/lib/thumb/v7e-m+fp/hard\libc_nano.a(libc_a-closer.o)
                              C:/ST/STM32CubeIDE_1.18.0/STM32CubeIDE/plugins/com.st.stm32cube.ide.mcu.externaltools.gnu-tools-for-stm32.13.3.rel1.win32_1.0.0.202411081344/tools/bin/../lib/gcc/arm-none-eabi/13.3.1/../../../../arm-none-eabi/lib/thumb/v7e-m+fp/hard\libc_nano.a(libc_a-stdio.o) (_close_r)
C:/ST/STM32CubeIDE_1.18.0/STM32CubeIDE/plugins/com.st.stm32cube.ide.mcu.externaltools.gnu-tools-for-stm32.13.3.rel1.win32_1.0.0.202411081344/tools/bin/../lib/gcc/arm-none-eabi/13.3.1/../../../../arm-none-eabi/lib/thumb/v7e-m+fp/hard\libc_nano.a(libc_a-reent.o)
                              C:/ST/STM32CubeIDE_1.18.0/STM32CubeIDE/plugins/com.st.stm32cube.ide.mcu.externaltools.gnu-tools-for-stm32.13.3.rel1.win32_1.0.0.202411081344/tools/bin/../lib/gcc/arm-none-eabi/13.3.1/../../../../arm-none-eabi/lib/thumb/v7e-m+fp/hard\libc_nano.a(libc_a-closer.o) (errno)
C:/ST/STM32CubeIDE_1.18.0/STM32CubeIDE/plugins/com.st.stm32cube.ide.mcu.externaltools.gnu-tools-for-stm32.13.3.rel1.win32_1.0.0.202411081344/tools/bin/../lib/gcc/arm-none-eabi/13.3.1/../../../../arm-none-eabi/lib/thumb/v7e-m+fp/hard\libc_nano.a(libc_a-impure.o)
                              C:/ST/STM32CubeIDE_1.18.0/STM32CubeIDE/plugins/com.st.stm32cube.ide.mcu.externaltools.gnu-tools-for-stm32.13.3.rel1.win32_1.0.0.202411081344/tools/bin/../lib/gcc/arm-none-eabi/13.3.1/../../../../arm-none-eabi/lib/thumb/v7e-m+fp/hard\libc_nano.a(libc_a-reent.o) (_impure_ptr)
C:/ST/STM32CubeIDE_1.18.0/STM32CubeIDE/plugins/com.st.stm32cube.ide.mcu.externaltools.gnu-tools-for-stm32.13.3.rel1.win32_1.0.0.202411081344/tools/bin/../lib/gcc/arm-none-eabi/13.3.1/../../../../arm-none-eabi/lib/thumb/v7e-m+fp/hard\libc_nano.a(libc_a-lseekr.o)
[...]
Memory Configuration

Name             Origin             Length             Attributes
CCMRAM           0x10000000         0x00010000         xrw
RAM              0x20000000         0x00030000         xrw
FLASH            0x08000000         0x00200000         xr
*default*        0x00000000         0xffffffff

Linker script and memory map

LOAD C:/ST/STM32CubeIDE_1.18.0/STM32CubeIDE/plugins/com.st.stm32cube.ide.mcu.externaltools.gnu-tools-for-stm32.13.3.rel1.win32_1.0.0.202411081344/tools/bin/../lib/gcc/arm-none-eabi/13.3.1/thumb/v7e-m+fp/hard/crti.o
LOAD C:/ST/STM32CubeIDE_1.18.0/STM32CubeIDE/plugins/com.st.stm32cube.ide.mcu.externaltools.gnu-tools-for-stm32.13.3.rel1.win32_1.0.0.202411081344/tools/bin/../lib/gcc/arm-none-eabi/13.3.1/thumb/v7e-m+fp/hard/crtbegin.o
LOAD C:/ST/STM32CubeIDE_1.18.0/STM32CubeIDE/plugins/com.st.stm32cube.ide.mcu.externaltools.gnu-tools-for-stm32.13.3.rel1.win32_1.0.0.202411081344/tools/bin/../lib/gcc/arm-none-eabi/13.3.1/../../../../arm-none-eabi/lib/thumb/v7e-m+fp/hard/crt0.o
LOAD ./Core/Src/I2C.o
LOAD ./Core/Src/driver.o
LOAD ./Core/Src/flash.o
LOAD ./Core/Src/gpio.o
LOAD ./Core/Src/lora.o
LOAD ./Core/Src/main.o
LOAD ./Core/Src/sensor.o
LOAD ./Core/Src/spi.o
LOAD ./Core/Src/stm32f4xx_hal_msp.o
LOAD ./Core/Src/stm32f4xx_it.o
LOAD ./Core/Src/syscalls.o
LOAD ./Core/Src/sysmem.o
LOAD ./Core/Src/system_stm32f4xx.o
LOAD ./Core/Src/uart.o
LOAD ./Core/Startup/startup_stm32f439zitx.o
LOAD ./Drivers/STM32F4xx_HAL_Driver/Src/stm32f4xx_hal.o
LOAD ./Drivers/STM32F4xx_HAL_Driver/Src/stm32f4xx_hal_cortex.o
LOAD ./Drivers/STM32F4xx_HAL_Driver/Src/stm32f4xx_hal_dma.o
LOAD ./Drivers/STM32F4xx_HAL_Driver/Src/stm32f4xx_hal_dma_ex.o
LOAD ./Drivers/STM32F4xx_HAL_Driver/Src/stm32f4xx_hal_exti.o
LOAD ./Drivers/STM32F4xx_HAL_Driver/Src/stm32f4xx_hal_flash.o
LOAD ./Drivers/STM32F4xx_HAL_Driver/Src/stm32f4xx_hal_flash_ex.o
LOAD ./Drivers/STM32F4xx_HAL_Driver/Src/stm32f4xx_hal_flash_ramfunc.o
LOAD ./Drivers/STM32F4xx_HAL_Driver/Src/stm32f4xx_hal_gpio.o
LOAD ./Drivers/STM32F4xx_HAL_Driver/Src/stm32f4xx_hal_pwr.o
LOAD ./Drivers/STM32F4xx_HAL_Driver/Src/stm32f4xx_hal_pwr_ex.o
LOAD ./Drivers/STM32F4xx_HAL_Driver/Src/stm32f4xx_hal_rcc.o
LOAD ./Drivers/STM32F4xx_HAL_Driver/Src/stm32f4xx_hal_rcc_ex.o
LOAD ./Drivers/STM32F4xx_HAL_Driver/Src/stm32f4xx_hal_tim.o
LOAD ./Drivers/STM32F4xx_HAL_Driver/Src/stm32f4xx_hal_tim_ex.o
START GROUP
LOAD C:/ST/STM32CubeIDE_1.18.0/STM32CubeIDE/plugins/com.st.stm32cube.ide.mcu.externaltools.gnu-tools-for-stm32.13.3.rel1.win32_1.0.0.202411081344/tools/bin/../lib/gcc/arm-none-eabi/13.3.1/../../../../arm-none-eabi/lib/thumb/v7e-m+fp/hard\libc_nano.a
LOAD C:/ST/STM32CubeIDE_1.18.0/STM32CubeIDE/plugins/com.st.stm32cube.ide.mcu.externaltools.gnu-tools-for-stm32.13.3.rel1.win32_1.0.0.202411081344/tools/bin/../lib/gcc/arm-none-eabi/13.3.1/../../../../arm-none-eabi/lib/thumb/v7e-m+fp/hard\libm.a
END GROUP
START GROUP
LOAD C:/ST/STM32CubeIDE_1.18.0/STM32CubeIDE/plugins/com.st.stm32cube.ide.mcu.externaltools.gnu-tools-for-stm32.13.3.rel1.win32_1.0.0.202411081344/tools/bin/../lib/gcc/arm-none-eabi/13.3.1/thumb/v7e-m+fp/hard\libgcc.a
LOAD C:/ST/STM32CubeIDE_1.18.0/STM32CubeIDE/plugins/com.st.stm32cube.ide.mcu.externaltools.gnu-tools-for-stm32.13.3.rel1.win32_1.0.0.202411081344/tools/bin/../lib/gcc/arm-none-eabi/13.3.1/../../../../arm-none-eabi/lib/thumb/v7e-m+fp/hard\libc_nano.a
END GROUP
START GROUP
LOAD C:/ST/STM32CubeIDE_1.18.0/STM32CubeIDE/plugins/com.st.stm32cube.ide.mcu.externaltools.gnu-tools-for-stm32.13.3.rel1.win32_1.0.0.202411081344/tools/bin/../lib/gcc/arm-none-eabi/13.3.1/thumb/v7e-m+fp/hard\libgcc.a
LOAD C:/ST/STM32CubeIDE_1.18.0/STM32CubeIDE/plugins/com.st.stm32cube.ide.mcu.externaltools.gnu-tools-for-stm32.13.3.rel1.win32_1.0.0.202411081344/tools/bin/../lib/gcc/arm-none-eabi/13.3.1/../../../../arm-none-eabi/lib/thumb/v7e-m+fp/hard\libc_nano.a
LOAD C:/ST/STM32CubeIDE_1.18.0/STM32CubeIDE/plugins/com.st.stm32cube.ide.mcu.externaltools.gnu-tools-for-stm32.13.3.rel1.win32_1.0.0.202411081344/tools/bin/../lib/gcc/arm-none-eabi/13.3.1/../../../../arm-none-eabi/lib/thumb/v7e-m+fp/hard\libnosys.a
END GROUP
START GROUP
LOAD C:/ST/STM32CubeIDE_1.18.0/STM32CubeIDE/plugins/com.st.stm32cube.ide.mcu.externaltools.gnu-tools-for-stm32.13.3.rel1.win32_1.0.0.202411081344/tools/bin/../lib/gcc/arm-none-eabi/13.3.1/thumb/v7e-m+fp/hard\libgcc.a
LOAD C:/ST/STM32CubeIDE_1.18.0/STM32CubeIDE/plugins/com.st.stm32cube.ide.mcu.externaltools.gnu-tools-for-stm32.13.3.rel1.win32_1.0.0.202411081344/tools/bin/../lib/gcc/arm-none-eabi/13.3.1/../../../../arm-none-eabi/lib/thumb/v7e-m+fp/hard\libc_nano.a
LOAD C:/ST/STM32CubeIDE_1.18.0/STM32CubeIDE/plugins/com.st.stm32cube.ide.mcu.externaltools.gnu-tools-for-stm32.13.3.rel1.win32_1.0.0.202411081344/tools/bin/../lib/gcc/arm-none-eabi/13.3.1/../../../../arm-none-eabi/lib/thumb/v7e-m+fp/hard\libnosys.a
END GROUP
LOAD C:/ST/STM32CubeIDE_1.18.0/STM32CubeIDE/plugins/com.st.stm32cube.ide.mcu.externaltools.gnu-tools-for-stm32.13.3.rel1.win32_1.0.0.202411081344/tools/bin/../lib/gcc/arm-none-eabi/13.3.1/thumb/v7e-m+fp/hard/crtend.o
LOAD C:/ST/STM32CubeIDE_1.18.0/STM32CubeIDE/plugins/com.st.stm32cube.ide.mcu.externaltools.gnu-tools-for-stm32.13.3.rel1.win32_1.0.0.202411081344/tools/bin/../lib/gcc/arm-none-eabi/13.3.1/thumb/v7e-m+fp/hard/crtn.o
                0x20030000                        _estack = (ORIGIN (RAM) + LENGTH (RAM))
                0x00000200                        _Min_Heap_Size = 0x200
                0x00000400                        _Min_Stack_Size = 0x400

.isr_vector     0x08000000      0x1ac
                0x08000000                        . = ALIGN (0x4)
 *(.isr_vector)
 .isr_vector    0x08000000      0x1ac ./Core/Startup/startup_stm32f439zitx.o
                0x08000000                g_pfnVectors
                0x080001ac                        . = ALIGN (0x4)

.text           0x080001ac     0x29fc
                0x080001ac                        . = ALIGN (0x4)
 *(.text)
 .text          0x080001ac       0x40 C:/ST/STM32CubeIDE_1.18.0/STM32CubeIDE/plugins/com.st.stm32cube.ide.mcu.externaltools.gnu-tools-for-stm32.13.3.rel1.win32_1.0.0.202411081344/tools/bin/../lib/gcc/arm-none-eabi/13.3.1/thumb/v7e-m+fp/hard/crtbegin.o
 .text          0x080001ec       0x30 C:/ST/STM32CubeIDE_1.18.0/STM32CubeIDE/plugins/com.st.stm32cube.ide.mcu.externaltools.gnu-tools-for-stm32.13.3.rel1.win32_1.0.0.202411081344/tools/bin/../lib/gcc/arm-none-eabi/13.3.1/thumb/v7e-m+fp/hard\libgcc.a(_aeabi_uldivmod.o)
                0x080001ec                __aeabi_uldivmod
 .text          0x0800021c      0x2f8 C:/ST/STM32CubeIDE_1.18.0/STM32CubeIDE/plugins/com.st.stm32cube.ide.mcu.externaltools.gnu-tools-for-stm32.13.3.rel1.win32_1.0.0.202411081344/tools/bin/../lib/gcc/arm-none-eabi/13.3.1/thumb/v7e-m+fp/hard\libgcc.a(_udivmoddi4.o)
                0x0800021c                __udivmoddi4
 .text          0x08000514        0x4 C:/ST/STM32CubeIDE_1.18.0/STM32CubeIDE/plugins/com.st.stm32cube.ide.mcu.externaltools.gnu-tools-for-stm32.13.3.rel1.win32_1.0.0.202411081344/tools/bin/../lib/gcc/arm-none-eabi/13.3.1/thumb/v7e-m+fp/hard\libgcc.a(_dvmd_tls.o)
                0x08000514                __aeabi_idiv0
                0x08000514                __aeabi_ldiv0
 *(.text*)
 .text.configureI2CBus1
                0x08000518       0xdc ./Core/Src/driver.o
                0x08000518                configureI2CBus1
 .text.configureSPIBus1
                0x080005f4      0x188 ./Core/Src/driver.o
                0x080005f4                configureSPIBus1
 .text.configureSPIBus6
                0x0800077c      0x174 ./Core/Src/driver.o
                0x0800077c                configureSPIBus6
 .text.configureRCC_APB1
                0x080008f0       0x58 ./Core/Src/driver.o
                0x080008f0                configureRCC_APB1
 .text.configureRCC_APB2
                0x08000948       0x58 ./Core/Src/driver.o
                0x08000948                configureRCC_APB2
 .text.configureRCC_AHB1
                0x080009a0       0x3c ./Core/Src/driver.o
                0x080009a0                configureRCC_AHB1
 .text.GPIO_init
                0x080009dc      0x12c ./Core/Src/gpio.o
                0x080009dc                GPIO_init
 .text.SX1272_init
                0x08000b08       0xc4 ./Core/Src/lora.o
                0x08000b08                SX1272_init
 .text._SX1272_setMode
                0x08000bcc       0x3c ./Core/Src/lora.o
                0x08000bcc                _SX1272_setMode
 .text.SX1272_enableBoost
                0x08000c08       0x3a ./Core/Src/lora.o
                0x08000c08                SX1272_enableBoost
 .text.SX1272_standby
                0x08000c42       0x18 ./Core/Src/lora.o
                0x08000c42                SX1272_standby
 .text.SX1272_transmit
                0x08000c5a       0x6e ./Core/Src/lora.o
                0x08000c5a                SX1272_transmit
 .text.SX1272_startReceive
                0x08000cc8       0x48 ./Core/Src/lora.o
                0x08000cc8                SX1272_startReceive
 .text.SX1272_readReceive
                0x08000d10       0x78 ./Core/Src/lora.o
                0x08000d10                SX1272_readReceive
 .text.SX1272_clearIRQ
                0x08000d88       0x20 ./Core/Src/lora.o
                0x08000d88                SX1272_clearIRQ
 .text.SX1272_writeRegister
                0x08000da8       0x6e ./Core/Src/lora.o
                0x08000da8                SX1272_writeRegister
 .text.SX1272_readRegister
                0x08000e16       0x7e ./Core/Src/lora.o
                0x08000e16                SX1272_readRegister
 .text.__NVIC_EnableIRQ
                0x08000e94       0x3c ./Core/Src/main.o
 .text.__NVIC_DisableIRQ
                0x08000ed0       0x48 ./Core/Src/main.o
 .text.main     0x08000f18      0x6e0 ./Core/Src/main.o
                0x08000f18                main
 .text.SystemClock_Config
                0x080015f8       0xe0 ./Core/Src/main.o
                0x080015f8                SystemClock_Config
 .text.MX_GPIO_Init
                0x080016d8       0x88 ./Core/Src/main.o
 .text.TIM1_UP_TIM10_IRQHandler
                0x08001760       0xfc ./Core/Src/main.o
                0x08001760                TIM1_UP_TIM10_IRQHandler
 .text.EXTI1_IRQHandler
                0x0800185c       0x64 ./Core/Src/main.o
                0x0800185c                EXTI1_IRQHandler
 .text.EXTI3_IRQHandler
                0x080018c0       0x2c ./Core/Src/main.o
                0x080018c0                EXTI3_IRQHandler
 .text.EXTI9_5_IRQHandler
                0x080018ec       0x28 ./Core/Src/main.o
                0x080018ec                EXTI9_5_IRQHandler
 .text.transmit_packets_spam
                0x08001914       0xd8 ./Core/Src/main.o
                0x08001914                transmit_packets_spam
 .text.Error_Handler
                0x080019ec        0xc ./Core/Src/main.o
                0x080019ec                Error_Handler
 .text.ADC124S021_init
                0x080019f8       0x50 ./Core/Src/sensor.o
                0x080019f8                ADC124S021_init
 .text.ADC124S021_extract
                0x08001a48       0xf4 ./Core/Src/sensor.o
                0x08001a48                ADC124S021_extract
 .text.ADC124S021_process
                0x08001b3c      0x148 ./Core/Src/sensor.o
                0x08001b3c                ADC124S021_process
 .text.delay_software_us
                0x08001c84       0x38 ./Core/Src/sensor.o
                0x08001c84                delay_software_us
 .text.delay_software_ms
                0x08001cbc       0x36 ./Core/Src/sensor.o
                0x08001cbc                delay_software_ms
 *fill*         0x08001cf2        0x2 
 .text.SPI_init
                0x08001cf4       0x74 ./Core/Src/spi.o
                0x08001cf4                SPI_init
 .text.SPI_transmit
                0x08001d68       0x46 ./Core/Src/spi.o
                0x08001d68                SPI_transmit
 .text.SPI_send8
                0x08001dae       0x32 ./Core/Src/spi.o
 .text.SPI_send16
                0x08001de0       0x30 ./Core/Src/spi.o
 .text.SPI_receive8
                0x08001e10       0x34 ./Core/Src/spi.o
 .text.SPI_receive16
                0x08001e44       0x32 ./Core/Src/spi.o
 *fill*         0x08001e76        0x2 
 .text.HAL_MspInit
                0x08001e78       0x50 ./Core/Src/stm32f4xx_hal_msp.o
                0x08001e78                HAL_MspInit
 .text.NMI_Handler
                0x08001ec8        0x8 ./Core/Src/stm32f4xx_it.o
                0x08001ec8                NMI_Handler
 .text.HardFault_Handler
                0x08001ed0        0x8 ./Core/Src/stm32f4xx_it.o
                0x08001ed0                HardFault_Handler
 .text.MemManage_Handler
                0x08001ed8        0x8 ./Core/Src/stm32f4xx_it.o
                0x08001ed8                MemManage_Handler
 .text.BusFault_Handler
                0x08001ee0        0x8 ./Core/Src/stm32f4xx_it.o
                0x08001ee0                BusFault_Handler
 .text.UsageFault_Handler
                0x08001ee8        0x8 ./Core/Src/stm32f4xx_it.o
                0x08001ee8                UsageFault_Handler
 .text.SVC_Handler
                0x08001ef0        0xe ./Core/Src/stm32f4xx_it.o
                0x08001ef0                SVC_Handler
 .text.DebugMon_Handler
                0x08001efe        0xe ./Core/Src/stm32f4xx_it.o
                0x08001efe                DebugMon_Handler
 .text.PendSV_Handler
                0x08001f0c        0xe ./Core/Src/stm32f4xx_it.o
                0x08001f0c                PendSV_Handler
 .text.SysTick_Handler
                0x08001f1a        0xc ./Core/Src/stm32f4xx_it.o
                0x08001f1a                SysTick_Handler
 *fill*         0x08001f26        0x2 
 .text.SystemInit
                0x08001f28       0x24 ./Core/Src/system_stm32f4xx.o
                0x08001f28                SystemInit
 .text.Reset_Handler
                0x08001f4c       0x50 ./Core/Startup/startup_stm32f439zitx.o
                0x08001f4c                Reset_Handler
 .text.Default_Handler
                0x08001f9c        0x2 ./Core/Startup/startup_stm32f439zitx.o
                0x08001f9c                RTC_Alarm_IRQHandler
                0x08001f9c                HASH_RNG_IRQHandler
                0x08001f9c                EXTI2_IRQHandler
                0x08001f9c                TIM8_CC_IRQHandler
                0x08001f9c                UART8_IRQHandler
                0x08001f9c                SPI4_IRQHandler
                0x08001f9c                TIM1_CC_IRQHandler
                0x08001f9c                DMA2_Stream5_IRQHandler
                0x08001f9c                DMA1_Stream5_IRQHandler
                0x08001f9c                PVD_IRQHandler
                0x08001f9c                SDIO_IRQHandler
                0x08001f9c                TAMP_STAMP_IRQHandler
                0x08001f9c                CAN2_RX1_IRQHandler
                0x08001f9c                TIM8_TRG_COM_TIM14_IRQHandler
                0x08001f9c                TIM8_UP_TIM13_IRQHandler
                0x08001f9c                I2C3_ER_IRQHandler
                0x08001f9c                EXTI0_IRQHandler
                0x08001f9c                I2C2_EV_IRQHandler
                0x08001f9c                DMA1_Stream2_IRQHandler
                0x08001f9c                CAN1_RX0_IRQHandler
                0x08001f9c                FPU_IRQHandler
                0x08001f9c                OTG_HS_WKUP_IRQHandler
                0x08001f9c                LTDC_ER_IRQHandler
                0x08001f9c                CAN2_SCE_IRQHandler
                0x08001f9c                DMA2_Stream2_IRQHandler
                0x08001f9c                SPI1_IRQHandler
                0x08001f9c                TIM6_DAC_IRQHandler
                0x08001f9c                TIM1_BRK_TIM9_IRQHandler
                0x08001f9c                DCMI_IRQHandler
                0x08001f9c                CAN2_RX0_IRQHandler
                0x08001f9c                DMA2_Stream3_IRQHandler
                0x08001f9c                USART6_IRQHandler
                0x08001f9c                USART3_IRQHandler
                0x08001f9c                CRYP_IRQHandler
                0x08001f9c                CAN1_RX1_IRQHandler
                0x08001f9c                UART5_IRQHandler
                0x08001f9c                DMA2_Stream0_IRQHandler
                0x08001f9c                TIM4_IRQHandler
                0x08001f9c                I2C1_EV_IRQHandler
                0x08001f9c                DMA1_Stream6_IRQHandler
                0x08001f9c                DMA1_Stream1_IRQHandler
                0x08001f9c                UART4_IRQHandler
                0x08001f9c                TIM3_IRQHandler
                0x08001f9c                RCC_IRQHandler
                0x08001f9c                TIM8_BRK_TIM12_IRQHandler
                0x08001f9c                Default_Handler
                0x08001f9c                EXTI15_10_IRQHandler
                0x08001f9c                ADC_IRQHandler
                0x08001f9c                DMA1_Stream7_IRQHandler
                0x08001f9c                SPI5_IRQHandler
                0x08001f9c                TIM7_IRQHandler
                0x08001f9c                CAN2_TX_IRQHandler
                0x08001f9c                TIM5_IRQHandler
                0x08001f9c                DMA2_Stream7_IRQHandler
                0x08001f9c                I2C3_EV_IRQHandler
                0x08001f9c                RTC_WKUP_IRQHandler
                0x08001f9c                LTDC_IRQHandler
                0x08001f9c                ETH_WKUP_IRQHandler
                0x08001f9c                SPI2_IRQHandler
                0x08001f9c                OTG_HS_EP1_IN_IRQHandler
                0x08001f9c                DMA1_Stream0_IRQHandler
                0x08001f9c                CAN1_TX_IRQHandler
                0x08001f9c                EXTI4_IRQHandler
                0x08001f9c                ETH_IRQHandler
                0x08001f9c                OTG_HS_EP1_OUT_IRQHandler
                0x08001f9c                WWDG_IRQHandler
                0x08001f9c                SPI6_IRQHandler
                0x08001f9c                TIM2_IRQHandler
                0x08001f9c                OTG_FS_WKUP_IRQHandler
                0x08001f9c                TIM1_TRG_COM_TIM11_IRQHandler
                0x08001f9c                OTG_HS_IRQHandler
                0x08001f9c                DMA2D_IRQHandler
                0x08001f9c                UART7_IRQHandler
                0x08001f9c                USART2_IRQHandler
                0x08001f9c                I2C2_ER_IRQHandler
                0x08001f9c                DMA2_Stream1_IRQHandler
                0x08001f9c                CAN1_SCE_IRQHandler
                0x08001f9c                FLASH_IRQHandler
                0x08001f9c                DMA2_Stream4_IRQHandler
                0x08001f9c                USART1_IRQHandler
                0x08001f9c                OTG_FS_IRQHandler
                0x08001f9c                SPI3_IRQHandler
                0x08001f9c                DMA1_Stream4_IRQHandler
                0x08001f9c                I2C1_ER_IRQHandler
                0x08001f9c                FMC_IRQHandler
                0x08001f9c                DMA2_Stream6_IRQHandler
                0x08001f9c                SAI1_IRQHandler
                0x08001f9c                DMA1_Stream3_IRQHandler
 *fill*         0x08001f9e        0x2 
 .text.HAL_Init
                0x08001fa0       0x44 ./Drivers/STM32F4xx_HAL_Driver/Src/stm32f4xx_hal.o
                0x08001fa0                HAL_Init
 .text.HAL_InitTick
                0x08001fe4       0x60 ./Drivers/STM32F4xx_HAL_Driver/Src/stm32f4xx_hal.o
                0x08001fe4                HAL_InitTick
 .text.HAL_IncTick
                0x08002044       0x28 ./Drivers/STM32F4xx_HAL_Driver/Src/stm32f4xx_hal.o
                0x08002044                HAL_IncTick
 .text.HAL_GetTick
                0x0800206c       0x18 ./Drivers/STM32F4xx_HAL_Driver/Src/stm32f4xx_hal.o
                0x0800206c                HAL_GetTick
 .text.__NVIC_SetPriorityGrouping
                0x08002084       0x48 ./Drivers/STM32F4xx_HAL_Driver/Src/stm32f4xx_hal_cortex.o
 .text.__NVIC_GetPriorityGrouping
                0x080020cc       0x1c ./Drivers/STM32F4xx_HAL_Driver/Src/stm32f4xx_hal_cortex.o
 .text.__NVIC_SetPriority
                0x080020e8       0x54 ./Drivers/STM32F4xx_HAL_Driver/Src/stm32f4xx_hal_cortex.o
 .text.NVIC_EncodePriority
                0x0800213c       0x66 ./Drivers/STM32F4xx_HAL_Driver/Src/stm32f4xx_hal_cortex.o
 *fill*         0x080021a2        0x2 
 .text.SysTick_Config
                0x080021a4       0x44 ./Drivers/STM32F4xx_HAL_Driver/Src/stm32f4xx_hal_cortex.o
 .text.HAL_NVIC_SetPriorityGrouping
                0x080021e8       0x16 ./Drivers/STM32F4xx_HAL_Driver/Src/stm32f4xx_hal_cortex.o
                0x080021e8                HAL_NVIC_SetPriorityGrouping
 .text.HAL_NVIC_SetPriority
                0x080021fe       0x38 ./Drivers/STM32F4xx_HAL_Driver/Src/stm32f4xx_hal_cortex.o
                0x080021fe                HAL_NVIC_SetPriority
 .text.HAL_SYSTICK_Config
                0x08002236       0x18 ./Drivers/STM32F4xx_HAL_Driver/Src/stm32f4xx_hal_cortex.o
                0x08002236                HAL_SYSTICK_Config
 *fill*         0x0800224e        0x2 
 .text.HAL_PWREx_EnableOverDrive
                0x08002250       0xa0 ./Drivers/STM32F4xx_HAL_Driver/Src/stm32f4xx_hal_pwr_ex.o
                0x08002250                HAL_PWREx_EnableOverDrive
 .text.HAL_RCC_OscConfig
                0x080022f0      0x4f0 ./Drivers/STM32F4xx_HAL_Driver/Src/stm32f4xx_hal_rcc.o
                0x080022f0                HAL_RCC_OscConfig
 .text.HAL_RCC_ClockConfig
                0x080027e0      0x1cc ./Drivers/STM32F4xx_HAL_Driver/Src/stm32f4xx_hal_rcc.o
                0x080027e0                HAL_RCC_ClockConfig
 .text.HAL_RCC_GetSysClockFreq
                0x080029ac      0x18c ./Drivers/STM32F4xx_HAL_Driver/Src/stm32f4xx_hal_rcc.o
                0x080029ac                HAL_RCC_GetSysClockFreq
 .text.memset   0x08002b38       0x10 C:/ST/STM32CubeIDE_1.18.0/STM32CubeIDE/plugins/com.st.stm32cube.ide.mcu.externaltools.gnu-tools-for-stm32.13.3.rel1.win32_1.0.0.202411081344/tools/bin/../lib/gcc/arm-none-eabi/13.3.1/../../../../arm-none-eabi/lib/thumb/v7e-m+fp/hard\libc_nano.a(libc_a-memset.o)
                0x08002b38                memset
 .text.__libc_init_array
                0x08002b48       0x48 C:/ST/STM32CubeIDE_1.18.0/STM32CubeIDE/plugins/com.st.stm32cube.ide.mcu.externaltools.gnu-tools-for-stm32.13.3.rel1.win32_1.0.0.202411081344/tools/bin/../lib/gcc/arm-none-eabi/13.3.1/../../../../arm-none-eabi/lib/thumb/v7e-m+fp/hard\libc_nano.a(libc_a-init.o)
                0x08002b48                __libc_init_array
 *(.glue_7)
 .glue_7        0x08002b90        0x0 linker stubs
 *(.glue_7t)
 .glue_7t       0x08002b90        0x0 linker stubs
 *(.eh_frame)
 .eh_frame      0x08002b90        0x0 C:/ST/STM32CubeIDE_1.18.0/STM32CubeIDE/plugins/com.st.stm32cube.ide.mcu.externaltools.gnu-tools-for-stm32.13.3.rel1.win32_1.0.0.202411081344/tools/bin/../lib/gcc/arm-none-eabi/13.3.1/thumb/v7e-m+fp/hard/crtbegin.o
 *(.init)
 .init          0x08002b90        0x4 C:/ST/STM32CubeIDE_1.18.0/STM32CubeIDE/plugins/com.st.stm32cube.ide.mcu.externaltools.gnu-tools-for-stm32.13.3.rel1.win32_1.0.0.202411081344/tools/bin/../lib/gcc/arm-none-eabi/13.3.1/thumb/v7e-m+fp/hard/crti.o
                0x08002b90                _init
 .init          0x08002b94        0x8 C:/ST/STM32CubeIDE_1.18.0/STM32CubeIDE/plugins/com.st.stm32cube.ide.mcu.externaltools.gnu-tools-for-stm32.13.3.rel1.win32_1.0.0.202411081344/tools/bin/../lib/gcc/arm-none-eabi/13.3.1/thumb/v7e-m+fp/hard/crtn.o
 *(.fini)
 .fini          0x08002b9c        0x4 C:/ST/STM32CubeIDE_1.18.0/STM32CubeIDE/plugins/com.st.stm32cube.ide.mcu.externaltools.gnu-tools-for-stm32.13.3.rel1.win32_1.0.0.202411081344/tools/bin/../lib/gcc/arm-none-eabi/13.3.1/thumb/v7e-m+fp/hard/crti.o
                0x08002b9c                _fini
 .fini          0x08002ba0        0x8 C:/ST/STM32CubeIDE_1.18.0/STM32CubeIDE/plugins/com.st.stm32cube.ide.mcu.externaltools.gnu-tools-for-stm32.13.3.rel1.win32_1.0.0.202411081344/tools/bin/../lib/gcc/arm-none-eabi/13.3.1/thumb/v7e-m+fp/hard/crtn.o
                0x08002ba8                        . = ALIGN (0x4)
                0x08002ba8                        _etext = .

.vfp11_veneer   0x08002ba8        0x0
 .vfp11_veneer  0x08002ba8        0x0 linker stubs

.v4_bx          0x08002ba8        0x0
 .v4_bx         0x08002ba8        0x0 linker stubs

.iplt           0x08002ba8        0x0
 .iplt          0x08002ba8        0x0 C:/ST/STM32CubeIDE_1.18.0/STM32CubeIDE/plugins/com.st.stm32cube.ide.mcu.externaltools.gnu-tools-for-stm32.13.3.rel1.win32_1.0.0.202411081344/tools/bin/../lib/gcc/arm-none-eabi/13.3.1/thumb/v7e-m+fp/hard/crtbegin.o

.rodata         0x08002ba8       0x1c
                0x08002ba8                        . = ALIGN (0x4)
 *(.rodata)
 .rodata        0x08002ba8        0x9 ./Core/Src/main.o
 *(.rodata*)
 *fill*         0x08002bb1        0x3 
 .rodata.AHBPrescTable
                0x08002bb4       0x10 ./Core/Src/system_stm32f4xx.o
                0x08002bb4                AHBPrescTable
                0x08002bc4                        . = ALIGN (0x4)

.ARM.extab      0x08002bc4        0x0
                0x08002bc4                        . = ALIGN (0x4)
 *(.ARM.extab* .gnu.linkonce.armextab.*)
                0x08002bc4                        . = ALIGN (0x4)

.ARM            0x08002bc4        0x8
                0x08002bc4                        . = ALIGN (0x4)
                0x08002bc4                        __exidx_start = .
 *(.ARM.exidx*)
 .ARM.exidx     0x08002bc4        0x8 C:/ST/STM32CubeIDE_1.18.0/STM32CubeIDE/plugins/com.st.stm32cube.ide.mcu.externaltools.gnu-tools-for-stm32.13.3.rel1.win32_1.0.0.202411081344/tools/bin/../lib/gcc/arm-none-eabi/13.3.1/thumb/v7e-m+fp/hard\libgcc.a(_udivmoddi4.o)
                0x08002bcc                        __exidx_end = .
                0x08002bcc                        . = ALIGN (0x4)

.preinit_array  0x08002bcc        0x0
                0x08002bcc                        . = ALIGN (0x4)
                0x08002bcc                        PROVIDE (__preinit_array_start = .)
 *(.preinit_array*)
                0x08002bcc                        PROVIDE (__preinit_array_end = .)
                0x08002bcc                        . = ALIGN (0x4)

.init_array     0x08002bcc        0x4
                0x08002bcc                        . = ALIGN (0x4)
                0x08002bcc                        PROVIDE (__init_array_start = .)
 *(SORT_BY_NAME(.init_array.*))
 *(.init_array*)
 .init_array    0x08002bcc        0x4 C:/ST/STM32CubeIDE_1.18.0/STM32CubeIDE/plugins/com.st.stm32cube.ide.mcu.externaltools.gnu-tools-for-stm32.13.3.rel1.win32_1.0.0.202411081344/tools/bin/../lib/gcc/arm-none-eabi/13.3.1/thumb/v7e-m+fp/hard/crtbegin.o
                0x08002bd0                        PROVIDE (__init_array_end = .)
                0x08002bd0                        . = ALIGN (0x4)

.fini_array     0x08002bd0        0x4
                0x08002bd0                        . = ALIGN (0x4)
                [!provide]                        PROVIDE (__fini_array_start = .)
 *(SORT_BY_NAME(.fini_array.*))
 *(.fini_array*)
 .fini_array    0x08002bd0        0x4 C:/ST/STM32CubeIDE_1.18.0/STM32CubeIDE/plugins/com.st.stm32cube.ide.mcu.externaltools.gnu-tools-for-stm32.13.3.rel1.win32_1.0.0.202411081344/tools/bin/../lib/gcc/arm-none-eabi/13.3.1/thumb/v7e-m+fp/hard/crtbegin.o
                [!provide]                        PROVIDE (__fini_array_end = .)
                0x08002bd4                        . = ALIGN (0x4)
                0x08002bd4                        _sidata = LOADADDR (.data)

.rel.dyn        0x08002bd4        0x0
 .rel.iplt      0x08002bd4        0x0 C:/ST/STM32CubeIDE_1.18.0/STM32CubeIDE/plugins/com.st.stm32cube.ide.mcu.externaltools.gnu-tools-for-stm32.13.3.rel1.win32_1.0.0.202411081344/tools/bin/../lib/gcc/arm-none-eabi/13.3.1/thumb/v7e-m+fp/hard/crtbegin.o

.data           0x20000000        0xc load address 0x08002bd4
                0x20000000                        . = ALIGN (0x4)
                0x20000000                        _sdata = .
 *(.data)
 *(.data*)
 .data.SystemCoreClock
                0x20000000        0x4 ./Core/Src/system_stm32f4xx.o
                0x20000000                SystemCoreClock
 .data.uwTickPrio
                0x20000004        0x4 ./Drivers/STM32F4xx_HAL_Driver/Src/stm32f4xx_hal.o
                0x20000004                uwTickPrio
 .data.uwTickFreq
                0x20000008        0x1 ./Drivers/STM32F4xx_HAL_Driver/Src/stm32f4xx_hal.o
                0x20000008                uwTickFreq
 *(.RamFunc)
 *(.RamFunc*)
                0x2000000c                        . = ALIGN (0x4)
 *fill*         0x20000009        0x3 
                0x2000000c                        _edata = .
                0x08002be0                        _siccmram = LOADADDR (.ccmram)

.igot.plt       0x2000000c        0x0 load address 0x08002be0
 .igot.plt      0x2000000c        0x0 C:/ST/STM32CubeIDE_1.18.0/STM32CubeIDE/plugins/com.st.stm32cube.ide.mcu.externaltools.gnu-tools-for-stm32.13.3.rel1.win32_1.0.0.202411081344/tools/bin/../lib/gcc/arm-none-eabi/13.3.1/thumb/v7e-m+fp/hard/crtbegin.o

.ccmram         0x10000000        0x0 load address 0x08002be0
                0x10000000                        . = ALIGN (0x4)
                0x10000000                        _sccmram = .
 *(.ccmram)
 *(.ccmram*)
                0x10000000                        . = ALIGN (0x4)
                0x10000000                        _eccmram = .
                0x10000000                        . = ALIGN (0x4)

.bss            0x2000000c      0x4a8
                0x2000000c                        _sbss = .
                0x2000000c                        __bss_start__ = _sbss
 *(.bss)
 .bss           0x2000000c       0x1c C:/ST/STM32CubeIDE_1.18.0/STM32CubeIDE/plugins/com.st.stm32cube.ide.mcu.externaltools.gnu-tools-for-stm32.13.3.rel1.win32_1.0.0.202411081344/tools/bin/../lib/gcc/arm-none-eabi/13.3.1/thumb/v7e-m+fp/hard/crtbegin.o
 *(.bss*)
 .bss.state     0x20000028        0x1 ./Core/Src/main.o
                0x20000028                state
 .bss.hardware_timer_count
                0x20000029        0x1 ./Core/Src/main.o
                0x20000029                hardware_timer_count
 .bss.dump_flag
                0x2000002a        0x1 ./Core/Src/main.o
                0x2000002a                dump_flag
 .bss.TX_Packet_Flag
                0x2000002b        0x1 ./Core/Src/main.o
                0x2000002b                TX_Packet_Flag
 .bss.triggerRX
                0x2000002c        0x1 ./Core/Src/main.o
                0x2000002c                triggerRX
 .bss.lora_spam_transmit_state
                0x2000002d        0x1 ./Core/Src/main.o
                0x2000002d                lora_spam_transmit_state
 *fill*         0x2000002e        0x2 
 .bss.lora      0x20000030       0x38 ./Core/Src/main.o
 .bss.LoadCells
                0x20000068       0x58 ./Core/Src/main.o
 .bss.Transducers
                0x200000c0       0x58 ./Core/Src/main.o
 .bss.LoRa_Rx_int
                0x20000118       0x18 ./Core/Src/main.o
 .bss.CH1_OP    0x20000130       0x18 ./Core/Src/main.o
 .bss.CH1_ARM   0x20000148       0x18 ./Core/Src/main.o
 .bss.CH1_MON   0x20000160       0x18 ./Core/Src/main.o
 .bss.CH2_OP    0x20000178       0x18 ./Core/Src/main.o
 .bss.CH2_ARM   0x20000190       0x18 ./Core/Src/main.o
 .bss.CH2_MON   0x200001a8       0x18 ./Core/Src/main.o
 .bss.CH3_OP    0x200001c0       0x18 ./Core/Src/main.o
 .bss.CH3_ARM   0x200001d8       0x18 ./Core/Src/main.o
 .bss.CH3_MON   0x200001f0       0x18 ./Core/Src/main.o
 .bss.CH4_OP    0x20000208       0x18 ./Core/Src/main.o
 .bss.CH4_ARM   0x20000220       0x18 ./Core/Src/main.o
 .bss.CH4_MON   0x20000238       0x18 ./Core/Src/main.o
 .bss.Ignition1_ARM
                0x20000250       0x18 ./Core/Src/main.o
 .bss.Ignition1_OP
                0x20000268       0x18 ./Core/Src/main.o
 .bss.Ignition2_ARM
                0x20000280       0x18 ./Core/Src/main.o
 .bss.Ignition2_OP
                0x20000298       0x18 ./Core/Src/main.o
 .bss.led_power
                0x200002b0       0x18 ./Core/Src/main.o
 .bss.led_local
                0x200002c8       0x18 ./Core/Src/main.o
 .bss.led_remote
                0x200002e0       0x18 ./Core/Src/main.o
 .bss.led_transducer
                0x200002f8       0x18 ./Core/Src/main.o
 .bss.led_n2o   0x20000310       0x18 ./Core/Src/main.o
 .bss.led_o2    0x20000328       0x18 ./Core/Src/main.o
 .bss.LED_1     0x20000340       0x18 ./Core/Src/main.o
 .bss.LED_2     0x20000358       0x18 ./Core/Src/main.o
 .bss.LED_3     0x20000370       0x18 ./Core/Src/main.o
 .bss.LED_4     0x20000388       0x18 ./Core/Src/main.o
 .bss.LED_5     0x200003a0       0x18 ./Core/Src/main.o
 .bss.LED_6     0x200003b8       0x18 ./Core/Src/main.o
 .bss.activate_SW
                0x200003d0       0x18 ./Core/Src/main.o
 .bss.local_control_SW
                0x200003e8       0x18 ./Core/Src/main.o
 .bss.N2O_SW    0x20000400       0x18 ./Core/Src/main.o
 .bss.O2_IS_SW  0x20000418       0x18 ./Core/Src/main.o
 .bss.IGNITION_IS_SW
                0x20000430       0x18 ./Core/Src/main.o
 .bss.N2O_DEAD_SW
                0x20000448       0x18 ./Core/Src/main.o
 .bss.O2_DEAD_SW
                0x20000460       0x18 ./Core/Src/main.o
 .bss.IGNITE_DEAD_SW
                0x20000478       0x18 ./Core/Src/main.o
 .bss.packet0.0
                0x20000490       0x20 ./Core/Src/main.o
 .bss.uwTick    0x200004b0        0x4 ./Drivers/STM32F4xx_HAL_Driver/Src/stm32f4xx_hal.o
                0x200004b0                uwTick
 *(COMMON)
                0x200004b4                        . = ALIGN (0x4)
                0x200004b4                        _ebss = .
                0x200004b4                        __bss_end__ = _ebss

._user_heap_stack
                0x200004b4      0x604
                0x200004b8                        . = ALIGN (0x8)
 *fill*         0x200004b4        0x4 
                [!provide]                        PROVIDE (end = .)
                0x200004b8                        PROVIDE (_end = .)
                0x200006b8                        . = (. + _Min_Heap_Size)
 *fill*         0x200004b8      0x200 
                0x20000ab8                        . = (. + _Min_Stack_Size)
 *fill*         0x200006b8      0x400 
                0x20000ab8                        . = ALIGN (0x8)

/DISCARD/
 libc.a(*)
 libm.a(*)
 libgcc.a(*)

.ARM.attributes
                0x00000000       0x30
 *(.ARM.attributes)
 .ARM.attributes
                0x00000000       0x22 C:/ST/STM32CubeIDE_1.18.0/STM32CubeIDE/plugins/com.st.stm32cube.ide.mcu.externaltools.gnu-tools-for-stm32.13.3.rel1.win32_1.0.0.202411081344/tools/bin/../lib/gcc/arm-none-eabi/13.3.1/thumb/v7e-m+fp/hard/crti.o
 .ARM.attributes
                0x00000022       0x34 C:/ST/STM32CubeIDE_1.18.0/STM32CubeIDE/plugins/com.st.stm32cube.ide.mcu.externaltools.gnu-tools-for-stm32.13.3.rel1.win32_1.0.0.202411081344/tools/bin/../lib/gcc/arm-none-eabi/13.3.1/thumb/v7e-m+fp/hard/crtbegin.o
 .ARM.attributes
                0x00000056       0x34 ./Core/Src/driver.o
 .ARM.attributes
                0x0000008a       0x34 ./Core/Src/gpio.o
 .ARM.attributes
                0x000000be       0x34 ./Core/Src/lora.o
 .ARM.attributes
                0x000000f2       0x34 ./Core/Src/main.o
 .ARM.attributes
                0x00000126       0x34 ./Core/Src/sensor.o
 .ARM.attributes
                0x0000015a       0x34 ./Core/Src/spi.o
 .ARM.attributes
                0x0000018e       0x34 ./Core/Src/stm32f4xx_hal_msp.o
 .ARM.attributes
                0x000001c2       0x34 ./Core/Src/stm32f4xx_it.o
 .ARM.attributes
                0x000001f6       0x34 ./Core/Src/system_stm32f4xx.o
 .ARM.attributes
                0x0000022a       0x21 ./Core/Startup/startup_stm32f439zitx.o
 .ARM.attributes
                0x0000024b       0x34 ./Drivers/STM32F4xx_HAL_Driver/Src/stm32f4xx_hal.o
 .ARM.attributes
                0x0000027f       0x34 ./Drivers/STM32F4xx_HAL_Driver/Src/stm32f4xx_hal_cortex.o
 .ARM.attributes
                0x000002b3       0x34 ./Drivers/STM32F4xx_HAL_Driver/Src/stm32f4xx_hal_pwr_ex.o
 .ARM.attributes
                0x000002e7       0x34 ./Drivers/STM32F4xx_HAL_Driver/Src/stm32f4xx_hal_rcc.o
 .ARM.attributes
                0x0000031b       0x34 C:/ST/STM32CubeIDE_1.18.0/STM32CubeIDE/plugins/com.st.stm32cube.ide.mcu.externaltools.gnu-tools-for-stm32.13.3.rel1.win32_1.0.0.202411081344/tools/bin/../lib/gcc/arm-none-eabi/13.3.1/../../../../arm-none-eabi/lib/thumb/v7e-m+fp/hard\libc_nano.a(libc_a-memset.o)
 .ARM.attributes
                0x0000034f       0x34 C:/ST/STM32CubeIDE_1.18.0/STM32CubeIDE/plugins/com.st.stm32cube.ide.mcu.externaltools.gnu-tools-for-stm32.13.3.rel1.win32_1.0.0.202411081344/tools/bin/../lib/gcc/arm-none-eabi/13.3.1/../../../../arm-none-eabi/lib/thumb/v7e-m+fp/hard\libc_nano.a(libc_a-init.o)
 .ARM.attributes
                0x00000383       0x22 C:/ST/STM32CubeIDE_1.18.0/STM32CubeIDE/plugins/com.st.stm32cube.ide.mcu.externaltools.gnu-tools-for-stm32.13.3.rel1.win32_1.0.0.202411081344/tools/bin/../lib/gcc/arm-none-eabi/13.3.1/thumb/v7e-m+fp/hard\libgcc.a(_aeabi_uldivmod.o)
 .ARM.attributes
                0x000003a5       0x34 C:/ST/STM32CubeIDE_1.18.0/STM32CubeIDE/plugins/com.st.stm32cube.ide.mcu.externaltools.gnu-tools-for-stm32.13.3.rel1.win32_1.0.0.202411081344/tools/bin/../lib/gcc/arm-none-eabi/13.3.1/thumb/v7e-m+fp/hard\libgcc.a(_udivmoddi4.o)
 .ARM.attributes
                0x000003d9       0x22 C:/ST/STM32CubeIDE_1.18.0/STM32CubeIDE/plugins/com.st.stm32cube.ide.mcu.externaltools.gnu-tools-for-stm32.13.3.rel1.win32_1.0.0.202411081344/tools/bin/../lib/gcc/arm-none-eabi/13.3.1/thumb/v7e-m+fp/hard\libgcc.a(_dvmd_tls.o)
 .ARM.attributes
                0x000003fb       0x22 C:/ST/STM32CubeIDE_1.18.0/STM32CubeIDE/plugins/com.st.stm32cube.ide.mcu.externaltools.gnu-tools-for-stm32.13.3.rel1.win32_1.0.0.202411081344/tools/bin/../lib/gcc/arm-none-eabi/13.3.1/thumb/v7e-m+fp/hard/crtn.o
OUTPUT(GSE_2.elf elf32-littlearm)
LOAD linker stubs
LOAD C:/ST/STM32CubeIDE_1.18.0/STM32CubeIDE/plugins/com.st.stm32cube.ide.mcu.externaltools.gnu-tools-for-stm32.13.3.rel1.win32_1.0.0.202411081344/tools/bin/../lib/gcc/arm-none-eabi/13.3.1/../../../../arm-none-eabi/lib/thumb/v7e-m+fp/hard\libc.a
LOAD C:/ST/STM32CubeIDE_1.18.0/STM32CubeIDE/plugins/com.st.stm32cube.ide.mcu.externaltools.gnu-tools-for-stm32.13.3.rel1.win32_1.0.0.202411081344/tools/bin/../lib/gcc/arm-none-eabi/13.3.1/../../../../arm-none-eabi/lib/thumb/v7e-m+fp/hard\libm.a
LOAD C:/ST/STM32CubeIDE_1.18.0/STM32CubeIDE/plugins/com.st.stm32cube.ide.mcu.externaltools.gnu-tools-for-stm32.13.3.rel1.win32_1.0.0.202411081344/tools/bin/../lib/gcc/arm-none-eabi/13.3.1/thumb/v7e-m+fp/hard\libgcc.a

.debug_info     0x00000000     0x9d00
 .debug_info    0x00000000      0xc08 ./Core/Src/driver.o
 .debug_info    0x00000c08      0x82d ./Core/Src/gpio.o
 .debug_info    0x00001435     0x13ab ./Core/Src/lora.o
 .debug_info    0x000027e0     0x23db ./Core/Src/main.o
 .debug_info    0x00004bbb      0xf08 ./Core/Src/sensor.o
 .debug_info    0x00005ac3      0x462 ./Core/Src/spi.o
 .debug_info    0x00005f25     0x1049 ./Core/Src/stm32f4xx_hal_msp.o
 .debug_info    0x00006f6e      0x127 ./Core/Src/stm32f4xx_it.o
 .debug_info    0x00007095      0x52e ./Core/Src/system_stm32f4xx.o
 .debug_info    0x000075c3       0x30 ./Core/Startup/startup_stm32f439zitx.o
 .debug_info    0x000075f3      0x9c0 ./Drivers/STM32F4xx_HAL_Driver/Src/stm32f4xx_hal.o
 .debug_info    0x00007fb3      0xdc8 ./Drivers/STM32F4xx_HAL_Driver/Src/stm32f4xx_hal_cortex.o
 .debug_info    0x00008d7b      0x6be ./Drivers/STM32F4xx_HAL_Driver/Src/stm32f4xx_hal_pwr_ex.o
 .debug_info    0x00009439      0x8c7 ./Drivers/STM32F4xx_HAL_Driver/Src/stm32f4xx_hal_rcc.o

.debug_abbrev   0x00000000     0x1c31
 .debug_abbrev  0x00000000      0x172 ./Core/Src/driver.o
 .debug_abbrev  0x00000172      0x21d ./Core/Src/gpio.o
 .debug_abbrev  0x0000038f      0x381 ./Core/Src/lora.o
 .debug_abbrev  0x00000710      0x395 ./Core/Src/main.o
 .debug_abbrev  0x00000aa5      0x29d ./Core/Src/sensor.o
 .debug_abbrev  0x00000d42      0x1aa ./Core/Src/spi.o
 .debug_abbrev  0x00000eec      0x1dd ./Core/Src/stm32f4xx_hal_msp.o
 .debug_abbrev  0x000010c9       0x73 ./Core/Src/stm32f4xx_it.o
 .debug_abbrev  0x0000113c      0x11a ./Core/Src/system_stm32f4xx.o
 .debug_abbrev  0x00001256       0x24 ./Core/Startup/startup_stm32f439zitx.o
 .debug_abbrev  0x0000127a      0x214 ./Drivers/STM32F4xx_HAL_Driver/Src/stm32f4xx_hal.o
 .debug_abbrev  0x0000148e      0x31d ./Drivers/STM32F4xx_HAL_Driver/Src/stm32f4xx_hal_cortex.o
 .debug_abbrev  0x000017ab      0x1cf ./Drivers/STM32F4xx_HAL_Driver/Src/stm32f4xx_hal_pwr_ex.o
 .debug_abbrev  0x0000197a      0x2b7 ./Drivers/STM32F4xx_HAL_Driver/Src/stm32f4xx_hal_rcc.o

.debug_aranges  0x00000000      0x6b0
 .debug_aranges
                0x00000000       0x68 ./Core/Src/driver.o
 .debug_aranges
                0x00000068       0x40 ./Core/Src/gpio.o
 .debug_aranges
                0x000000a8       0xa8 ./Core/Src/lora.o
 .debug_aranges
                0x00000150       0x78 ./Core/Src/main.o
 .debug_aranges
                0x000001c8       0x88 ./Core/Src/sensor.o
 .debug_aranges
                0x00000250       0x48 ./Core/Src/spi.o
 .debug_aranges
                0x00000298       0x50 ./Core/Src/stm32f4xx_hal_msp.o
 .debug_aranges
                0x000002e8       0x60 ./Core/Src/stm32f4xx_it.o
 .debug_aranges
                0x00000348       0x28 ./Core/Src/system_stm32f4xx.o
 .debug_aranges
                0x00000370       0x28 ./Core/Startup/startup_stm32f439zitx.o
 .debug_aranges
                0x00000398      0x100 ./Drivers/STM32F4xx_HAL_Driver/Src/stm32f4xx_hal.o
 .debug_aranges
                0x00000498      0x130 ./Drivers/STM32F4xx_HAL_Driver/Src/stm32f4xx_hal_cortex.o
 .debug_aranges
                0x000005c8       0x60 ./Drivers/STM32F4xx_HAL_Driver/Src/stm32f4xx_hal_pwr_ex.o
 .debug_aranges
                0x00000628       0x88 ./Drivers/STM32F4xx_HAL_Driver/Src/stm32f4xx_hal_rcc.o

.debug_rnglists
                0x00000000      0x4e4
 .debug_rnglists
                0x00000000       0x4e ./Core/Src/driver.o
 .debug_rnglists
                0x0000004e       0x2d ./Core/Src/gpio.o
 .debug_rnglists
                0x0000007b       0x7e ./Core/Src/lora.o
 .debug_rnglists
                0x000000f9       0x5b ./Core/Src/main.o
 .debug_rnglists
                0x00000154       0x68 ./Core/Src/sensor.o
 .debug_rnglists
                0x000001bc       0x31 ./Core/Src/spi.o
 .debug_rnglists
                0x000001ed       0x39 ./Core/Src/stm32f4xx_hal_msp.o
 .debug_rnglists
                0x00000226       0x43 ./Core/Src/stm32f4xx_it.o
 .debug_rnglists
                0x00000269       0x1a ./Core/Src/system_stm32f4xx.o
 .debug_rnglists
                0x00000283       0x19 ./Core/Startup/startup_stm32f439zitx.o
 .debug_rnglists
                0x0000029c       0xbb ./Drivers/STM32F4xx_HAL_Driver/Src/stm32f4xx_hal.o
 .debug_rnglists
                0x00000357       0xe0 ./Drivers/STM32F4xx_HAL_Driver/Src/stm32f4xx_hal_cortex.o
 .debug_rnglists
                0x00000437       0x47 ./Drivers/STM32F4xx_HAL_Driver/Src/stm32f4xx_hal_pwr_ex.o
 .debug_rnglists
                0x0000047e       0x66 ./Drivers/STM32F4xx_HAL_Driver/Src/stm32f4xx_hal_rcc.o

.debug_macro    0x00000000     0x2bc8
 .debug_macro   0x00000000      0x1fb ./Core/Src/driver.o
 .debug_macro   0x000001fb      0x200 ./Core/Src/gpio.o
 .debug_macro   0x000003fb       0x52 ./Core/Src/gpio.o
 .debug_macro   0x0000044d      0x301 ./Core/Src/lora.o
 .debug_macro   0x0000074e       0x16 ./Core/Src/lora.o
 .debug_macro   0x00000764      0x154 ./Core/Src/lora.o
 .debug_macro   0x000008b8       0x61 ./Core/Src/lora.o
 .debug_macro   0x00000919       0x2a ./Core/Src/lora.o
 .debug_macro   0x00000943       0x43 ./Core/Src/lora.o
 .debug_macro   0x00000986       0x34 ./Core/Src/lora.o
 .debug_macro   0x000009ba      0x370 ./Core/Src/lora.o
 .debug_macro   0x00000d2a       0x16 ./Core/Src/lora.o
 .debug_macro   0x00000d40       0x4a ./Core/Src/lora.o
 .debug_macro   0x00000d8a       0x34 ./Core/Src/lora.o
 .debug_macro   0x00000dbe       0x10 ./Core/Src/lora.o
 .debug_macro   0x00000dce       0x58 ./Core/Src/lora.o
 .debug_macro   0x00000e26       0x8e ./Core/Src/lora.o
 .debug_macro   0x00000eb4       0x1c ./Core/Src/lora.o
 .debug_macro   0x00000ed0      0x185 ./Core/Src/lora.o
 .debug_macro   0x00001055       0x10 ./Core/Src/lora.o
 .debug_macro   0x00001065       0x3c ./Core/Src/lora.o
 .debug_macro   0x000010a1       0x20 ./Core/Src/lora.o
 .debug_macro   0x000010c1       0x22 ./Core/Src/lora.o
 .debug_macro   0x000010e3      0x118 ./Core/Src/lora.o
 .debug_macro   0x000011fb      0x328 ./Core/Src/main.o
 .debug_macro   0x00001523       0x40 ./Core/Src/main.o
 .debug_macro   0x00001563      0x1a8 ./Core/Src/main.o
 .debug_macro   0x0000170b      0x217 ./Core/Src/sensor.o
 .debug_macro   0x00001922      0x1fb ./Core/Src/spi.o
 .debug_macro   0x00001b1d      0x328 ./Core/Src/stm32f4xx_hal_msp.o
 .debug_macro   0x00001e45      0x332 ./Core/Src/stm32f4xx_it.o
 .debug_macro   0x00002177      0x1f1 ./Core/Src/system_stm32f4xx.o
 .debug_macro   0x00002368      0x251 ./Drivers/STM32F4xx_HAL_Driver/Src/stm32f4xx_hal.o
 .debug_macro   0x000025b9      0x1f1 ./Drivers/STM32F4xx_HAL_Driver/Src/stm32f4xx_hal_cortex.o
 .debug_macro   0x000027aa      0x209 ./Drivers/STM32F4xx_HAL_Driver/Src/stm32f4xx_hal_pwr_ex.o
 .debug_macro   0x000029b3      0x215 ./Drivers/STM32F4xx_HAL_Driver/Src/stm32f4xx_hal_rcc.o

.debug_line     0x00000000     0xab08
 .debug_line    0x00000000      0xb80 ./Core/Src/driver.o
 .debug_line    0x00000b80     0x22e1 ./Core/Src/gpio.o
 .debug_line    0x00002e61      0xce2 ./Core/Src/lora.o
 .debug_line    0x00003b43      0xe79 ./Core/Src/main.o
 .debug_line    0x000049bc      0xc14 ./Core/Src/sensor.o
 .debug_line    0x000055d0      0x8c4 ./Core/Src/spi.o
 .debug_line    0x00005e94      0xa02 ./Core/Src/stm32f4xx_hal_msp.o
 .debug_line    0x00006896      0x9dd ./Core/Src/stm32f4xx_it.o
 .debug_line    0x00007273      0x7fb ./Core/Src/system_stm32f4xx.o
 .debug_line    0x00007a6e       0x7a ./Core/Startup/startup_stm32f439zitx.o
 .debug_line    0x00007ae8      0xa9e ./Drivers/STM32F4xx_HAL_Driver/Src/stm32f4xx_hal.o
 .debug_line    0x00008586      0xd38 ./Drivers/STM32F4xx_HAL_Driver/Src/stm32f4xx_hal_cortex.o
 .debug_line    0x000092be      0x9d5 ./Drivers/STM32F4xx_HAL_Driver/Src/stm32f4xx_hal_pwr_ex.o
 .debug_line    0x00009c93      0xe75 ./Drivers/STM32F4xx_HAL_Driver/Src/stm32f4xx_hal_rcc.o

.debug_str      0x00000000    0xdd44a
 .debug_str     0x00000000    0xdd44a ./Core/Src/driver.o
                              0xd6aca (size before relaxing)
 .debug_str     0x000dd44a    0xd6a41 ./Core/Src/gpio.o
 .debug_str     0x000dd44a    0xda5a7 ./Core/Src/lora.o
 .debug_str     0x000dd44a    0xdc00b ./Core/Src/main.o
 .debug_str     0x000dd44a    0xd6bcd ./Core/Src/sensor.o
 .debug_str     0x000dd44a    0xd6369 ./Core/Src/spi.o
 .debug_str     0x000dd44a    0xdb2fa ./Core/Src/stm32f4xx_hal_msp.o
 .debug_str     0x000dd44a    0xda7ca ./Core/Src/stm32f4xx_it.o
 .debug_str     0x000dd44a    0xd63f8 ./Core/Src/system_stm32f4xx.o
 .debug_str     0x000dd44a       0x92 ./Core/Startup/startup_stm32f439zitx.o
 .debug_str     0x000dd44a    0xd7025 ./Drivers/STM32F4xx_HAL_Driver/Src/stm32f4xx_hal.o
 .debug_str     0x000dd44a    0xd6d53 ./Drivers/STM32F4xx_HAL_Driver/Src/stm32f4xx_hal_cortex.o
 .debug_str     0x000dd44a    0xd65d0 ./Drivers/STM32F4xx_HAL_Driver/Src/stm32f4xx_hal_pwr_ex.o
 .debug_str     0x000dd44a    0xd682c ./Drivers/STM32F4xx_HAL_Driver/Src/stm32f4xx_hal_rcc.o

.comment        0x00000000       0x43
 .comment       0x00000000       0x43 ./Core/Src/driver.o
                                 0x44 (size before relaxing)
 .comment       0x00000043       0x44 ./Core/Src/gpio.o
 .comment       0x00000043       0x44 ./Core/Src/lora.o
 .comment       0x00000043       0x44 ./Core/Src/main.o
 .comment       0x00000043       0x44 ./Core/Src/sensor.o
 .comment       0x00000043       0x44 ./Core/Src/spi.o
 .comment       0x00000043       0x44 ./Core/Src/stm32f4xx_hal_msp.o
 .comment       0x00000043       0x44 ./Core/Src/stm32f4xx_it.o
 .comment       0x00000043       0x44 ./Core/Src/system_stm32f4xx.o
 .comment       0x00000043       0x44 ./Drivers/STM32F4xx_HAL_Driver/Src/stm32f4xx_hal.o
 .comment       0x00000043       0x44 ./Drivers/STM32F4xx_HAL_Driver/Src/stm32f4xx_hal_cortex.o
 .comment       0x00000043       0x44 ./Drivers/STM32F4xx_HAL_Driver/Src/stm32f4xx_hal_pwr_ex.o
 .comment       0x00000043       0x44 ./Drivers/STM32F4xx_HAL_Driver/Src/stm32f4xx_hal_rcc.o

.debug_frame    0x00000000     0x18f0
 .debug_frame   0x00000000      0x15c ./Core/Src/driver.o
 .debug_frame   0x0000015c       0xd8 ./Core/Src/gpio.o
 .debug_frame   0x00000234      0x2e0 ./Core/Src/lora.o
 .debug_frame   0x00000514      0x1a4 ./Core/Src/main.o
 .debug_frame   0x000006b8      0x220 ./Core/Src/sensor.o
 .debug_frame   0x000008d8       0xfc ./Core/Src/spi.o
 .debug_frame   0x000009d4      0x118 ./Core/Src/stm32f4xx_hal_msp.o
 .debug_frame   0x00000aec      0x104 ./Core/Src/stm32f4xx_it.o
 .debug_frame   0x00000bf0       0x58 ./Core/Src/system_stm32f4xx.o
 .debug_frame   0x00000c48      0x3b4 ./Drivers/STM32F4xx_HAL_Driver/Src/stm32f4xx_hal.o
 .debug_frame   0x00000ffc      0x508 ./Drivers/STM32F4xx_HAL_Driver/Src/stm32f4xx_hal_cortex.o
 .debug_frame   0x00001504      0x14c ./Drivers/STM32F4xx_HAL_Driver/Src/stm32f4xx_hal_pwr_ex.o
 .debug_frame   0x00001650      0x1f4 ./Drivers/STM32F4xx_HAL_Driver/Src/stm32f4xx_hal_rcc.o
 .debug_frame   0x00001844       0x20 C:/ST/STM32CubeIDE_1.18.0/STM32CubeIDE/plugins/com.st.stm32cube.ide.mcu.externaltools.gnu-tools-for-stm32.13.3.rel1.win32_1.0.0.202411081344/tools/bin/../lib/gcc/arm-none-eabi/13.3.1/../../../../arm-none-eabi/lib/thumb/v7e-m+fp/hard\libc_nano.a(libc_a-memset.o)
 .debug_frame   0x00001864       0x2c C:/ST/STM32CubeIDE_1.18.0/STM32CubeIDE/plugins/com.st.stm32cube.ide.mcu.externaltools.gnu-tools-for-stm32.13.3.rel1.win32_1.0.0.202411081344/tools/bin/../lib/gcc/arm-none-eabi/13.3.1/../../../../arm-none-eabi/lib/thumb/v7e-m+fp/hard\libc_nano.a(libc_a-init.o)
 .debug_frame   0x00001890       0x2c C:/ST/STM32CubeIDE_1.18.0/STM32CubeIDE/plugins/com.st.stm32cube.ide.mcu.externaltools.gnu-tools-for-stm32.13.3.rel1.win32_1.0.0.202411081344/tools/bin/../lib/gcc/arm-none-eabi/13.3.1/thumb/v7e-m+fp/hard\libgcc.a(_aeabi_uldivmod.o)
 .debug_frame   0x000018bc       0x34 C:/ST/STM32CubeIDE_1.18.0/STM32CubeIDE/plugins/com.st.stm32cube.ide.mcu.externaltools.gnu-tools-for-stm32.13.3.rel1.win32_1.0.0.202411081344/tools/bin/../lib/gcc/arm-none-eabi/13.3.1/thumb/v7e-m+fp/hard\libgcc.a(_udivmoddi4.o)

.debug_line_str
                0x00000000       0x76
 .debug_line_str
                0x00000000       0x76 ./Core/Startup/startup_stm32f439zitx.o
