../Core/Src/main.c:1383:6:TIM1_UP_TIM10_IRQHandler	0	static
../Core/Src/main.c:1411:6:EXTI1_IRQHandler	8	static
../Core/Src/main.c:1431:6:EXTI3_IRQHandler	0	static
../Core/Src/main.c:1443:6:EXTI9_5_IRQHandler	0	static,ignoring_inline_asm
../Core/Src/main.c:1463:6:RX_Receive	56	static,ignoring_inline_asm
../Core/Src/main.c:1633:6:transmit_packets_spam	16	static,ignoring_inline_asm
../Core/Src/main.c:1690:6:Error_Handler	0	static,ignoring_inline_asm
../Core/Src/main.c:1262:6:SystemClock_Config	88	static
../Core/Src/main.c:219:5:main	48	static
../Core/Src/main.c:1705:18:get_temp	48	static
../Core/Src/main.c:1778:18:config_thermocouple	40	static
