../Core/Src/main.c:1669:6:TIM1_UP_TIM10_IRQHandler	0	static
../Core/Src/main.c:1697:6:EXTI1_IRQHandler	8	static
../Core/Src/main.c:1717:6:EXTI3_IRQHandler	0	static
../Core/Src/main.c:1729:6:EXTI9_5_IRQHandler	0	static,ignoring_inline_asm
../Core/Src/main.c:1749:6:RX_Receive	56	static,ignoring_inline_asm
../Core/Src/main.c:1937:6:transmit_packets_spam	16	static,ignoring_inline_asm
../Core/Src/main.c:1992:6:Error_Handler	0	static,ignoring_inline_asm
../Core/Src/main.c:1429:6:SystemClock_Config	88	static
../Core/Src/main.c:2007:18:get_temp	48	static
../Core/Src/main.c:284:5:main	136	static,ignoring_inline_asm
../Core/Src/main.c:2084:18:config_thermocouple	48	static,ignoring_inline_asm
