../Drivers/CMSIS/Include/core_cm4.h:1684:22:__NVIC_EnableIRQ	16	static,ignoring_inline_asm
../Drivers/CMSIS/Include/core_cm4.h:1814:22:__NVIC_SetPriority	16	static
../Core/Src/driver.c:10:7:configureI2CBus1	4	static
../Core/Src/driver.c:37:6:configureSPIBus1	4	static
../Core/Src/driver.c:85:6:configureSPIBus5	4	static
../Core/Src/driver.c:110:6:configureSPIBus6	4	static
../Core/Src/driver.c:159:6:configureSPIBus4	4	static
../Core/Src/driver.c:198:6:configureRCC_APB1	4	static,ignoring_inline_asm
../Core/Src/driver.c:211:6:configureRCC_APB2	4	static,ignoring_inline_asm
../Core/Src/driver.c:223:6:configureRCC_AHB1	4	static,ignoring_inline_asm
../Core/Src/driver.c:232:6:configure_TIM1	8	static
