../Drivers/CMSIS/Include/core_cm4.h:1684:22:__NVIC_EnableIRQ	16	static,ignoring_inline_asm
../Drivers/CMSIS/Include/core_cm4.h:1722:22:__NVIC_DisableIRQ	16	static,ignoring_inline_asm
../Drivers/CMSIS/Include/core_cm4.h:1814:22:__NVIC_SetPriority	16	static
../Core/Src/main.c:284:5:main	56	static,ignoring_inline_asm
../Core/Src/main.c:1429:6:SystemClock_Config	88	static
../Core/Src/main.c:1478:13:MX_SPI1_Init	8	static
../Core/Src/main.c:1513:13:MX_SPI5_Init	8	static
../Core/Src/main.c:1556:13:MX_GPIO_Init	56	static
../Core/Src/main.c:1608:13:MX_I2C2_Init	8	static
../Core/Src/main.c:1669:6:TIM1_UP_TIM10_IRQHandler	4	static
../Core/Src/main.c:1697:6:EXTI1_IRQHandler	8	static
../Core/Src/main.c:1717:6:EXTI3_IRQHandler	4	static
../Core/Src/main.c:1729:6:EXTI9_5_IRQHandler	8	static
../Core/Src/main.c:1749:6:RX_Receive	56	static,ignoring_inline_asm
../Core/Src/main.c:1937:6:transmit_packets_spam	16	static
../Core/Src/main.c:1992:6:Error_Handler	4	static,ignoring_inline_asm
../Core/Src/main.c:2007:18:get_temp	80	static
../Core/Src/main.c:2084:18:config_thermocouple	56	static,ignoring_inline_asm
