Archive member included to satisfy reference by file (symbol)

C:/ST/STM32CubeIDE_1.18.0/STM32CubeIDE/plugins/com.st.stm32cube.ide.mcu.externaltools.gnu-tools-for-stm32.13.3.rel1.win32_1.0.0.202411081344/tools/bin/../lib/gcc/arm-none-eabi/13.3.1/../../../../arm-none-eabi/lib/thumb/v7e-m+fp/hard\libc_nano.a(libc_a-exit.o)
                              C:/ST/STM32CubeIDE_1.18.0/STM32CubeIDE/plugins/com.st.stm32cube.ide.mcu.externaltools.gnu-tools-for-stm32.13.3.rel1.win32_1.0.0.202411081344/tools/bin/../lib/gcc/arm-none-eabi/13.3.1/../../../../arm-none-eabi/lib/thumb/v7e-m+fp/hard/crt0.o (exit)
C:/ST/STM32CubeIDE_1.18.0/STM32CubeIDE/plugins/com.st.stm32cube.ide.mcu.externaltools.gnu-tools-for-stm32.13.3.rel1.win32_1.0.0.202411081344/tools/bin/../lib/gcc/arm-none-eabi/13.3.1/../../../../arm-none-eabi/lib/thumb/v7e-m+fp/hard\libc_nano.a(libc_a-findfp.o)
                              C:/ST/STM32CubeIDE_1.18.0/STM32CubeIDE/plugins/com.st.stm32cube.ide.mcu.externaltools.gnu-tools-for-stm32.13.3.rel1.win32_1.0.0.202411081344/tools/bin/../lib/gcc/arm-none-eabi/13.3.1/../../../../arm-none-eabi/lib/thumb/v7e-m+fp/hard\libc_nano.a(libc_a-exit.o) (__stdio_exit_handler)
C:/ST/STM32CubeIDE_1.18.0/STM32CubeIDE/plugins/com.st.stm32cube.ide.mcu.externaltools.gnu-tools-for-stm32.13.3.rel1.win32_1.0.0.202411081344/tools/bin/../lib/gcc/arm-none-eabi/13.3.1/../../../../arm-none-eabi/lib/thumb/v7e-m+fp/hard\libc_nano.a(libc_a-fwalk.o)
                              C:/ST/STM32CubeIDE_1.18.0/STM32CubeIDE/plugins/com.st.stm32cube.ide.mcu.externaltools.gnu-tools-for-stm32.13.3.rel1.win32_1.0.0.202411081344/tools/bin/../lib/gcc/arm-none-eabi/13.3.1/../../../../arm-none-eabi/lib/thumb/v7e-m+fp/hard\libc_nano.a(libc_a-findfp.o) (_fwalk_sglue)
C:/ST/STM32CubeIDE_1.18.0/STM32CubeIDE/plugins/com.st.stm32cube.ide.mcu.externaltools.gnu-tools-for-stm32.13.3.rel1.win32_1.0.0.202411081344/tools/bin/../lib/gcc/arm-none-eabi/13.3.1/../../../../arm-none-eabi/lib/thumb/v7e-m+fp/hard\libc_nano.a(libc_a-stdio.o)
                              C:/ST/STM32CubeIDE_1.18.0/STM32CubeIDE/plugins/com.st.stm32cube.ide.mcu.externaltools.gnu-tools-for-stm32.13.3.rel1.win32_1.0.0.202411081344/tools/bin/../lib/gcc/arm-none-eabi/13.3.1/../../../../arm-none-eabi/lib/thumb/v7e-m+fp/hard\libc_nano.a(libc_a-findfp.o) (__sread)
C:/ST/STM32CubeIDE_1.18.0/STM32CubeIDE/plugins/com.st.stm32cube.ide.mcu.externaltools.gnu-tools-for-stm32.13.3.rel1.win32_1.0.0.202411081344/tools/bin/../lib/gcc/arm-none-eabi/13.3.1/../../../../arm-none-eabi/lib/thumb/v7e-m+fp/hard\libc_nano.a(libc_a-memset.o)
                              C:/ST/STM32CubeIDE_1.18.0/STM32CubeIDE/plugins/com.st.stm32cube.ide.mcu.externaltools.gnu-tools-for-stm32.13.3.rel1.win32_1.0.0.202411081344/tools/bin/../lib/gcc/arm-none-eabi/13.3.1/../../../../arm-none-eabi/lib/thumb/v7e-m+fp/hard/crt0.o (memset)
C:/ST/STM32CubeIDE_1.18.0/STM32CubeIDE/plugins/com.st.stm32cube.ide.mcu.externaltools.gnu-tools-for-stm32.13.3.rel1.win32_1.0.0.202411081344/tools/bin/../lib/gcc/arm-none-eabi/13.3.1/../../../../arm-none-eabi/lib/thumb/v7e-m+fp/hard\libc_nano.a(libc_a-closer.o)
                              C:/ST/STM32CubeIDE_1.18.0/STM32CubeIDE/plugins/com.st.stm32cube.ide.mcu.externaltools.gnu-tools-for-stm32.13.3.rel1.win32_1.0.0.202411081344/tools/bin/../lib/gcc/arm-none-eabi/13.3.1/../../../../arm-none-eabi/lib/thumb/v7e-m+fp/hard\libc_nano.a(libc_a-stdio.o) (_close_r)
C:/ST/STM32CubeIDE_1.18.0/STM32CubeIDE/plugins/com.st.stm32cube.ide.mcu.externaltools.gnu-tools-for-stm32.13.3.rel1.win32_1.0.0.202411081344/tools/bin/../lib/gcc/arm-none-eabi/13.3.1/../../../../arm-none-eabi/lib/thumb/v7e-m+fp/hard\libc_nano.a(libc_a-reent.o)
                              C:/ST/STM32CubeIDE_1.18.0/STM32CubeIDE/plugins/com.st.stm32cube.ide.mcu.externaltools.gnu-tools-for-stm32.13.3.rel1.win32_1.0.0.202411081344/tools/bin/../lib/gcc/arm-none-eabi/13.3.1/../../../../arm-none-eabi/lib/thumb/v7e-m+fp/hard\libc_nano.a(libc_a-closer.o) (errno)
C:/ST/STM32CubeIDE_1.18.0/STM32CubeIDE/plugins/com.st.stm32cube.ide.mcu.externaltools.gnu-tools-for-stm32.13.3.rel1.win32_1.0.0.202411081344/tools/bin/../lib/gcc/arm-none-eabi/13.3.1/../../../../arm-none-eabi/lib/thumb/v7e-m+fp/hard\libc_nano.a(libc_a-impure.o)
                              C:/ST/STM32CubeIDE_1.18.0/STM32CubeIDE/plugins/com.st.stm32cube.ide.mcu.externaltools.gnu-tools-for-stm32.13.3.rel1.win32_1.0.0.202411081344/tools/bin/../lib/gcc/arm-none-eabi/13.3.1/../../../../arm-none-eabi/lib/thumb/v7e-m+fp/hard\libc_nano.a(libc_a-reent.o) (_impure_ptr)
C:/ST/STM32CubeIDE_1.18.0/STM32CubeIDE/plugins/com.st.stm32cube.ide.mcu.externaltools.gnu-tools-for-stm32.13.3.rel1.win32_1.0.0.202411081344/tools/bin/../lib/gcc/arm-none-eabi/13.3.1/../../../../arm-none-eabi/lib/thumb/v7e-m+fp/hard\libc_nano.a(libc_a-lseekr.o)
[...]
Memory Configuration

Name             Origin             Length             Attributes
CCMRAM           0x10000000         0x00010000         xrw
RAM              0x20000000         0x00030000         xrw
FLASH            0x08000000         0x00200000         xr
*default*        0x00000000         0xffffffff

Linker script and memory map

LOAD C:/ST/STM32CubeIDE_1.18.0/STM32CubeIDE/plugins/com.st.stm32cube.ide.mcu.externaltools.gnu-tools-for-stm32.13.3.rel1.win32_1.0.0.202411081344/tools/bin/../lib/gcc/arm-none-eabi/13.3.1/thumb/v7e-m+fp/hard/crti.o
LOAD C:/ST/STM32CubeIDE_1.18.0/STM32CubeIDE/plugins/com.st.stm32cube.ide.mcu.externaltools.gnu-tools-for-stm32.13.3.rel1.win32_1.0.0.202411081344/tools/bin/../lib/gcc/arm-none-eabi/13.3.1/thumb/v7e-m+fp/hard/crtbegin.o
LOAD C:/ST/STM32CubeIDE_1.18.0/STM32CubeIDE/plugins/com.st.stm32cube.ide.mcu.externaltools.gnu-tools-for-stm32.13.3.rel1.win32_1.0.0.202411081344/tools/bin/../lib/gcc/arm-none-eabi/13.3.1/../../../../arm-none-eabi/lib/thumb/v7e-m+fp/hard/crt0.o
LOAD ./Core/Src/I2C.o
LOAD ./Core/Src/driver.o
LOAD ./Core/Src/flash.o
LOAD ./Core/Src/gpio.o
LOAD ./Core/Src/lora.o
LOAD ./Core/Src/main.o
LOAD ./Core/Src/sensor.o
LOAD ./Core/Src/spi.o
LOAD ./Core/Src/stm32f4xx_hal_msp.o
LOAD ./Core/Src/stm32f4xx_it.o
LOAD ./Core/Src/syscalls.o
LOAD ./Core/Src/sysmem.o
LOAD ./Core/Src/system_stm32f4xx.o
LOAD ./Core/Src/uart.o
LOAD ./Core/Startup/startup_stm32f439zitx.o
LOAD ./Drivers/STM32F4xx_HAL_Driver/Src/stm32f4xx_hal.o
LOAD ./Drivers/STM32F4xx_HAL_Driver/Src/stm32f4xx_hal_cortex.o
LOAD ./Drivers/STM32F4xx_HAL_Driver/Src/stm32f4xx_hal_dma.o
LOAD ./Drivers/STM32F4xx_HAL_Driver/Src/stm32f4xx_hal_dma_ex.o
LOAD ./Drivers/STM32F4xx_HAL_Driver/Src/stm32f4xx_hal_exti.o
LOAD ./Drivers/STM32F4xx_HAL_Driver/Src/stm32f4xx_hal_flash.o
LOAD ./Drivers/STM32F4xx_HAL_Driver/Src/stm32f4xx_hal_flash_ex.o
LOAD ./Drivers/STM32F4xx_HAL_Driver/Src/stm32f4xx_hal_flash_ramfunc.o
LOAD ./Drivers/STM32F4xx_HAL_Driver/Src/stm32f4xx_hal_gpio.o
LOAD ./Drivers/STM32F4xx_HAL_Driver/Src/stm32f4xx_hal_i2c.o
LOAD ./Drivers/STM32F4xx_HAL_Driver/Src/stm32f4xx_hal_i2c_ex.o
LOAD ./Drivers/STM32F4xx_HAL_Driver/Src/stm32f4xx_hal_pwr.o
LOAD ./Drivers/STM32F4xx_HAL_Driver/Src/stm32f4xx_hal_pwr_ex.o
LOAD ./Drivers/STM32F4xx_HAL_Driver/Src/stm32f4xx_hal_rcc.o
LOAD ./Drivers/STM32F4xx_HAL_Driver/Src/stm32f4xx_hal_rcc_ex.o
LOAD ./Drivers/STM32F4xx_HAL_Driver/Src/stm32f4xx_hal_spi.o
LOAD ./Drivers/STM32F4xx_HAL_Driver/Src/stm32f4xx_hal_tim.o
LOAD ./Drivers/STM32F4xx_HAL_Driver/Src/stm32f4xx_hal_tim_ex.o
START GROUP
LOAD C:/ST/STM32CubeIDE_1.18.0/STM32CubeIDE/plugins/com.st.stm32cube.ide.mcu.externaltools.gnu-tools-for-stm32.13.3.rel1.win32_1.0.0.202411081344/tools/bin/../lib/gcc/arm-none-eabi/13.3.1/../../../../arm-none-eabi/lib/thumb/v7e-m+fp/hard\libc_nano.a
LOAD C:/ST/STM32CubeIDE_1.18.0/STM32CubeIDE/plugins/com.st.stm32cube.ide.mcu.externaltools.gnu-tools-for-stm32.13.3.rel1.win32_1.0.0.202411081344/tools/bin/../lib/gcc/arm-none-eabi/13.3.1/../../../../arm-none-eabi/lib/thumb/v7e-m+fp/hard\libm.a
END GROUP
START GROUP
LOAD C:/ST/STM32CubeIDE_1.18.0/STM32CubeIDE/plugins/com.st.stm32cube.ide.mcu.externaltools.gnu-tools-for-stm32.13.3.rel1.win32_1.0.0.202411081344/tools/bin/../lib/gcc/arm-none-eabi/13.3.1/thumb/v7e-m+fp/hard\libgcc.a
LOAD C:/ST/STM32CubeIDE_1.18.0/STM32CubeIDE/plugins/com.st.stm32cube.ide.mcu.externaltools.gnu-tools-for-stm32.13.3.rel1.win32_1.0.0.202411081344/tools/bin/../lib/gcc/arm-none-eabi/13.3.1/../../../../arm-none-eabi/lib/thumb/v7e-m+fp/hard\libc_nano.a
END GROUP
START GROUP
LOAD C:/ST/STM32CubeIDE_1.18.0/STM32CubeIDE/plugins/com.st.stm32cube.ide.mcu.externaltools.gnu-tools-for-stm32.13.3.rel1.win32_1.0.0.202411081344/tools/bin/../lib/gcc/arm-none-eabi/13.3.1/thumb/v7e-m+fp/hard\libgcc.a
LOAD C:/ST/STM32CubeIDE_1.18.0/STM32CubeIDE/plugins/com.st.stm32cube.ide.mcu.externaltools.gnu-tools-for-stm32.13.3.rel1.win32_1.0.0.202411081344/tools/bin/../lib/gcc/arm-none-eabi/13.3.1/../../../../arm-none-eabi/lib/thumb/v7e-m+fp/hard\libc_nano.a
LOAD C:/ST/STM32CubeIDE_1.18.0/STM32CubeIDE/plugins/com.st.stm32cube.ide.mcu.externaltools.gnu-tools-for-stm32.13.3.rel1.win32_1.0.0.202411081344/tools/bin/../lib/gcc/arm-none-eabi/13.3.1/../../../../arm-none-eabi/lib/thumb/v7e-m+fp/hard\libnosys.a
END GROUP
START GROUP
LOAD C:/ST/STM32CubeIDE_1.18.0/STM32CubeIDE/plugins/com.st.stm32cube.ide.mcu.externaltools.gnu-tools-for-stm32.13.3.rel1.win32_1.0.0.202411081344/tools/bin/../lib/gcc/arm-none-eabi/13.3.1/thumb/v7e-m+fp/hard\libgcc.a
LOAD C:/ST/STM32CubeIDE_1.18.0/STM32CubeIDE/plugins/com.st.stm32cube.ide.mcu.externaltools.gnu-tools-for-stm32.13.3.rel1.win32_1.0.0.202411081344/tools/bin/../lib/gcc/arm-none-eabi/13.3.1/../../../../arm-none-eabi/lib/thumb/v7e-m+fp/hard\libc_nano.a
LOAD C:/ST/STM32CubeIDE_1.18.0/STM32CubeIDE/plugins/com.st.stm32cube.ide.mcu.externaltools.gnu-tools-for-stm32.13.3.rel1.win32_1.0.0.202411081344/tools/bin/../lib/gcc/arm-none-eabi/13.3.1/../../../../arm-none-eabi/lib/thumb/v7e-m+fp/hard\libnosys.a
END GROUP
LOAD C:/ST/STM32CubeIDE_1.18.0/STM32CubeIDE/plugins/com.st.stm32cube.ide.mcu.externaltools.gnu-tools-for-stm32.13.3.rel1.win32_1.0.0.202411081344/tools/bin/../lib/gcc/arm-none-eabi/13.3.1/thumb/v7e-m+fp/hard/crtend.o
LOAD C:/ST/STM32CubeIDE_1.18.0/STM32CubeIDE/plugins/com.st.stm32cube.ide.mcu.externaltools.gnu-tools-for-stm32.13.3.rel1.win32_1.0.0.202411081344/tools/bin/../lib/gcc/arm-none-eabi/13.3.1/thumb/v7e-m+fp/hard/crtn.o
                0x20030000                        _estack = (ORIGIN (RAM) + LENGTH (RAM))
                0x00000200                        _Min_Heap_Size = 0x200
                0x00000400                        _Min_Stack_Size = 0x400

.isr_vector     0x08000000      0x1ac
                0x08000000                        . = ALIGN (0x4)
 *(.isr_vector)
 .isr_vector    0x08000000      0x1ac ./Core/Startup/startup_stm32f439zitx.o
                0x08000000                g_pfnVectors
                0x080001ac                        . = ALIGN (0x4)

.text           0x080001ac     0x1f28
                0x080001ac                        . = ALIGN (0x4)
 *(.text)
 .text          0x080001ac       0x40 C:/ST/STM32CubeIDE_1.18.0/STM32CubeIDE/plugins/com.st.stm32cube.ide.mcu.externaltools.gnu-tools-for-stm32.13.3.rel1.win32_1.0.0.202411081344/tools/bin/../lib/gcc/arm-none-eabi/13.3.1/thumb/v7e-m+fp/hard/crtbegin.o
 .text          0x080001ec       0x30 C:/ST/STM32CubeIDE_1.18.0/STM32CubeIDE/plugins/com.st.stm32cube.ide.mcu.externaltools.gnu-tools-for-stm32.13.3.rel1.win32_1.0.0.202411081344/tools/bin/../lib/gcc/arm-none-eabi/13.3.1/thumb/v7e-m+fp/hard\libgcc.a(_aeabi_uldivmod.o)
                0x080001ec                __aeabi_uldivmod
 .text          0x0800021c      0x2f8 C:/ST/STM32CubeIDE_1.18.0/STM32CubeIDE/plugins/com.st.stm32cube.ide.mcu.externaltools.gnu-tools-for-stm32.13.3.rel1.win32_1.0.0.202411081344/tools/bin/../lib/gcc/arm-none-eabi/13.3.1/thumb/v7e-m+fp/hard\libgcc.a(_udivmoddi4.o)
                0x0800021c                __udivmoddi4
 .text          0x08000514        0x4 C:/ST/STM32CubeIDE_1.18.0/STM32CubeIDE/plugins/com.st.stm32cube.ide.mcu.externaltools.gnu-tools-for-stm32.13.3.rel1.win32_1.0.0.202411081344/tools/bin/../lib/gcc/arm-none-eabi/13.3.1/thumb/v7e-m+fp/hard\libgcc.a(_dvmd_tls.o)
                0x08000514                __aeabi_idiv0
                0x08000514                __aeabi_ldiv0
 *(.text*)
 .text.configureSPIBus1
                0x08000518      0x108 ./Core/Src/driver.o
                0x08000518                configureSPIBus1
 .text.configureSPIBus6
                0x08000620       0xfc ./Core/Src/driver.o
                0x08000620                configureSPIBus6
 .text.configureRCC_APB1
                0x0800071c       0x3c ./Core/Src/driver.o
                0x0800071c                configureRCC_APB1
 .text.configureRCC_APB2
                0x08000758       0x44 ./Core/Src/driver.o
                0x08000758                configureRCC_APB2
 .text.configureRCC_AHB1
                0x0800079c       0x28 ./Core/Src/driver.o
                0x0800079c                configureRCC_AHB1
 .text.GPIO_init
                0x080007c4       0x62 ./Core/Src/gpio.o
                0x080007c4                GPIO_init
 .text.SX1272_writeRegister
                0x08000826       0x44 ./Core/Src/lora.o
                0x08000826                SX1272_writeRegister
 .text.SX1272_clearIRQ
                0x0800086a        0x8 ./Core/Src/lora.o
                0x0800086a                SX1272_clearIRQ
 .text.SX1272_readRegister
                0x08000872       0x44 ./Core/Src/lora.o
                0x08000872                SX1272_readRegister
 .text._SX1272_setMode
                0x080008b6       0x1e ./Core/Src/lora.o
                0x080008b6                _SX1272_setMode
 .text.SX1272_init
                0x080008d4       0xb4 ./Core/Src/lora.o
                0x080008d4                SX1272_init
 .text.SX1272_standby
                0x08000988        0x6 ./Core/Src/lora.o
                0x08000988                SX1272_standby
 .text.SX1272_startReceive
                0x0800098e       0x36 ./Core/Src/lora.o
                0x0800098e                SX1272_startReceive
 .text.SX1272_enableBoost
                0x080009c4       0x58 ./Core/Src/lora.o
                0x080009c4                SX1272_enableBoost
 .text.SX1272_transmit
                0x08000a1c       0x54 ./Core/Src/lora.o
                0x08000a1c                SX1272_transmit
 .text.SX1272_readReceive
                0x08000a70       0x4c ./Core/Src/lora.o
                0x08000a70                SX1272_readReceive
 .text.TIM1_UP_TIM10_IRQHandler
                0x08000abc       0xb8 ./Core/Src/main.o
                0x08000abc                TIM1_UP_TIM10_IRQHandler
 .text.EXTI1_IRQHandler
                0x08000b74       0x40 ./Core/Src/main.o
                0x08000b74                EXTI1_IRQHandler
 .text.EXTI3_IRQHandler
                0x08000bb4       0x18 ./Core/Src/main.o
                0x08000bb4                EXTI3_IRQHandler
 .text.EXTI9_5_IRQHandler
                0x08000bcc       0x30 ./Core/Src/main.o
                0x08000bcc                EXTI9_5_IRQHandler
 .text.transmit_packets_spam
                0x08000bfc       0xe8 ./Core/Src/main.o
                0x08000bfc                transmit_packets_spam
 .text.Error_Handler
                0x08000ce4        0x6 ./Core/Src/main.o
                0x08000ce4                Error_Handler
 *fill*         0x08000cea        0x2 
 .text.SystemClock_Config
                0x08000cec       0xa4 ./Core/Src/main.o
                0x08000cec                SystemClock_Config
 .text.startup.main
                0x08000d90      0x6ac ./Core/Src/main.o
                0x08000d90                main
 .text.delay_software_us
                0x0800143c        0x2 ./Core/Src/sensor.o
                0x0800143c                delay_software_us
 .text.delay_software_ms
                0x0800143e        0x2 ./Core/Src/sensor.o
                0x0800143e                delay_software_ms
 .text.SPI_transmit
                0x08001440       0x2a ./Core/Src/spi.o
                0x08001440                SPI_transmit
 .text.SPI_send8
                0x0800146a        0xe ./Core/Src/spi.o
 .text.SPI_send16
                0x08001478        0xc ./Core/Src/spi.o
 .text.SPI_receive8
                0x08001484       0x10 ./Core/Src/spi.o
 .text.SPI_receive16
                0x08001494       0x10 ./Core/Src/spi.o
 .text.SPI_init
                0x080014a4       0x3c ./Core/Src/spi.o
                0x080014a4                SPI_init
 .text.HAL_MspInit
                0x080014e0       0x38 ./Core/Src/stm32f4xx_hal_msp.o
                0x080014e0                HAL_MspInit
 .text.HAL_I2C_MspInit
                0x08001518       0x6c ./Core/Src/stm32f4xx_hal_msp.o
                0x08001518                HAL_I2C_MspInit
 .text.NMI_Handler
                0x08001584        0x2 ./Core/Src/stm32f4xx_it.o
                0x08001584                NMI_Handler
 .text.HardFault_Handler
                0x08001586        0x2 ./Core/Src/stm32f4xx_it.o
                0x08001586                HardFault_Handler
 .text.MemManage_Handler
                0x08001588        0x2 ./Core/Src/stm32f4xx_it.o
                0x08001588                MemManage_Handler
 .text.BusFault_Handler
                0x0800158a        0x2 ./Core/Src/stm32f4xx_it.o
                0x0800158a                BusFault_Handler
 .text.UsageFault_Handler
                0x0800158c        0x2 ./Core/Src/stm32f4xx_it.o
                0x0800158c                UsageFault_Handler
 .text.SVC_Handler
                0x0800158e        0x2 ./Core/Src/stm32f4xx_it.o
                0x0800158e                SVC_Handler
 .text.DebugMon_Handler
                0x08001590        0x2 ./Core/Src/stm32f4xx_it.o
                0x08001590                DebugMon_Handler
 .text.PendSV_Handler
                0x08001592        0x2 ./Core/Src/stm32f4xx_it.o
                0x08001592                PendSV_Handler
 .text.SysTick_Handler
                0x08001594        0x4 ./Core/Src/stm32f4xx_it.o
                0x08001594                SysTick_Handler
 .text.SystemInit
                0x08001598       0x14 ./Core/Src/system_stm32f4xx.o
                0x08001598                SystemInit
 .text.Reset_Handler
                0x080015ac       0x50 ./Core/Startup/startup_stm32f439zitx.o
                0x080015ac                Reset_Handler
 .text.Default_Handler
                0x080015fc        0x2 ./Core/Startup/startup_stm32f439zitx.o
                0x080015fc                RTC_Alarm_IRQHandler
                0x080015fc                HASH_RNG_IRQHandler
                0x080015fc                EXTI2_IRQHandler
                0x080015fc                TIM8_CC_IRQHandler
                0x080015fc                UART8_IRQHandler
                0x080015fc                SPI4_IRQHandler
                0x080015fc                TIM1_CC_IRQHandler
                0x080015fc                DMA2_Stream5_IRQHandler
                0x080015fc                DMA1_Stream5_IRQHandler
                0x080015fc                PVD_IRQHandler
                0x080015fc                SDIO_IRQHandler
                0x080015fc                TAMP_STAMP_IRQHandler
                0x080015fc                CAN2_RX1_IRQHandler
                0x080015fc                TIM8_TRG_COM_TIM14_IRQHandler
                0x080015fc                TIM8_UP_TIM13_IRQHandler
                0x080015fc                I2C3_ER_IRQHandler
                0x080015fc                EXTI0_IRQHandler
                0x080015fc                I2C2_EV_IRQHandler
                0x080015fc                DMA1_Stream2_IRQHandler
                0x080015fc                CAN1_RX0_IRQHandler
                0x080015fc                FPU_IRQHandler
                0x080015fc                OTG_HS_WKUP_IRQHandler
                0x080015fc                LTDC_ER_IRQHandler
                0x080015fc                CAN2_SCE_IRQHandler
                0x080015fc                DMA2_Stream2_IRQHandler
                0x080015fc                SPI1_IRQHandler
                0x080015fc                TIM6_DAC_IRQHandler
                0x080015fc                TIM1_BRK_TIM9_IRQHandler
                0x080015fc                DCMI_IRQHandler
                0x080015fc                CAN2_RX0_IRQHandler
                0x080015fc                DMA2_Stream3_IRQHandler
                0x080015fc                USART6_IRQHandler
                0x080015fc                USART3_IRQHandler
                0x080015fc                CRYP_IRQHandler
                0x080015fc                CAN1_RX1_IRQHandler
                0x080015fc                UART5_IRQHandler
                0x080015fc                DMA2_Stream0_IRQHandler
                0x080015fc                TIM4_IRQHandler
                0x080015fc                I2C1_EV_IRQHandler
                0x080015fc                DMA1_Stream6_IRQHandler
                0x080015fc                DMA1_Stream1_IRQHandler
                0x080015fc                UART4_IRQHandler
                0x080015fc                TIM3_IRQHandler
                0x080015fc                RCC_IRQHandler
                0x080015fc                TIM8_BRK_TIM12_IRQHandler
                0x080015fc                Default_Handler
                0x080015fc                EXTI15_10_IRQHandler
                0x080015fc                ADC_IRQHandler
                0x080015fc                DMA1_Stream7_IRQHandler
                0x080015fc                SPI5_IRQHandler
                0x080015fc                TIM7_IRQHandler
                0x080015fc                CAN2_TX_IRQHandler
                0x080015fc                TIM5_IRQHandler
                0x080015fc                DMA2_Stream7_IRQHandler
                0x080015fc                I2C3_EV_IRQHandler
                0x080015fc                RTC_WKUP_IRQHandler
                0x080015fc                LTDC_IRQHandler
                0x080015fc                ETH_WKUP_IRQHandler
                0x080015fc                SPI2_IRQHandler
                0x080015fc                OTG_HS_EP1_IN_IRQHandler
                0x080015fc                DMA1_Stream0_IRQHandler
                0x080015fc                CAN1_TX_IRQHandler
                0x080015fc                EXTI4_IRQHandler
                0x080015fc                ETH_IRQHandler
                0x080015fc                OTG_HS_EP1_OUT_IRQHandler
                0x080015fc                WWDG_IRQHandler
                0x080015fc                SPI6_IRQHandler
                0x080015fc                TIM2_IRQHandler
                0x080015fc                OTG_FS_WKUP_IRQHandler
                0x080015fc                TIM1_TRG_COM_TIM11_IRQHandler
                0x080015fc                OTG_HS_IRQHandler
                0x080015fc                DMA2D_IRQHandler
                0x080015fc                UART7_IRQHandler
                0x080015fc                USART2_IRQHandler
                0x080015fc                I2C2_ER_IRQHandler
                0x080015fc                DMA2_Stream1_IRQHandler
                0x080015fc                CAN1_SCE_IRQHandler
                0x080015fc                FLASH_IRQHandler
                0x080015fc                DMA2_Stream4_IRQHandler
                0x080015fc                USART1_IRQHandler
                0x080015fc                OTG_FS_IRQHandler
                0x080015fc                SPI3_IRQHandler
                0x080015fc                DMA1_Stream4_IRQHandler
                0x080015fc                I2C1_ER_IRQHandler
                0x080015fc                FMC_IRQHandler
                0x080015fc                DMA2_Stream6_IRQHandler
                0x080015fc                SAI1_IRQHandler
                0x080015fc                DMA1_Stream3_IRQHandler
 *fill*         0x080015fe        0x2 
 .text.HAL_InitTick
                0x08001600       0x48 ./Drivers/STM32F4xx_HAL_Driver/Src/stm32f4xx_hal.o
                0x08001600                HAL_InitTick
 .text.HAL_Init
                0x08001648       0x34 ./Drivers/STM32F4xx_HAL_Driver/Src/stm32f4xx_hal.o
                0x08001648                HAL_Init
 .text.HAL_IncTick
                0x0800167c       0x18 ./Drivers/STM32F4xx_HAL_Driver/Src/stm32f4xx_hal.o
                0x0800167c                HAL_IncTick
 .text.HAL_GetTick
                0x08001694        0xc ./Drivers/STM32F4xx_HAL_Driver/Src/stm32f4xx_hal.o
                0x08001694                HAL_GetTick
 .text.HAL_NVIC_SetPriorityGrouping
                0x080016a0       0x24 ./Drivers/STM32F4xx_HAL_Driver/Src/stm32f4xx_hal_cortex.o
                0x080016a0                HAL_NVIC_SetPriorityGrouping
 .text.HAL_NVIC_SetPriority
                0x080016c4       0x64 ./Drivers/STM32F4xx_HAL_Driver/Src/stm32f4xx_hal_cortex.o
                0x080016c4                HAL_NVIC_SetPriority
 .text.HAL_SYSTICK_Config
                0x08001728       0x28 ./Drivers/STM32F4xx_HAL_Driver/Src/stm32f4xx_hal_cortex.o
                0x08001728                HAL_SYSTICK_Config
 .text.HAL_GPIO_Init
                0x08001750      0x1c8 ./Drivers/STM32F4xx_HAL_Driver/Src/stm32f4xx_hal_gpio.o
                0x08001750                HAL_GPIO_Init
 .text.HAL_I2C_Init
                0x08001918      0x150 ./Drivers/STM32F4xx_HAL_Driver/Src/stm32f4xx_hal_i2c.o
                0x08001918                HAL_I2C_Init
 .text.HAL_I2CEx_ConfigAnalogFilter
                0x08001a68       0x3e ./Drivers/STM32F4xx_HAL_Driver/Src/stm32f4xx_hal_i2c_ex.o
                0x08001a68                HAL_I2CEx_ConfigAnalogFilter
 .text.HAL_I2CEx_ConfigDigitalFilter
                0x08001aa6       0x3e ./Drivers/STM32F4xx_HAL_Driver/Src/stm32f4xx_hal_i2c_ex.o
                0x08001aa6                HAL_I2CEx_ConfigDigitalFilter
 .text.HAL_PWREx_EnableOverDrive
                0x08001ae4       0x74 ./Drivers/STM32F4xx_HAL_Driver/Src/stm32f4xx_hal_pwr_ex.o
                0x08001ae4                HAL_PWREx_EnableOverDrive
 .text.HAL_RCC_OscConfig
                0x08001b58      0x35c ./Drivers/STM32F4xx_HAL_Driver/Src/stm32f4xx_hal_rcc.o
                0x08001b58                HAL_RCC_OscConfig
 .text.HAL_RCC_GetSysClockFreq
                0x08001eb4       0x5c ./Drivers/STM32F4xx_HAL_Driver/Src/stm32f4xx_hal_rcc.o
                0x08001eb4                HAL_RCC_GetSysClockFreq
 .text.HAL_RCC_ClockConfig
                0x08001f10      0x134 ./Drivers/STM32F4xx_HAL_Driver/Src/stm32f4xx_hal_rcc.o
                0x08001f10                HAL_RCC_ClockConfig
 .text.HAL_RCC_GetPCLK1Freq
                0x08002044       0x20 ./Drivers/STM32F4xx_HAL_Driver/Src/stm32f4xx_hal_rcc.o
                0x08002044                HAL_RCC_GetPCLK1Freq
 .text.memset   0x08002064       0x10 C:/ST/STM32CubeIDE_1.18.0/STM32CubeIDE/plugins/com.st.stm32cube.ide.mcu.externaltools.gnu-tools-for-stm32.13.3.rel1.win32_1.0.0.202411081344/tools/bin/../lib/gcc/arm-none-eabi/13.3.1/../../../../arm-none-eabi/lib/thumb/v7e-m+fp/hard\libc_nano.a(libc_a-memset.o)
                0x08002064                memset
 .text.__libc_init_array
                0x08002074       0x48 C:/ST/STM32CubeIDE_1.18.0/STM32CubeIDE/plugins/com.st.stm32cube.ide.mcu.externaltools.gnu-tools-for-stm32.13.3.rel1.win32_1.0.0.202411081344/tools/bin/../lib/gcc/arm-none-eabi/13.3.1/../../../../arm-none-eabi/lib/thumb/v7e-m+fp/hard\libc_nano.a(libc_a-init.o)
                0x08002074                __libc_init_array
 *(.glue_7)
 .glue_7        0x080020bc        0x0 linker stubs
 *(.glue_7t)
 .glue_7t       0x080020bc        0x0 linker stubs
 *(.eh_frame)
 .eh_frame      0x080020bc        0x0 C:/ST/STM32CubeIDE_1.18.0/STM32CubeIDE/plugins/com.st.stm32cube.ide.mcu.externaltools.gnu-tools-for-stm32.13.3.rel1.win32_1.0.0.202411081344/tools/bin/../lib/gcc/arm-none-eabi/13.3.1/thumb/v7e-m+fp/hard/crtbegin.o
 *(.init)
 .init          0x080020bc        0x4 C:/ST/STM32CubeIDE_1.18.0/STM32CubeIDE/plugins/com.st.stm32cube.ide.mcu.externaltools.gnu-tools-for-stm32.13.3.rel1.win32_1.0.0.202411081344/tools/bin/../lib/gcc/arm-none-eabi/13.3.1/thumb/v7e-m+fp/hard/crti.o
                0x080020bc                _init
 .init          0x080020c0        0x8 C:/ST/STM32CubeIDE_1.18.0/STM32CubeIDE/plugins/com.st.stm32cube.ide.mcu.externaltools.gnu-tools-for-stm32.13.3.rel1.win32_1.0.0.202411081344/tools/bin/../lib/gcc/arm-none-eabi/13.3.1/thumb/v7e-m+fp/hard/crtn.o
 *(.fini)
 .fini          0x080020c8        0x4 C:/ST/STM32CubeIDE_1.18.0/STM32CubeIDE/plugins/com.st.stm32cube.ide.mcu.externaltools.gnu-tools-for-stm32.13.3.rel1.win32_1.0.0.202411081344/tools/bin/../lib/gcc/arm-none-eabi/13.3.1/thumb/v7e-m+fp/hard/crti.o
                0x080020c8                _fini
 .fini          0x080020cc        0x8 C:/ST/STM32CubeIDE_1.18.0/STM32CubeIDE/plugins/com.st.stm32cube.ide.mcu.externaltools.gnu-tools-for-stm32.13.3.rel1.win32_1.0.0.202411081344/tools/bin/../lib/gcc/arm-none-eabi/13.3.1/thumb/v7e-m+fp/hard/crtn.o
                0x080020d4                        . = ALIGN (0x4)
                0x080020d4                        _etext = .

.vfp11_veneer   0x080020d4        0x0
 .vfp11_veneer  0x080020d4        0x0 linker stubs

.v4_bx          0x080020d4        0x0
 .v4_bx         0x080020d4        0x0 linker stubs

.iplt           0x080020d4        0x0
 .iplt          0x080020d4        0x0 C:/ST/STM32CubeIDE_1.18.0/STM32CubeIDE/plugins/com.st.stm32cube.ide.mcu.externaltools.gnu-tools-for-stm32.13.3.rel1.win32_1.0.0.202411081344/tools/bin/../lib/gcc/arm-none-eabi/13.3.1/thumb/v7e-m+fp/hard/crtbegin.o

.rodata         0x080020d4       0x24
                0x080020d4                        . = ALIGN (0x4)
 *(.rodata)
 *(.rodata*)
 .rodata.main.str1.1
                0x080020d4        0x9 ./Core/Src/main.o
 .rodata.APBPrescTable
                0x080020dd        0x8 ./Core/Src/system_stm32f4xx.o
                0x080020dd                APBPrescTable
 .rodata.AHBPrescTable
                0x080020e5       0x10 ./Core/Src/system_stm32f4xx.o
                0x080020e5                AHBPrescTable
                0x080020f8                        . = ALIGN (0x4)
 *fill*         0x080020f5        0x3 

.ARM.extab      0x080020f8        0x0
                0x080020f8                        . = ALIGN (0x4)
 *(.ARM.extab* .gnu.linkonce.armextab.*)
                0x080020f8                        . = ALIGN (0x4)

.ARM            0x080020f8        0x8
                0x080020f8                        . = ALIGN (0x4)
                0x080020f8                        __exidx_start = .
 *(.ARM.exidx*)
 .ARM.exidx     0x080020f8        0x8 C:/ST/STM32CubeIDE_1.18.0/STM32CubeIDE/plugins/com.st.stm32cube.ide.mcu.externaltools.gnu-tools-for-stm32.13.3.rel1.win32_1.0.0.202411081344/tools/bin/../lib/gcc/arm-none-eabi/13.3.1/thumb/v7e-m+fp/hard\libgcc.a(_udivmoddi4.o)
                0x08002100                        __exidx_end = .
                0x08002100                        . = ALIGN (0x4)

.preinit_array  0x08002100        0x0
                0x08002100                        . = ALIGN (0x4)
                0x08002100                        PROVIDE (__preinit_array_start = .)
 *(.preinit_array*)
                0x08002100                        PROVIDE (__preinit_array_end = .)
                0x08002100                        . = ALIGN (0x4)

.init_array     0x08002100        0x4
                0x08002100                        . = ALIGN (0x4)
                0x08002100                        PROVIDE (__init_array_start = .)
 *(SORT_BY_NAME(.init_array.*))
 *(.init_array*)
 .init_array    0x08002100        0x4 C:/ST/STM32CubeIDE_1.18.0/STM32CubeIDE/plugins/com.st.stm32cube.ide.mcu.externaltools.gnu-tools-for-stm32.13.3.rel1.win32_1.0.0.202411081344/tools/bin/../lib/gcc/arm-none-eabi/13.3.1/thumb/v7e-m+fp/hard/crtbegin.o
                0x08002104                        PROVIDE (__init_array_end = .)
                0x08002104                        . = ALIGN (0x4)

.fini_array     0x08002104        0x4
                0x08002104                        . = ALIGN (0x4)
                [!provide]                        PROVIDE (__fini_array_start = .)
 *(SORT_BY_NAME(.fini_array.*))
 *(.fini_array*)
 .fini_array    0x08002104        0x4 C:/ST/STM32CubeIDE_1.18.0/STM32CubeIDE/plugins/com.st.stm32cube.ide.mcu.externaltools.gnu-tools-for-stm32.13.3.rel1.win32_1.0.0.202411081344/tools/bin/../lib/gcc/arm-none-eabi/13.3.1/thumb/v7e-m+fp/hard/crtbegin.o
                [!provide]                        PROVIDE (__fini_array_end = .)
                0x08002108                        . = ALIGN (0x4)
                0x08002108                        _sidata = LOADADDR (.data)

.rel.dyn        0x08002108        0x0
 .rel.iplt      0x08002108        0x0 C:/ST/STM32CubeIDE_1.18.0/STM32CubeIDE/plugins/com.st.stm32cube.ide.mcu.externaltools.gnu-tools-for-stm32.13.3.rel1.win32_1.0.0.202411081344/tools/bin/../lib/gcc/arm-none-eabi/13.3.1/thumb/v7e-m+fp/hard/crtbegin.o

.data           0x20000000        0xc load address 0x08002108
                0x20000000                        . = ALIGN (0x4)
                0x20000000                        _sdata = .
 *(.data)
 *(.data*)
 .data.SystemCoreClock
                0x20000000        0x4 ./Core/Src/system_stm32f4xx.o
                0x20000000                SystemCoreClock
 .data.uwTickFreq
                0x20000004        0x1 ./Drivers/STM32F4xx_HAL_Driver/Src/stm32f4xx_hal.o
                0x20000004                uwTickFreq
 *fill*         0x20000005        0x3 
 .data.uwTickPrio
                0x20000008        0x4 ./Drivers/STM32F4xx_HAL_Driver/Src/stm32f4xx_hal.o
                0x20000008                uwTickPrio
 *(.RamFunc)
 *(.RamFunc*)
                0x2000000c                        . = ALIGN (0x4)
                0x2000000c                        _edata = .
                0x08002114                        _siccmram = LOADADDR (.ccmram)

.igot.plt       0x2000000c        0x0 load address 0x08002114
 .igot.plt      0x2000000c        0x0 C:/ST/STM32CubeIDE_1.18.0/STM32CubeIDE/plugins/com.st.stm32cube.ide.mcu.externaltools.gnu-tools-for-stm32.13.3.rel1.win32_1.0.0.202411081344/tools/bin/../lib/gcc/arm-none-eabi/13.3.1/thumb/v7e-m+fp/hard/crtbegin.o

.ccmram         0x10000000        0x0 load address 0x08002114
                0x10000000                        . = ALIGN (0x4)
                0x10000000                        _sccmram = .
 *(.ccmram)
 *(.ccmram*)
                0x10000000                        . = ALIGN (0x4)
                0x10000000                        _eccmram = .
                0x10000000                        . = ALIGN (0x4)

.bss            0x2000000c      0x464
                0x2000000c                        _sbss = .
                0x2000000c                        __bss_start__ = _sbss
 *(.bss)
 .bss           0x2000000c       0x1c C:/ST/STM32CubeIDE_1.18.0/STM32CubeIDE/plugins/com.st.stm32cube.ide.mcu.externaltools.gnu-tools-for-stm32.13.3.rel1.win32_1.0.0.202411081344/tools/bin/../lib/gcc/arm-none-eabi/13.3.1/thumb/v7e-m+fp/hard/crtbegin.o
 *(.bss*)
 .bss.packet0.0
                0x20000028       0x20 ./Core/Src/main.o
 .bss.RF_SW     0x20000048       0x18 ./Core/Src/main.o
 .bss.IGNITE_DEAD_SW
                0x20000060       0x18 ./Core/Src/main.o
 .bss.O2_DEAD_SW
                0x20000078       0x18 ./Core/Src/main.o
 .bss.N2O_DEAD_SW
                0x20000090       0x18 ./Core/Src/main.o
 .bss.IGNITION_IS_SW
                0x200000a8       0x18 ./Core/Src/main.o
 .bss.O2_IS_SW  0x200000c0       0x18 ./Core/Src/main.o
 .bss.N2O_SW    0x200000d8       0x18 ./Core/Src/main.o
 .bss.local_control_SW
                0x200000f0       0x18 ./Core/Src/main.o
 .bss.activate_SW
                0x20000108       0x18 ./Core/Src/main.o
 .bss.LED_6     0x20000120       0x18 ./Core/Src/main.o
 .bss.LED_5     0x20000138       0x18 ./Core/Src/main.o
 .bss.LED_4     0x20000150       0x18 ./Core/Src/main.o
 .bss.LED_3     0x20000168       0x18 ./Core/Src/main.o
 .bss.LED_2     0x20000180       0x18 ./Core/Src/main.o
 .bss.LED_1     0x20000198       0x18 ./Core/Src/main.o
 .bss.led_o2    0x200001b0       0x18 ./Core/Src/main.o
 .bss.led_n2o   0x200001c8       0x18 ./Core/Src/main.o
 .bss.led_transducer
                0x200001e0       0x18 ./Core/Src/main.o
 .bss.led_remote
                0x200001f8       0x18 ./Core/Src/main.o
 .bss.led_local
                0x20000210       0x18 ./Core/Src/main.o
 .bss.led_power
                0x20000228       0x18 ./Core/Src/main.o
 .bss.Ignition2_OP
                0x20000240       0x18 ./Core/Src/main.o
 .bss.Ignition2_ARM
                0x20000258       0x18 ./Core/Src/main.o
 .bss.Ignition1_OP
                0x20000270       0x18 ./Core/Src/main.o
 .bss.Ignition1_ARM
                0x20000288       0x18 ./Core/Src/main.o
 .bss.CH4_MON   0x200002a0       0x18 ./Core/Src/main.o
 .bss.CH4_ARM   0x200002b8       0x18 ./Core/Src/main.o
 .bss.CH4_OP    0x200002d0       0x18 ./Core/Src/main.o
 .bss.CH3_MON   0x200002e8       0x18 ./Core/Src/main.o
 .bss.CH3_ARM   0x20000300       0x18 ./Core/Src/main.o
 .bss.CH3_OP    0x20000318       0x18 ./Core/Src/main.o
 .bss.CH2_MON   0x20000330       0x18 ./Core/Src/main.o
 .bss.CH2_ARM   0x20000348       0x18 ./Core/Src/main.o
 .bss.CH2_OP    0x20000360       0x18 ./Core/Src/main.o
 .bss.CH1_MON   0x20000378       0x18 ./Core/Src/main.o
 .bss.CH1_ARM   0x20000390       0x18 ./Core/Src/main.o
 .bss.CH1_OP    0x200003a8       0x18 ./Core/Src/main.o
 .bss.LoRa_Rx_int
                0x200003c0       0x18 ./Core/Src/main.o
 .bss.lora      0x200003d8       0x38 ./Core/Src/main.o
 .bss.lora_spam_transmit_state
                0x20000410        0x1 ./Core/Src/main.o
                0x20000410                lora_spam_transmit_state
 .bss.triggerRX
                0x20000411        0x1 ./Core/Src/main.o
                0x20000411                triggerRX
 .bss.TX_Packet_Flag
                0x20000412        0x1 ./Core/Src/main.o
                0x20000412                TX_Packet_Flag
 .bss.dump_flag
                0x20000413        0x1 ./Core/Src/main.o
                0x20000413                dump_flag
 .bss.hardware_timer_count
                0x20000414        0x1 ./Core/Src/main.o
                0x20000414                hardware_timer_count
 .bss.state     0x20000415        0x1 ./Core/Src/main.o
                0x20000415                state
 *fill*         0x20000416        0x2 
 .bss.hi2c2     0x20000418       0x54 ./Core/Src/main.o
                0x20000418                hi2c2
 .bss.uwTick    0x2000046c        0x4 ./Drivers/STM32F4xx_HAL_Driver/Src/stm32f4xx_hal.o
                0x2000046c                uwTick
 *(COMMON)
                0x20000470                        . = ALIGN (0x4)
                0x20000470                        _ebss = .
                0x20000470                        __bss_end__ = _ebss

._user_heap_stack
                0x20000470      0x600
                0x20000470                        . = ALIGN (0x8)
                [!provide]                        PROVIDE (end = .)
                0x20000470                        PROVIDE (_end = .)
                0x20000670                        . = (. + _Min_Heap_Size)
 *fill*         0x20000470      0x200 
                0x20000a70                        . = (. + _Min_Stack_Size)
 *fill*         0x20000670      0x400 
                0x20000a70                        . = ALIGN (0x8)

/DISCARD/
 libc.a(*)
 libm.a(*)
 libgcc.a(*)

.ARM.attributes
                0x00000000       0x30
 *(.ARM.attributes)
 .ARM.attributes
                0x00000000       0x22 C:/ST/STM32CubeIDE_1.18.0/STM32CubeIDE/plugins/com.st.stm32cube.ide.mcu.externaltools.gnu-tools-for-stm32.13.3.rel1.win32_1.0.0.202411081344/tools/bin/../lib/gcc/arm-none-eabi/13.3.1/thumb/v7e-m+fp/hard/crti.o
 .ARM.attributes
                0x00000022       0x34 C:/ST/STM32CubeIDE_1.18.0/STM32CubeIDE/plugins/com.st.stm32cube.ide.mcu.externaltools.gnu-tools-for-stm32.13.3.rel1.win32_1.0.0.202411081344/tools/bin/../lib/gcc/arm-none-eabi/13.3.1/thumb/v7e-m+fp/hard/crtbegin.o
 .ARM.attributes
                0x00000056       0x34 ./Core/Src/driver.o
 .ARM.attributes
                0x0000008a       0x34 ./Core/Src/gpio.o
 .ARM.attributes
                0x000000be       0x34 ./Core/Src/lora.o
 .ARM.attributes
                0x000000f2       0x34 ./Core/Src/main.o
 .ARM.attributes
                0x00000126       0x34 ./Core/Src/sensor.o
 .ARM.attributes
                0x0000015a       0x34 ./Core/Src/spi.o
 .ARM.attributes
                0x0000018e       0x34 ./Core/Src/stm32f4xx_hal_msp.o
 .ARM.attributes
                0x000001c2       0x34 ./Core/Src/stm32f4xx_it.o
 .ARM.attributes
                0x000001f6       0x34 ./Core/Src/system_stm32f4xx.o
 .ARM.attributes
                0x0000022a       0x21 ./Core/Startup/startup_stm32f439zitx.o
 .ARM.attributes
                0x0000024b       0x34 ./Drivers/STM32F4xx_HAL_Driver/Src/stm32f4xx_hal.o
 .ARM.attributes
                0x0000027f       0x34 ./Drivers/STM32F4xx_HAL_Driver/Src/stm32f4xx_hal_cortex.o
 .ARM.attributes
                0x000002b3       0x34 ./Drivers/STM32F4xx_HAL_Driver/Src/stm32f4xx_hal_gpio.o
 .ARM.attributes
                0x000002e7       0x34 ./Drivers/STM32F4xx_HAL_Driver/Src/stm32f4xx_hal_i2c.o
 .ARM.attributes
                0x0000031b       0x34 ./Drivers/STM32F4xx_HAL_Driver/Src/stm32f4xx_hal_i2c_ex.o
 .ARM.attributes
                0x0000034f       0x34 ./Drivers/STM32F4xx_HAL_Driver/Src/stm32f4xx_hal_pwr_ex.o
 .ARM.attributes
                0x00000383       0x34 ./Drivers/STM32F4xx_HAL_Driver/Src/stm32f4xx_hal_rcc.o
 .ARM.attributes
                0x000003b7       0x34 C:/ST/STM32CubeIDE_1.18.0/STM32CubeIDE/plugins/com.st.stm32cube.ide.mcu.externaltools.gnu-tools-for-stm32.13.3.rel1.win32_1.0.0.202411081344/tools/bin/../lib/gcc/arm-none-eabi/13.3.1/../../../../arm-none-eabi/lib/thumb/v7e-m+fp/hard\libc_nano.a(libc_a-memset.o)
 .ARM.attributes
                0x000003eb       0x34 C:/ST/STM32CubeIDE_1.18.0/STM32CubeIDE/plugins/com.st.stm32cube.ide.mcu.externaltools.gnu-tools-for-stm32.13.3.rel1.win32_1.0.0.202411081344/tools/bin/../lib/gcc/arm-none-eabi/13.3.1/../../../../arm-none-eabi/lib/thumb/v7e-m+fp/hard\libc_nano.a(libc_a-init.o)
 .ARM.attributes
                0x0000041f       0x22 C:/ST/STM32CubeIDE_1.18.0/STM32CubeIDE/plugins/com.st.stm32cube.ide.mcu.externaltools.gnu-tools-for-stm32.13.3.rel1.win32_1.0.0.202411081344/tools/bin/../lib/gcc/arm-none-eabi/13.3.1/thumb/v7e-m+fp/hard\libgcc.a(_aeabi_uldivmod.o)
 .ARM.attributes
                0x00000441       0x34 C:/ST/STM32CubeIDE_1.18.0/STM32CubeIDE/plugins/com.st.stm32cube.ide.mcu.externaltools.gnu-tools-for-stm32.13.3.rel1.win32_1.0.0.202411081344/tools/bin/../lib/gcc/arm-none-eabi/13.3.1/thumb/v7e-m+fp/hard\libgcc.a(_udivmoddi4.o)
 .ARM.attributes
                0x00000475       0x22 C:/ST/STM32CubeIDE_1.18.0/STM32CubeIDE/plugins/com.st.stm32cube.ide.mcu.externaltools.gnu-tools-for-stm32.13.3.rel1.win32_1.0.0.202411081344/tools/bin/../lib/gcc/arm-none-eabi/13.3.1/thumb/v7e-m+fp/hard\libgcc.a(_dvmd_tls.o)
 .ARM.attributes
                0x00000497       0x22 C:/ST/STM32CubeIDE_1.18.0/STM32CubeIDE/plugins/com.st.stm32cube.ide.mcu.externaltools.gnu-tools-for-stm32.13.3.rel1.win32_1.0.0.202411081344/tools/bin/../lib/gcc/arm-none-eabi/13.3.1/thumb/v7e-m+fp/hard/crtn.o
OUTPUT(GSE_2.elf elf32-littlearm)
LOAD linker stubs
LOAD C:/ST/STM32CubeIDE_1.18.0/STM32CubeIDE/plugins/com.st.stm32cube.ide.mcu.externaltools.gnu-tools-for-stm32.13.3.rel1.win32_1.0.0.202411081344/tools/bin/../lib/gcc/arm-none-eabi/13.3.1/../../../../arm-none-eabi/lib/thumb/v7e-m+fp/hard\libc.a
LOAD C:/ST/STM32CubeIDE_1.18.0/STM32CubeIDE/plugins/com.st.stm32cube.ide.mcu.externaltools.gnu-tools-for-stm32.13.3.rel1.win32_1.0.0.202411081344/tools/bin/../lib/gcc/arm-none-eabi/13.3.1/../../../../arm-none-eabi/lib/thumb/v7e-m+fp/hard\libm.a
LOAD C:/ST/STM32CubeIDE_1.18.0/STM32CubeIDE/plugins/com.st.stm32cube.ide.mcu.externaltools.gnu-tools-for-stm32.13.3.rel1.win32_1.0.0.202411081344/tools/bin/../lib/gcc/arm-none-eabi/13.3.1/thumb/v7e-m+fp/hard\libgcc.a

.comment        0x00000000       0x43
 .comment       0x00000000       0x43 ./Core/Src/driver.o
                                 0x44 (size before relaxing)
 .comment       0x00000043       0x44 ./Core/Src/gpio.o
 .comment       0x00000043       0x44 ./Core/Src/lora.o
 .comment       0x00000043       0x44 ./Core/Src/main.o
 .comment       0x00000043       0x44 ./Core/Src/sensor.o
 .comment       0x00000043       0x44 ./Core/Src/spi.o
 .comment       0x00000043       0x44 ./Core/Src/stm32f4xx_hal_msp.o
 .comment       0x00000043       0x44 ./Core/Src/stm32f4xx_it.o
 .comment       0x00000043       0x44 ./Core/Src/system_stm32f4xx.o
 .comment       0x00000043       0x44 ./Drivers/STM32F4xx_HAL_Driver/Src/stm32f4xx_hal.o
 .comment       0x00000043       0x44 ./Drivers/STM32F4xx_HAL_Driver/Src/stm32f4xx_hal_cortex.o
 .comment       0x00000043       0x44 ./Drivers/STM32F4xx_HAL_Driver/Src/stm32f4xx_hal_gpio.o
 .comment       0x00000043       0x44 ./Drivers/STM32F4xx_HAL_Driver/Src/stm32f4xx_hal_i2c.o
 .comment       0x00000043       0x44 ./Drivers/STM32F4xx_HAL_Driver/Src/stm32f4xx_hal_i2c_ex.o
 .comment       0x00000043       0x44 ./Drivers/STM32F4xx_HAL_Driver/Src/stm32f4xx_hal_pwr_ex.o
 .comment       0x00000043       0x44 ./Drivers/STM32F4xx_HAL_Driver/Src/stm32f4xx_hal_rcc.o

.debug_frame    0x00000000       0xac
 .debug_frame   0x00000000       0x20 C:/ST/STM32CubeIDE_1.18.0/STM32CubeIDE/plugins/com.st.stm32cube.ide.mcu.externaltools.gnu-tools-for-stm32.13.3.rel1.win32_1.0.0.202411081344/tools/bin/../lib/gcc/arm-none-eabi/13.3.1/../../../../arm-none-eabi/lib/thumb/v7e-m+fp/hard\libc_nano.a(libc_a-memset.o)
 .debug_frame   0x00000020       0x2c C:/ST/STM32CubeIDE_1.18.0/STM32CubeIDE/plugins/com.st.stm32cube.ide.mcu.externaltools.gnu-tools-for-stm32.13.3.rel1.win32_1.0.0.202411081344/tools/bin/../lib/gcc/arm-none-eabi/13.3.1/../../../../arm-none-eabi/lib/thumb/v7e-m+fp/hard\libc_nano.a(libc_a-init.o)
 .debug_frame   0x0000004c       0x2c C:/ST/STM32CubeIDE_1.18.0/STM32CubeIDE/plugins/com.st.stm32cube.ide.mcu.externaltools.gnu-tools-for-stm32.13.3.rel1.win32_1.0.0.202411081344/tools/bin/../lib/gcc/arm-none-eabi/13.3.1/thumb/v7e-m+fp/hard\libgcc.a(_aeabi_uldivmod.o)
 .debug_frame   0x00000078       0x34 C:/ST/STM32CubeIDE_1.18.0/STM32CubeIDE/plugins/com.st.stm32cube.ide.mcu.externaltools.gnu-tools-for-stm32.13.3.rel1.win32_1.0.0.202411081344/tools/bin/../lib/gcc/arm-none-eabi/13.3.1/thumb/v7e-m+fp/hard\libgcc.a(_udivmoddi4.o)
