Archive member included to satisfy reference by file (symbol)

C:/ST/STM32CubeIDE_1.18.0/STM32CubeIDE/plugins/com.st.stm32cube.ide.mcu.externaltools.gnu-tools-for-stm32.13.3.rel1.win32_1.0.0.202411081344/tools/bin/../lib/gcc/arm-none-eabi/13.3.1/../../../../arm-none-eabi/lib/thumb/v7e-m+fp/hard\libc_nano.a(libc_a-exit.o)
                              C:/ST/STM32CubeIDE_1.18.0/STM32CubeIDE/plugins/com.st.stm32cube.ide.mcu.externaltools.gnu-tools-for-stm32.13.3.rel1.win32_1.0.0.202411081344/tools/bin/../lib/gcc/arm-none-eabi/13.3.1/../../../../arm-none-eabi/lib/thumb/v7e-m+fp/hard/crt0.o (exit)
C:/ST/STM32CubeIDE_1.18.0/STM32CubeIDE/plugins/com.st.stm32cube.ide.mcu.externaltools.gnu-tools-for-stm32.13.3.rel1.win32_1.0.0.202411081344/tools/bin/../lib/gcc/arm-none-eabi/13.3.1/../../../../arm-none-eabi/lib/thumb/v7e-m+fp/hard\libc_nano.a(libc_a-findfp.o)
                              C:/ST/STM32CubeIDE_1.18.0/STM32CubeIDE/plugins/com.st.stm32cube.ide.mcu.externaltools.gnu-tools-for-stm32.13.3.rel1.win32_1.0.0.202411081344/tools/bin/../lib/gcc/arm-none-eabi/13.3.1/../../../../arm-none-eabi/lib/thumb/v7e-m+fp/hard\libc_nano.a(libc_a-exit.o) (__stdio_exit_handler)
C:/ST/STM32CubeIDE_1.18.0/STM32CubeIDE/plugins/com.st.stm32cube.ide.mcu.externaltools.gnu-tools-for-stm32.13.3.rel1.win32_1.0.0.202411081344/tools/bin/../lib/gcc/arm-none-eabi/13.3.1/../../../../arm-none-eabi/lib/thumb/v7e-m+fp/hard\libc_nano.a(libc_a-fwalk.o)
                              C:/ST/STM32CubeIDE_1.18.0/STM32CubeIDE/plugins/com.st.stm32cube.ide.mcu.externaltools.gnu-tools-for-stm32.13.3.rel1.win32_1.0.0.202411081344/tools/bin/../lib/gcc/arm-none-eabi/13.3.1/../../../../arm-none-eabi/lib/thumb/v7e-m+fp/hard\libc_nano.a(libc_a-findfp.o) (_fwalk_sglue)
C:/ST/STM32CubeIDE_1.18.0/STM32CubeIDE/plugins/com.st.stm32cube.ide.mcu.externaltools.gnu-tools-for-stm32.13.3.rel1.win32_1.0.0.202411081344/tools/bin/../lib/gcc/arm-none-eabi/13.3.1/../../../../arm-none-eabi/lib/thumb/v7e-m+fp/hard\libc_nano.a(libc_a-stdio.o)
                              C:/ST/STM32CubeIDE_1.18.0/STM32CubeIDE/plugins/com.st.stm32cube.ide.mcu.externaltools.gnu-tools-for-stm32.13.3.rel1.win32_1.0.0.202411081344/tools/bin/../lib/gcc/arm-none-eabi/13.3.1/../../../../arm-none-eabi/lib/thumb/v7e-m+fp/hard\libc_nano.a(libc_a-findfp.o) (__sread)
C:/ST/STM32CubeIDE_1.18.0/STM32CubeIDE/plugins/com.st.stm32cube.ide.mcu.externaltools.gnu-tools-for-stm32.13.3.rel1.win32_1.0.0.202411081344/tools/bin/../lib/gcc/arm-none-eabi/13.3.1/../../../../arm-none-eabi/lib/thumb/v7e-m+fp/hard\libc_nano.a(libc_a-memset.o)
                              C:/ST/STM32CubeIDE_1.18.0/STM32CubeIDE/plugins/com.st.stm32cube.ide.mcu.externaltools.gnu-tools-for-stm32.13.3.rel1.win32_1.0.0.202411081344/tools/bin/../lib/gcc/arm-none-eabi/13.3.1/../../../../arm-none-eabi/lib/thumb/v7e-m+fp/hard/crt0.o (memset)
C:/ST/STM32CubeIDE_1.18.0/STM32CubeIDE/plugins/com.st.stm32cube.ide.mcu.externaltools.gnu-tools-for-stm32.13.3.rel1.win32_1.0.0.202411081344/tools/bin/../lib/gcc/arm-none-eabi/13.3.1/../../../../arm-none-eabi/lib/thumb/v7e-m+fp/hard\libc_nano.a(libc_a-closer.o)
                              C:/ST/STM32CubeIDE_1.18.0/STM32CubeIDE/plugins/com.st.stm32cube.ide.mcu.externaltools.gnu-tools-for-stm32.13.3.rel1.win32_1.0.0.202411081344/tools/bin/../lib/gcc/arm-none-eabi/13.3.1/../../../../arm-none-eabi/lib/thumb/v7e-m+fp/hard\libc_nano.a(libc_a-stdio.o) (_close_r)
C:/ST/STM32CubeIDE_1.18.0/STM32CubeIDE/plugins/com.st.stm32cube.ide.mcu.externaltools.gnu-tools-for-stm32.13.3.rel1.win32_1.0.0.202411081344/tools/bin/../lib/gcc/arm-none-eabi/13.3.1/../../../../arm-none-eabi/lib/thumb/v7e-m+fp/hard\libc_nano.a(libc_a-reent.o)
                              C:/ST/STM32CubeIDE_1.18.0/STM32CubeIDE/plugins/com.st.stm32cube.ide.mcu.externaltools.gnu-tools-for-stm32.13.3.rel1.win32_1.0.0.202411081344/tools/bin/../lib/gcc/arm-none-eabi/13.3.1/../../../../arm-none-eabi/lib/thumb/v7e-m+fp/hard\libc_nano.a(libc_a-closer.o) (errno)
C:/ST/STM32CubeIDE_1.18.0/STM32CubeIDE/plugins/com.st.stm32cube.ide.mcu.externaltools.gnu-tools-for-stm32.13.3.rel1.win32_1.0.0.202411081344/tools/bin/../lib/gcc/arm-none-eabi/13.3.1/../../../../arm-none-eabi/lib/thumb/v7e-m+fp/hard\libc_nano.a(libc_a-impure.o)
                              C:/ST/STM32CubeIDE_1.18.0/STM32CubeIDE/plugins/com.st.stm32cube.ide.mcu.externaltools.gnu-tools-for-stm32.13.3.rel1.win32_1.0.0.202411081344/tools/bin/../lib/gcc/arm-none-eabi/13.3.1/../../../../arm-none-eabi/lib/thumb/v7e-m+fp/hard\libc_nano.a(libc_a-reent.o) (_impure_ptr)
C:/ST/STM32CubeIDE_1.18.0/STM32CubeIDE/plugins/com.st.stm32cube.ide.mcu.externaltools.gnu-tools-for-stm32.13.3.rel1.win32_1.0.0.202411081344/tools/bin/../lib/gcc/arm-none-eabi/13.3.1/../../../../arm-none-eabi/lib/thumb/v7e-m+fp/hard\libc_nano.a(libc_a-lseekr.o)
[...]
Memory Configuration

Name             Origin             Length             Attributes
CCMRAM           0x10000000         0x00010000         xrw
RAM              0x20000000         0x00030000         xrw
FLASH            0x08000000         0x00200000         xr
*default*        0x00000000         0xffffffff

Linker script and memory map

LOAD C:/ST/STM32CubeIDE_1.18.0/STM32CubeIDE/plugins/com.st.stm32cube.ide.mcu.externaltools.gnu-tools-for-stm32.13.3.rel1.win32_1.0.0.202411081344/tools/bin/../lib/gcc/arm-none-eabi/13.3.1/thumb/v7e-m+fp/hard/crti.o
LOAD C:/ST/STM32CubeIDE_1.18.0/STM32CubeIDE/plugins/com.st.stm32cube.ide.mcu.externaltools.gnu-tools-for-stm32.13.3.rel1.win32_1.0.0.202411081344/tools/bin/../lib/gcc/arm-none-eabi/13.3.1/thumb/v7e-m+fp/hard/crtbegin.o
LOAD C:/ST/STM32CubeIDE_1.18.0/STM32CubeIDE/plugins/com.st.stm32cube.ide.mcu.externaltools.gnu-tools-for-stm32.13.3.rel1.win32_1.0.0.202411081344/tools/bin/../lib/gcc/arm-none-eabi/13.3.1/../../../../arm-none-eabi/lib/thumb/v7e-m+fp/hard/crt0.o
LOAD ./Core/Src/I2C.o
LOAD ./Core/Src/driver.o
LOAD ./Core/Src/flash.o
LOAD ./Core/Src/gpio.o
LOAD ./Core/Src/lora.o
LOAD ./Core/Src/main.o
LOAD ./Core/Src/sensor.o
LOAD ./Core/Src/spi.o
LOAD ./Core/Src/stm32f4xx_hal_msp.o
LOAD ./Core/Src/stm32f4xx_it.o
LOAD ./Core/Src/syscalls.o
LOAD ./Core/Src/sysmem.o
LOAD ./Core/Src/system_stm32f4xx.o
LOAD ./Core/Src/uart.o
LOAD ./Core/Startup/startup_stm32f439zitx.o
LOAD ./Drivers/STM32F4xx_HAL_Driver/Src/stm32f4xx_hal.o
LOAD ./Drivers/STM32F4xx_HAL_Driver/Src/stm32f4xx_hal_cortex.o
LOAD ./Drivers/STM32F4xx_HAL_Driver/Src/stm32f4xx_hal_dma.o
LOAD ./Drivers/STM32F4xx_HAL_Driver/Src/stm32f4xx_hal_dma_ex.o
LOAD ./Drivers/STM32F4xx_HAL_Driver/Src/stm32f4xx_hal_exti.o
LOAD ./Drivers/STM32F4xx_HAL_Driver/Src/stm32f4xx_hal_flash.o
LOAD ./Drivers/STM32F4xx_HAL_Driver/Src/stm32f4xx_hal_flash_ex.o
LOAD ./Drivers/STM32F4xx_HAL_Driver/Src/stm32f4xx_hal_flash_ramfunc.o
LOAD ./Drivers/STM32F4xx_HAL_Driver/Src/stm32f4xx_hal_gpio.o
LOAD ./Drivers/STM32F4xx_HAL_Driver/Src/stm32f4xx_hal_i2c.o
LOAD ./Drivers/STM32F4xx_HAL_Driver/Src/stm32f4xx_hal_i2c_ex.o
LOAD ./Drivers/STM32F4xx_HAL_Driver/Src/stm32f4xx_hal_pwr.o
LOAD ./Drivers/STM32F4xx_HAL_Driver/Src/stm32f4xx_hal_pwr_ex.o
LOAD ./Drivers/STM32F4xx_HAL_Driver/Src/stm32f4xx_hal_rcc.o
LOAD ./Drivers/STM32F4xx_HAL_Driver/Src/stm32f4xx_hal_rcc_ex.o
LOAD ./Drivers/STM32F4xx_HAL_Driver/Src/stm32f4xx_hal_spi.o
LOAD ./Drivers/STM32F4xx_HAL_Driver/Src/stm32f4xx_hal_tim.o
LOAD ./Drivers/STM32F4xx_HAL_Driver/Src/stm32f4xx_hal_tim_ex.o
START GROUP
LOAD C:/ST/STM32CubeIDE_1.18.0/STM32CubeIDE/plugins/com.st.stm32cube.ide.mcu.externaltools.gnu-tools-for-stm32.13.3.rel1.win32_1.0.0.202411081344/tools/bin/../lib/gcc/arm-none-eabi/13.3.1/../../../../arm-none-eabi/lib/thumb/v7e-m+fp/hard\libc_nano.a
LOAD C:/ST/STM32CubeIDE_1.18.0/STM32CubeIDE/plugins/com.st.stm32cube.ide.mcu.externaltools.gnu-tools-for-stm32.13.3.rel1.win32_1.0.0.202411081344/tools/bin/../lib/gcc/arm-none-eabi/13.3.1/../../../../arm-none-eabi/lib/thumb/v7e-m+fp/hard\libm.a
END GROUP
START GROUP
LOAD C:/ST/STM32CubeIDE_1.18.0/STM32CubeIDE/plugins/com.st.stm32cube.ide.mcu.externaltools.gnu-tools-for-stm32.13.3.rel1.win32_1.0.0.202411081344/tools/bin/../lib/gcc/arm-none-eabi/13.3.1/thumb/v7e-m+fp/hard\libgcc.a
LOAD C:/ST/STM32CubeIDE_1.18.0/STM32CubeIDE/plugins/com.st.stm32cube.ide.mcu.externaltools.gnu-tools-for-stm32.13.3.rel1.win32_1.0.0.202411081344/tools/bin/../lib/gcc/arm-none-eabi/13.3.1/../../../../arm-none-eabi/lib/thumb/v7e-m+fp/hard\libc_nano.a
END GROUP
START GROUP
LOAD C:/ST/STM32CubeIDE_1.18.0/STM32CubeIDE/plugins/com.st.stm32cube.ide.mcu.externaltools.gnu-tools-for-stm32.13.3.rel1.win32_1.0.0.202411081344/tools/bin/../lib/gcc/arm-none-eabi/13.3.1/thumb/v7e-m+fp/hard\libgcc.a
LOAD C:/ST/STM32CubeIDE_1.18.0/STM32CubeIDE/plugins/com.st.stm32cube.ide.mcu.externaltools.gnu-tools-for-stm32.13.3.rel1.win32_1.0.0.202411081344/tools/bin/../lib/gcc/arm-none-eabi/13.3.1/../../../../arm-none-eabi/lib/thumb/v7e-m+fp/hard\libc_nano.a
LOAD C:/ST/STM32CubeIDE_1.18.0/STM32CubeIDE/plugins/com.st.stm32cube.ide.mcu.externaltools.gnu-tools-for-stm32.13.3.rel1.win32_1.0.0.202411081344/tools/bin/../lib/gcc/arm-none-eabi/13.3.1/../../../../arm-none-eabi/lib/thumb/v7e-m+fp/hard\libnosys.a
END GROUP
START GROUP
LOAD C:/ST/STM32CubeIDE_1.18.0/STM32CubeIDE/plugins/com.st.stm32cube.ide.mcu.externaltools.gnu-tools-for-stm32.13.3.rel1.win32_1.0.0.202411081344/tools/bin/../lib/gcc/arm-none-eabi/13.3.1/thumb/v7e-m+fp/hard\libgcc.a
LOAD C:/ST/STM32CubeIDE_1.18.0/STM32CubeIDE/plugins/com.st.stm32cube.ide.mcu.externaltools.gnu-tools-for-stm32.13.3.rel1.win32_1.0.0.202411081344/tools/bin/../lib/gcc/arm-none-eabi/13.3.1/../../../../arm-none-eabi/lib/thumb/v7e-m+fp/hard\libc_nano.a
LOAD C:/ST/STM32CubeIDE_1.18.0/STM32CubeIDE/plugins/com.st.stm32cube.ide.mcu.externaltools.gnu-tools-for-stm32.13.3.rel1.win32_1.0.0.202411081344/tools/bin/../lib/gcc/arm-none-eabi/13.3.1/../../../../arm-none-eabi/lib/thumb/v7e-m+fp/hard\libnosys.a
END GROUP
LOAD C:/ST/STM32CubeIDE_1.18.0/STM32CubeIDE/plugins/com.st.stm32cube.ide.mcu.externaltools.gnu-tools-for-stm32.13.3.rel1.win32_1.0.0.202411081344/tools/bin/../lib/gcc/arm-none-eabi/13.3.1/thumb/v7e-m+fp/hard/crtend.o
LOAD C:/ST/STM32CubeIDE_1.18.0/STM32CubeIDE/plugins/com.st.stm32cube.ide.mcu.externaltools.gnu-tools-for-stm32.13.3.rel1.win32_1.0.0.202411081344/tools/bin/../lib/gcc/arm-none-eabi/13.3.1/thumb/v7e-m+fp/hard/crtn.o
                0x20030000                        _estack = (ORIGIN (RAM) + LENGTH (RAM))
                0x00000200                        _Min_Heap_Size = 0x200
                0x00000400                        _Min_Stack_Size = 0x400

.isr_vector     0x08000000      0x1ac
                0x08000000                        . = ALIGN (0x4)
 *(.isr_vector)
 .isr_vector    0x08000000      0x1ac ./Core/Startup/startup_stm32f439zitx.o
                0x08000000                g_pfnVectors
                0x080001ac                        . = ALIGN (0x4)

.text           0x080001b0     0x3fb4
                0x080001b0                        . = ALIGN (0x4)
 *(.text)
 .text          0x080001b0       0x40 C:/ST/STM32CubeIDE_1.18.0/STM32CubeIDE/plugins/com.st.stm32cube.ide.mcu.externaltools.gnu-tools-for-stm32.13.3.rel1.win32_1.0.0.202411081344/tools/bin/../lib/gcc/arm-none-eabi/13.3.1/thumb/v7e-m+fp/hard/crtbegin.o
 .text          0x080001f0      0x378 C:/ST/STM32CubeIDE_1.18.0/STM32CubeIDE/plugins/com.st.stm32cube.ide.mcu.externaltools.gnu-tools-for-stm32.13.3.rel1.win32_1.0.0.202411081344/tools/bin/../lib/gcc/arm-none-eabi/13.3.1/thumb/v7e-m+fp/hard\libgcc.a(_arm_addsubdf3.o)
                0x080001f0                __aeabi_drsub
                0x080001f8                __aeabi_dsub
                0x080001f8                __subdf3
                0x080001fc                __aeabi_dadd
                0x080001fc                __adddf3
                0x08000474                __floatunsidf
                0x08000474                __aeabi_ui2d
                0x08000494                __floatsidf
                0x08000494                __aeabi_i2d
                0x080004b8                __aeabi_f2d
                0x080004b8                __extendsfdf2
                0x080004fc                __floatundidf
                0x080004fc                __aeabi_ul2d
                0x0800050c                __floatdidf
                0x0800050c                __aeabi_l2d
 .text          0x08000568       0xa0 C:/ST/STM32CubeIDE_1.18.0/STM32CubeIDE/plugins/com.st.stm32cube.ide.mcu.externaltools.gnu-tools-for-stm32.13.3.rel1.win32_1.0.0.202411081344/tools/bin/../lib/gcc/arm-none-eabi/13.3.1/thumb/v7e-m+fp/hard\libgcc.a(_arm_truncdfsf2.o)
                0x08000568                __truncdfsf2
                0x08000568                __aeabi_d2f
 .text          0x08000608       0x30 C:/ST/STM32CubeIDE_1.18.0/STM32CubeIDE/plugins/com.st.stm32cube.ide.mcu.externaltools.gnu-tools-for-stm32.13.3.rel1.win32_1.0.0.202411081344/tools/bin/../lib/gcc/arm-none-eabi/13.3.1/thumb/v7e-m+fp/hard\libgcc.a(_aeabi_uldivmod.o)
                0x08000608                __aeabi_uldivmod
 .text          0x08000638      0x2f8 C:/ST/STM32CubeIDE_1.18.0/STM32CubeIDE/plugins/com.st.stm32cube.ide.mcu.externaltools.gnu-tools-for-stm32.13.3.rel1.win32_1.0.0.202411081344/tools/bin/../lib/gcc/arm-none-eabi/13.3.1/thumb/v7e-m+fp/hard\libgcc.a(_udivmoddi4.o)
                0x08000638                __udivmoddi4
 .text          0x08000930        0x4 C:/ST/STM32CubeIDE_1.18.0/STM32CubeIDE/plugins/com.st.stm32cube.ide.mcu.externaltools.gnu-tools-for-stm32.13.3.rel1.win32_1.0.0.202411081344/tools/bin/../lib/gcc/arm-none-eabi/13.3.1/thumb/v7e-m+fp/hard\libgcc.a(_dvmd_tls.o)
                0x08000930                __aeabi_idiv0
                0x08000930                __aeabi_ldiv0
 *(.text*)
 .text.configureSPIBus6
                0x08000934       0xfc ./Core/Src/driver.o
                0x08000934                configureSPIBus6
 .text.configureRCC_APB1
                0x08000a30       0x3c ./Core/Src/driver.o
                0x08000a30                configureRCC_APB1
 .text.configureRCC_APB2
                0x08000a6c       0x44 ./Core/Src/driver.o
                0x08000a6c                configureRCC_APB2
 .text.configureRCC_AHB1
                0x08000ab0       0x28 ./Core/Src/driver.o
                0x08000ab0                configureRCC_AHB1
 .text.GPIO_init
                0x08000ad8       0x62 ./Core/Src/gpio.o
                0x08000ad8                GPIO_init
 .text.Dummy_Transmit
                0x08000b3a       0x3c ./Core/Src/lora.o
                0x08000b3a                Dummy_Transmit
 .text.SX1272_writeRegister
                0x08000b76       0x44 ./Core/Src/lora.o
                0x08000b76                SX1272_writeRegister
 .text.SX1272_clearIRQ
                0x08000bba        0x8 ./Core/Src/lora.o
                0x08000bba                SX1272_clearIRQ
 .text.SX1272_readRegister
                0x08000bc2       0x44 ./Core/Src/lora.o
                0x08000bc2                SX1272_readRegister
 .text._SX1272_setMode
                0x08000c06       0x1e ./Core/Src/lora.o
                0x08000c06                _SX1272_setMode
 .text.SX1272_init
                0x08000c24       0xb4 ./Core/Src/lora.o
                0x08000c24                SX1272_init
 .text.SX1272_standby
                0x08000cd8        0x6 ./Core/Src/lora.o
                0x08000cd8                SX1272_standby
 .text.SX1272_startReceive
                0x08000cde       0x36 ./Core/Src/lora.o
                0x08000cde                SX1272_startReceive
 .text.SX1272_enableBoost
                0x08000d14       0x58 ./Core/Src/lora.o
                0x08000d14                SX1272_enableBoost
 .text.SX1272_transmit
                0x08000d6c       0x54 ./Core/Src/lora.o
                0x08000d6c                SX1272_transmit
 .text.SX1272_readReceive
                0x08000dc0       0x4c ./Core/Src/lora.o
                0x08000dc0                SX1272_readReceive
 .text.TIM1_UP_TIM10_IRQHandler
                0x08000e0c       0xb8 ./Core/Src/main.o
                0x08000e0c                TIM1_UP_TIM10_IRQHandler
 .text.EXTI1_IRQHandler
                0x08000ec4       0x40 ./Core/Src/main.o
                0x08000ec4                EXTI1_IRQHandler
 .text.EXTI3_IRQHandler
                0x08000f04       0x18 ./Core/Src/main.o
                0x08000f04                EXTI3_IRQHandler
 .text.EXTI9_5_IRQHandler
                0x08000f1c       0x30 ./Core/Src/main.o
                0x08000f1c                EXTI9_5_IRQHandler
 .text.RX_Receive
                0x08000f4c      0x2a4 ./Core/Src/main.o
                0x08000f4c                RX_Receive
 .text.Error_Handler
                0x080011f0        0x6 ./Core/Src/main.o
                0x080011f0                Error_Handler
 *fill*         0x080011f6        0x2 
 .text.SystemClock_Config
                0x080011f8       0xa4 ./Core/Src/main.o
                0x080011f8                SystemClock_Config
 .text.get_temp
                0x0800129c       0xe4 ./Core/Src/main.o
                0x0800129c                get_temp
 .text.startup.main
                0x08001380     0x15b4 ./Core/Src/main.o
                0x08001380                main
 .text.delay_software_us
                0x08002934        0x2 ./Core/Src/sensor.o
                0x08002934                delay_software_us
 .text.delay_software_ms
                0x08002936        0x2 ./Core/Src/sensor.o
                0x08002936                delay_software_ms
 .text.SPI_transmit
                0x08002938       0x2a ./Core/Src/spi.o
                0x08002938                SPI_transmit
 .text.SPI_send8
                0x08002962        0xe ./Core/Src/spi.o
 .text.SPI_send16
                0x08002970        0xc ./Core/Src/spi.o
 .text.SPI_receive8
                0x0800297c       0x10 ./Core/Src/spi.o
 .text.SPI_receive16
                0x0800298c       0x10 ./Core/Src/spi.o
 .text.SPI_init
                0x0800299c       0x3c ./Core/Src/spi.o
                0x0800299c                SPI_init
 .text.HAL_MspInit
                0x080029d8       0x38 ./Core/Src/stm32f4xx_hal_msp.o
                0x080029d8                HAL_MspInit
 .text.HAL_I2C_MspInit
                0x08002a10       0x6c ./Core/Src/stm32f4xx_hal_msp.o
                0x08002a10                HAL_I2C_MspInit
 .text.HAL_SPI_MspInit
                0x08002a7c       0xc0 ./Core/Src/stm32f4xx_hal_msp.o
                0x08002a7c                HAL_SPI_MspInit
 .text.NMI_Handler
                0x08002b3c        0x2 ./Core/Src/stm32f4xx_it.o
                0x08002b3c                NMI_Handler
 .text.HardFault_Handler
                0x08002b3e        0x2 ./Core/Src/stm32f4xx_it.o
                0x08002b3e                HardFault_Handler
 .text.MemManage_Handler
                0x08002b40        0x2 ./Core/Src/stm32f4xx_it.o
                0x08002b40                MemManage_Handler
 .text.BusFault_Handler
                0x08002b42        0x2 ./Core/Src/stm32f4xx_it.o
                0x08002b42                BusFault_Handler
 .text.UsageFault_Handler
                0x08002b44        0x2 ./Core/Src/stm32f4xx_it.o
                0x08002b44                UsageFault_Handler
 .text.SVC_Handler
                0x08002b46        0x2 ./Core/Src/stm32f4xx_it.o
                0x08002b46                SVC_Handler
 .text.DebugMon_Handler
                0x08002b48        0x2 ./Core/Src/stm32f4xx_it.o
                0x08002b48                DebugMon_Handler
 .text.PendSV_Handler
                0x08002b4a        0x2 ./Core/Src/stm32f4xx_it.o
                0x08002b4a                PendSV_Handler
 .text.SysTick_Handler
                0x08002b4c        0x4 ./Core/Src/stm32f4xx_it.o
                0x08002b4c                SysTick_Handler
 .text.SystemInit
                0x08002b50       0x14 ./Core/Src/system_stm32f4xx.o
                0x08002b50                SystemInit
 .text.Reset_Handler
                0x08002b64       0x50 ./Core/Startup/startup_stm32f439zitx.o
                0x08002b64                Reset_Handler
 .text.Default_Handler
                0x08002bb4        0x2 ./Core/Startup/startup_stm32f439zitx.o
                0x08002bb4                RTC_Alarm_IRQHandler
                0x08002bb4                HASH_RNG_IRQHandler
                0x08002bb4                EXTI2_IRQHandler
                0x08002bb4                TIM8_CC_IRQHandler
                0x08002bb4                UART8_IRQHandler
                0x08002bb4                SPI4_IRQHandler
                0x08002bb4                TIM1_CC_IRQHandler
                0x08002bb4                DMA2_Stream5_IRQHandler
                0x08002bb4                DMA1_Stream5_IRQHandler
                0x08002bb4                PVD_IRQHandler
                0x08002bb4                SDIO_IRQHandler
                0x08002bb4                TAMP_STAMP_IRQHandler
                0x08002bb4                CAN2_RX1_IRQHandler
                0x08002bb4                TIM8_TRG_COM_TIM14_IRQHandler
                0x08002bb4                TIM8_UP_TIM13_IRQHandler
                0x08002bb4                I2C3_ER_IRQHandler
                0x08002bb4                EXTI0_IRQHandler
                0x08002bb4                I2C2_EV_IRQHandler
                0x08002bb4                DMA1_Stream2_IRQHandler
                0x08002bb4                CAN1_RX0_IRQHandler
                0x08002bb4                FPU_IRQHandler
                0x08002bb4                OTG_HS_WKUP_IRQHandler
                0x08002bb4                LTDC_ER_IRQHandler
                0x08002bb4                CAN2_SCE_IRQHandler
                0x08002bb4                DMA2_Stream2_IRQHandler
                0x08002bb4                SPI1_IRQHandler
                0x08002bb4                TIM6_DAC_IRQHandler
                0x08002bb4                TIM1_BRK_TIM9_IRQHandler
                0x08002bb4                DCMI_IRQHandler
                0x08002bb4                CAN2_RX0_IRQHandler
                0x08002bb4                DMA2_Stream3_IRQHandler
                0x08002bb4                USART6_IRQHandler
                0x08002bb4                USART3_IRQHandler
                0x08002bb4                CRYP_IRQHandler
                0x08002bb4                CAN1_RX1_IRQHandler
                0x08002bb4                UART5_IRQHandler
                0x08002bb4                DMA2_Stream0_IRQHandler
                0x08002bb4                TIM4_IRQHandler
                0x08002bb4                I2C1_EV_IRQHandler
                0x08002bb4                DMA1_Stream6_IRQHandler
                0x08002bb4                DMA1_Stream1_IRQHandler
                0x08002bb4                UART4_IRQHandler
                0x08002bb4                TIM3_IRQHandler
                0x08002bb4                RCC_IRQHandler
                0x08002bb4                TIM8_BRK_TIM12_IRQHandler
                0x08002bb4                Default_Handler
                0x08002bb4                EXTI15_10_IRQHandler
                0x08002bb4                ADC_IRQHandler
                0x08002bb4                DMA1_Stream7_IRQHandler
                0x08002bb4                SPI5_IRQHandler
                0x08002bb4                TIM7_IRQHandler
                0x08002bb4                CAN2_TX_IRQHandler
                0x08002bb4                TIM5_IRQHandler
                0x08002bb4                DMA2_Stream7_IRQHandler
                0x08002bb4                I2C3_EV_IRQHandler
                0x08002bb4                RTC_WKUP_IRQHandler
                0x08002bb4                LTDC_IRQHandler
                0x08002bb4                ETH_WKUP_IRQHandler
                0x08002bb4                SPI2_IRQHandler
                0x08002bb4                OTG_HS_EP1_IN_IRQHandler
                0x08002bb4                DMA1_Stream0_IRQHandler
                0x08002bb4                CAN1_TX_IRQHandler
                0x08002bb4                EXTI4_IRQHandler
                0x08002bb4                ETH_IRQHandler
                0x08002bb4                OTG_HS_EP1_OUT_IRQHandler
                0x08002bb4                WWDG_IRQHandler
                0x08002bb4                SPI6_IRQHandler
                0x08002bb4                TIM2_IRQHandler
                0x08002bb4                OTG_FS_WKUP_IRQHandler
                0x08002bb4                TIM1_TRG_COM_TIM11_IRQHandler
                0x08002bb4                OTG_HS_IRQHandler
                0x08002bb4                DMA2D_IRQHandler
                0x08002bb4                UART7_IRQHandler
                0x08002bb4                USART2_IRQHandler
                0x08002bb4                I2C2_ER_IRQHandler
                0x08002bb4                DMA2_Stream1_IRQHandler
                0x08002bb4                CAN1_SCE_IRQHandler
                0x08002bb4                FLASH_IRQHandler
                0x08002bb4                DMA2_Stream4_IRQHandler
                0x08002bb4                USART1_IRQHandler
                0x08002bb4                OTG_FS_IRQHandler
                0x08002bb4                SPI3_IRQHandler
                0x08002bb4                DMA1_Stream4_IRQHandler
                0x08002bb4                I2C1_ER_IRQHandler
                0x08002bb4                FMC_IRQHandler
                0x08002bb4                DMA2_Stream6_IRQHandler
                0x08002bb4                SAI1_IRQHandler
                0x08002bb4                DMA1_Stream3_IRQHandler
 *fill*         0x08002bb6        0x2 
 .text.HAL_InitTick
                0x08002bb8       0x48 ./Drivers/STM32F4xx_HAL_Driver/Src/stm32f4xx_hal.o
                0x08002bb8                HAL_InitTick
 .text.HAL_Init
                0x08002c00       0x34 ./Drivers/STM32F4xx_HAL_Driver/Src/stm32f4xx_hal.o
                0x08002c00                HAL_Init
 .text.HAL_IncTick
                0x08002c34       0x18 ./Drivers/STM32F4xx_HAL_Driver/Src/stm32f4xx_hal.o
                0x08002c34                HAL_IncTick
 .text.HAL_GetTick
                0x08002c4c        0xc ./Drivers/STM32F4xx_HAL_Driver/Src/stm32f4xx_hal.o
                0x08002c4c                HAL_GetTick
 .text.HAL_NVIC_SetPriorityGrouping
                0x08002c58       0x24 ./Drivers/STM32F4xx_HAL_Driver/Src/stm32f4xx_hal_cortex.o
                0x08002c58                HAL_NVIC_SetPriorityGrouping
 .text.HAL_NVIC_SetPriority
                0x08002c7c       0x64 ./Drivers/STM32F4xx_HAL_Driver/Src/stm32f4xx_hal_cortex.o
                0x08002c7c                HAL_NVIC_SetPriority
 .text.HAL_SYSTICK_Config
                0x08002ce0       0x28 ./Drivers/STM32F4xx_HAL_Driver/Src/stm32f4xx_hal_cortex.o
                0x08002ce0                HAL_SYSTICK_Config
 .text.HAL_GPIO_Init
                0x08002d08      0x1c8 ./Drivers/STM32F4xx_HAL_Driver/Src/stm32f4xx_hal_gpio.o
                0x08002d08                HAL_GPIO_Init
 .text.HAL_GPIO_WritePin
                0x08002ed0        0xa ./Drivers/STM32F4xx_HAL_Driver/Src/stm32f4xx_hal_gpio.o
                0x08002ed0                HAL_GPIO_WritePin
 .text.I2C_IsAcknowledgeFailed
                0x08002eda       0x34 ./Drivers/STM32F4xx_HAL_Driver/Src/stm32f4xx_hal_i2c.o
 .text.I2C_WaitOnFlagUntilTimeout
                0x08002f0e       0x80 ./Drivers/STM32F4xx_HAL_Driver/Src/stm32f4xx_hal_i2c.o
 .text.I2C_WaitOnMasterAddressFlagUntilTimeout
                0x08002f8e       0x84 ./Drivers/STM32F4xx_HAL_Driver/Src/stm32f4xx_hal_i2c.o
 .text.I2C_WaitOnTXEFlagUntilTimeout
                0x08003012       0x54 ./Drivers/STM32F4xx_HAL_Driver/Src/stm32f4xx_hal_i2c.o
 .text.I2C_WaitOnBTFFlagUntilTimeout
                0x08003066       0x54 ./Drivers/STM32F4xx_HAL_Driver/Src/stm32f4xx_hal_i2c.o
 .text.I2C_WaitOnRXNEFlagUntilTimeout
                0x080030ba       0x66 ./Drivers/STM32F4xx_HAL_Driver/Src/stm32f4xx_hal_i2c.o
 .text.HAL_I2C_Init
                0x08003120      0x150 ./Drivers/STM32F4xx_HAL_Driver/Src/stm32f4xx_hal_i2c.o
                0x08003120                HAL_I2C_Init
 .text.HAL_I2C_Master_Transmit
                0x08003270      0x1b4 ./Drivers/STM32F4xx_HAL_Driver/Src/stm32f4xx_hal_i2c.o
                0x08003270                HAL_I2C_Master_Transmit
 .text.HAL_I2C_Master_Receive
                0x08003424      0x2f4 ./Drivers/STM32F4xx_HAL_Driver/Src/stm32f4xx_hal_i2c.o
                0x08003424                HAL_I2C_Master_Receive
 .text.HAL_I2CEx_ConfigAnalogFilter
                0x08003718       0x3e ./Drivers/STM32F4xx_HAL_Driver/Src/stm32f4xx_hal_i2c_ex.o
                0x08003718                HAL_I2CEx_ConfigAnalogFilter
 .text.HAL_I2CEx_ConfigDigitalFilter
                0x08003756       0x3e ./Drivers/STM32F4xx_HAL_Driver/Src/stm32f4xx_hal_i2c_ex.o
                0x08003756                HAL_I2CEx_ConfigDigitalFilter
 .text.HAL_PWREx_EnableOverDrive
                0x08003794       0x74 ./Drivers/STM32F4xx_HAL_Driver/Src/stm32f4xx_hal_pwr_ex.o
                0x08003794                HAL_PWREx_EnableOverDrive
 .text.HAL_RCC_OscConfig
                0x08003808      0x35c ./Drivers/STM32F4xx_HAL_Driver/Src/stm32f4xx_hal_rcc.o
                0x08003808                HAL_RCC_OscConfig
 .text.HAL_RCC_GetSysClockFreq
                0x08003b64       0x5c ./Drivers/STM32F4xx_HAL_Driver/Src/stm32f4xx_hal_rcc.o
                0x08003b64                HAL_RCC_GetSysClockFreq
 .text.HAL_RCC_ClockConfig
                0x08003bc0      0x134 ./Drivers/STM32F4xx_HAL_Driver/Src/stm32f4xx_hal_rcc.o
                0x08003bc0                HAL_RCC_ClockConfig
 .text.HAL_RCC_GetPCLK1Freq
                0x08003cf4       0x20 ./Drivers/STM32F4xx_HAL_Driver/Src/stm32f4xx_hal_rcc.o
                0x08003cf4                HAL_RCC_GetPCLK1Freq
 .text.SPI_WaitFlagStateUntilTimeout
                0x08003d14       0xb8 ./Drivers/STM32F4xx_HAL_Driver/Src/stm32f4xx_hal_spi.o
 .text.SPI_EndRxTxTransaction
                0x08003dcc       0x78 ./Drivers/STM32F4xx_HAL_Driver/Src/stm32f4xx_hal_spi.o
 .text.HAL_SPI_Init
                0x08003e44       0xb8 ./Drivers/STM32F4xx_HAL_Driver/Src/stm32f4xx_hal_spi.o
                0x08003e44                HAL_SPI_Init
 .text.HAL_SPI_TransmitReceive
                0x08003efc      0x1f8 ./Drivers/STM32F4xx_HAL_Driver/Src/stm32f4xx_hal_spi.o
                0x08003efc                HAL_SPI_TransmitReceive
 .text.memset   0x080040f4       0x10 C:/ST/STM32CubeIDE_1.18.0/STM32CubeIDE/plugins/com.st.stm32cube.ide.mcu.externaltools.gnu-tools-for-stm32.13.3.rel1.win32_1.0.0.202411081344/tools/bin/../lib/gcc/arm-none-eabi/13.3.1/../../../../arm-none-eabi/lib/thumb/v7e-m+fp/hard\libc_nano.a(libc_a-memset.o)
                0x080040f4                memset
 .text.__libc_init_array
                0x08004104       0x48 C:/ST/STM32CubeIDE_1.18.0/STM32CubeIDE/plugins/com.st.stm32cube.ide.mcu.externaltools.gnu-tools-for-stm32.13.3.rel1.win32_1.0.0.202411081344/tools/bin/../lib/gcc/arm-none-eabi/13.3.1/../../../../arm-none-eabi/lib/thumb/v7e-m+fp/hard\libc_nano.a(libc_a-init.o)
                0x08004104                __libc_init_array
 *(.glue_7)
 .glue_7        0x0800414c        0x0 linker stubs
 *(.glue_7t)
 .glue_7t       0x0800414c        0x0 linker stubs
 *(.eh_frame)
 .eh_frame      0x0800414c        0x0 C:/ST/STM32CubeIDE_1.18.0/STM32CubeIDE/plugins/com.st.stm32cube.ide.mcu.externaltools.gnu-tools-for-stm32.13.3.rel1.win32_1.0.0.202411081344/tools/bin/../lib/gcc/arm-none-eabi/13.3.1/thumb/v7e-m+fp/hard/crtbegin.o
 *(.init)
 .init          0x0800414c        0x4 C:/ST/STM32CubeIDE_1.18.0/STM32CubeIDE/plugins/com.st.stm32cube.ide.mcu.externaltools.gnu-tools-for-stm32.13.3.rel1.win32_1.0.0.202411081344/tools/bin/../lib/gcc/arm-none-eabi/13.3.1/thumb/v7e-m+fp/hard/crti.o
                0x0800414c                _init
 .init          0x08004150        0x8 C:/ST/STM32CubeIDE_1.18.0/STM32CubeIDE/plugins/com.st.stm32cube.ide.mcu.externaltools.gnu-tools-for-stm32.13.3.rel1.win32_1.0.0.202411081344/tools/bin/../lib/gcc/arm-none-eabi/13.3.1/thumb/v7e-m+fp/hard/crtn.o
 *(.fini)
 .fini          0x08004158        0x4 C:/ST/STM32CubeIDE_1.18.0/STM32CubeIDE/plugins/com.st.stm32cube.ide.mcu.externaltools.gnu-tools-for-stm32.13.3.rel1.win32_1.0.0.202411081344/tools/bin/../lib/gcc/arm-none-eabi/13.3.1/thumb/v7e-m+fp/hard/crti.o
                0x08004158                _fini
 .fini          0x0800415c        0x8 C:/ST/STM32CubeIDE_1.18.0/STM32CubeIDE/plugins/com.st.stm32cube.ide.mcu.externaltools.gnu-tools-for-stm32.13.3.rel1.win32_1.0.0.202411081344/tools/bin/../lib/gcc/arm-none-eabi/13.3.1/thumb/v7e-m+fp/hard/crtn.o
                0x08004164                        . = ALIGN (0x4)
                0x08004164                        _etext = .

.vfp11_veneer   0x08004164        0x0
 .vfp11_veneer  0x08004164        0x0 linker stubs

.v4_bx          0x08004164        0x0
 .v4_bx         0x08004164        0x0 linker stubs

.iplt           0x08004164        0x0
 .iplt          0x08004164        0x0 C:/ST/STM32CubeIDE_1.18.0/STM32CubeIDE/plugins/com.st.stm32cube.ide.mcu.externaltools.gnu-tools-for-stm32.13.3.rel1.win32_1.0.0.202411081344/tools/bin/../lib/gcc/arm-none-eabi/13.3.1/thumb/v7e-m+fp/hard/crtbegin.o

.rodata         0x08004164       0x2c
                0x08004164                        . = ALIGN (0x4)
 *(.rodata)
 *(.rodata*)
 .rodata.main.str1.1
                0x08004164        0x9 ./Core/Src/main.o
 *fill*         0x0800416d        0x1 
 .rodata.ADC_CH4
                0x0800416e        0x2 ./Core/Src/main.o
 .rodata.ADC_CH3
                0x08004170        0x2 ./Core/Src/main.o
 .rodata.ADC_CH2
                0x08004172        0x2 ./Core/Src/main.o
 .rodata.ADC_CH1
                0x08004174        0x2 ./Core/Src/main.o
 .rodata.APBPrescTable
                0x08004176        0x8 ./Core/Src/system_stm32f4xx.o
                0x08004176                APBPrescTable
 .rodata.AHBPrescTable
                0x0800417e       0x10 ./Core/Src/system_stm32f4xx.o
                0x0800417e                AHBPrescTable
                0x08004190                        . = ALIGN (0x4)
 *fill*         0x0800418e        0x2 

.ARM.extab      0x08004190        0x0
                0x08004190                        . = ALIGN (0x4)
 *(.ARM.extab* .gnu.linkonce.armextab.*)
                0x08004190                        . = ALIGN (0x4)

.ARM            0x08004190        0x8
                0x08004190                        . = ALIGN (0x4)
                0x08004190                        __exidx_start = .
 *(.ARM.exidx*)
 .ARM.exidx     0x08004190        0x8 C:/ST/STM32CubeIDE_1.18.0/STM32CubeIDE/plugins/com.st.stm32cube.ide.mcu.externaltools.gnu-tools-for-stm32.13.3.rel1.win32_1.0.0.202411081344/tools/bin/../lib/gcc/arm-none-eabi/13.3.1/thumb/v7e-m+fp/hard\libgcc.a(_udivmoddi4.o)
                0x08004198                        __exidx_end = .
                0x08004198                        . = ALIGN (0x4)

.preinit_array  0x08004198        0x0
                0x08004198                        . = ALIGN (0x4)
                0x08004198                        PROVIDE (__preinit_array_start = .)
 *(.preinit_array*)
                0x08004198                        PROVIDE (__preinit_array_end = .)
                0x08004198                        . = ALIGN (0x4)

.init_array     0x08004198        0x4
                0x08004198                        . = ALIGN (0x4)
                0x08004198                        PROVIDE (__init_array_start = .)
 *(SORT_BY_NAME(.init_array.*))
 *(.init_array*)
 .init_array    0x08004198        0x4 C:/ST/STM32CubeIDE_1.18.0/STM32CubeIDE/plugins/com.st.stm32cube.ide.mcu.externaltools.gnu-tools-for-stm32.13.3.rel1.win32_1.0.0.202411081344/tools/bin/../lib/gcc/arm-none-eabi/13.3.1/thumb/v7e-m+fp/hard/crtbegin.o
                0x0800419c                        PROVIDE (__init_array_end = .)
                0x0800419c                        . = ALIGN (0x4)

.fini_array     0x0800419c        0x4
                0x0800419c                        . = ALIGN (0x4)
                [!provide]                        PROVIDE (__fini_array_start = .)
 *(SORT_BY_NAME(.fini_array.*))
 *(.fini_array*)
 .fini_array    0x0800419c        0x4 C:/ST/STM32CubeIDE_1.18.0/STM32CubeIDE/plugins/com.st.stm32cube.ide.mcu.externaltools.gnu-tools-for-stm32.13.3.rel1.win32_1.0.0.202411081344/tools/bin/../lib/gcc/arm-none-eabi/13.3.1/thumb/v7e-m+fp/hard/crtbegin.o
                [!provide]                        PROVIDE (__fini_array_end = .)
                0x080041a0                        . = ALIGN (0x4)
                0x080041a0                        _sidata = LOADADDR (.data)

.rel.dyn        0x080041a0        0x0
 .rel.iplt      0x080041a0        0x0 C:/ST/STM32CubeIDE_1.18.0/STM32CubeIDE/plugins/com.st.stm32cube.ide.mcu.externaltools.gnu-tools-for-stm32.13.3.rel1.win32_1.0.0.202411081344/tools/bin/../lib/gcc/arm-none-eabi/13.3.1/thumb/v7e-m+fp/hard/crtbegin.o

.data           0x20000000       0x40 load address 0x080041a0
                0x20000000                        . = ALIGN (0x4)
                0x20000000                        _sdata = .
 *(.data)
 *(.data*)
 .data.THERMOCOUPLE_4
                0x20000000        0x8 ./Core/Src/main.o
                0x20000000                THERMOCOUPLE_4
 .data.THERMOCOUPLE_3
                0x20000008        0x8 ./Core/Src/main.o
                0x20000008                THERMOCOUPLE_3
 .data.THERMOCOUPLE_2
                0x20000010        0x8 ./Core/Src/main.o
                0x20000010                THERMOCOUPLE_2
 .data.THERMOCOUPLE_1
                0x20000018        0x8 ./Core/Src/main.o
                0x20000018                THERMOCOUPLE_1
 .data.SMD_TEMP_SENSE
                0x20000020        0x8 ./Core/Src/main.o
                0x20000020                SMD_TEMP_SENSE
 .data.min_weight_error_mode
                0x20000028        0x4 ./Core/Src/main.o
                0x20000028                min_weight_error_mode
 .data.max_pressure_error_mode
                0x2000002c        0x4 ./Core/Src/main.o
                0x2000002c                max_pressure_error_mode
 .data.max_pressure_failure_mode
                0x20000030        0x4 ./Core/Src/main.o
                0x20000030                max_pressure_failure_mode
 .data.SystemCoreClock
                0x20000034        0x4 ./Core/Src/system_stm32f4xx.o
                0x20000034                SystemCoreClock
 .data.uwTickFreq
                0x20000038        0x1 ./Drivers/STM32F4xx_HAL_Driver/Src/stm32f4xx_hal.o
                0x20000038                uwTickFreq
 *fill*         0x20000039        0x3 
 .data.uwTickPrio
                0x2000003c        0x4 ./Drivers/STM32F4xx_HAL_Driver/Src/stm32f4xx_hal.o
                0x2000003c                uwTickPrio
 *(.RamFunc)
 *(.RamFunc*)
                0x20000040                        . = ALIGN (0x4)
                0x20000040                        _edata = .
                0x080041e0                        _siccmram = LOADADDR (.ccmram)

.igot.plt       0x20000040        0x0 load address 0x080041e0
 .igot.plt      0x20000040        0x0 C:/ST/STM32CubeIDE_1.18.0/STM32CubeIDE/plugins/com.st.stm32cube.ide.mcu.externaltools.gnu-tools-for-stm32.13.3.rel1.win32_1.0.0.202411081344/tools/bin/../lib/gcc/arm-none-eabi/13.3.1/thumb/v7e-m+fp/hard/crtbegin.o

.ccmram         0x10000000        0x0 load address 0x080041e0
                0x10000000                        . = ALIGN (0x4)
                0x10000000                        _sccmram = .
 *(.ccmram)
 *(.ccmram*)
                0x10000000                        . = ALIGN (0x4)
                0x10000000                        _eccmram = .
                0x10000000                        . = ALIGN (0x4)

.bss            0x20000040      0x5b8
                0x20000040                        _sbss = .
                0x20000040                        __bss_start__ = _sbss
 *(.bss)
 .bss           0x20000040       0x1c C:/ST/STM32CubeIDE_1.18.0/STM32CubeIDE/plugins/com.st.stm32cube.ide.mcu.externaltools.gnu-tools-for-stm32.13.3.rel1.win32_1.0.0.202411081344/tools/bin/../lib/gcc/arm-none-eabi/13.3.1/thumb/v7e-m+fp/hard/crtbegin.o
 *(.bss*)
 .bss.LOADCELL_4
                0x2000005c        0xc ./Core/Src/main.o
                0x2000005c                LOADCELL_4
 .bss.LOADCELL_3
                0x20000068        0xc ./Core/Src/main.o
                0x20000068                LOADCELL_3
 .bss.LOADCELL_2
                0x20000074        0xc ./Core/Src/main.o
                0x20000074                LOADCELL_2
 .bss.LOADCELL_1
                0x20000080        0xc ./Core/Src/main.o
                0x20000080                LOADCELL_1
 .bss.TRANSDUCER_4
                0x2000008c        0xc ./Core/Src/main.o
                0x2000008c                TRANSDUCER_4
 .bss.TRANSDUCER_3
                0x20000098        0xc ./Core/Src/main.o
                0x20000098                TRANSDUCER_3
 .bss.TRANSDUCER_2
                0x200000a4        0xc ./Core/Src/main.o
                0x200000a4                TRANSDUCER_2
 .bss.TRANSDUCER_1
                0x200000b0        0xc ./Core/Src/main.o
                0x200000b0                TRANSDUCER_1
 .bss.RF_SW     0x200000bc       0x18 ./Core/Src/main.o
 .bss.IGNITE_DEAD_SW
                0x200000d4       0x18 ./Core/Src/main.o
 .bss.O2_DEAD_SW
                0x200000ec       0x18 ./Core/Src/main.o
 .bss.N2O_DEAD_SW
                0x20000104       0x18 ./Core/Src/main.o
 .bss.IGNITION_IS_SW
                0x2000011c       0x18 ./Core/Src/main.o
 .bss.O2_IS_SW  0x20000134       0x18 ./Core/Src/main.o
 .bss.N2O_SW    0x2000014c       0x18 ./Core/Src/main.o
 .bss.local_control_SW
                0x20000164       0x18 ./Core/Src/main.o
 .bss.activate_SW
                0x2000017c       0x18 ./Core/Src/main.o
 .bss.LED_6     0x20000194       0x18 ./Core/Src/main.o
 .bss.LED_5     0x200001ac       0x18 ./Core/Src/main.o
 .bss.LED_4     0x200001c4       0x18 ./Core/Src/main.o
 .bss.LED_3     0x200001dc       0x18 ./Core/Src/main.o
 .bss.LED_2     0x200001f4       0x18 ./Core/Src/main.o
 .bss.LED_1     0x2000020c       0x18 ./Core/Src/main.o
 .bss.led_o2    0x20000224       0x18 ./Core/Src/main.o
 .bss.led_n2o   0x2000023c       0x18 ./Core/Src/main.o
 .bss.led_transducer
                0x20000254       0x18 ./Core/Src/main.o
 .bss.led_remote
                0x2000026c       0x18 ./Core/Src/main.o
 .bss.led_local
                0x20000284       0x18 ./Core/Src/main.o
 .bss.led_power
                0x2000029c       0x18 ./Core/Src/main.o
 .bss.Ignition2_OP
                0x200002b4       0x18 ./Core/Src/main.o
 .bss.Ignition2_ARM
                0x200002cc       0x18 ./Core/Src/main.o
 .bss.Ignition1_OP
                0x200002e4       0x18 ./Core/Src/main.o
 .bss.Ignition1_ARM
                0x200002fc       0x18 ./Core/Src/main.o
 .bss.CH4_MON   0x20000314       0x18 ./Core/Src/main.o
 .bss.CH4_ARM   0x2000032c       0x18 ./Core/Src/main.o
 .bss.CH4_OP    0x20000344       0x18 ./Core/Src/main.o
 .bss.CH3_MON   0x2000035c       0x18 ./Core/Src/main.o
 .bss.CH3_ARM   0x20000374       0x18 ./Core/Src/main.o
 .bss.CH3_OP    0x2000038c       0x18 ./Core/Src/main.o
 .bss.CH2_MON   0x200003a4       0x18 ./Core/Src/main.o
 .bss.CH2_ARM   0x200003bc       0x18 ./Core/Src/main.o
 .bss.CH2_OP    0x200003d4       0x18 ./Core/Src/main.o
 .bss.CH1_MON   0x200003ec       0x18 ./Core/Src/main.o
 .bss.CH1_ARM   0x20000404       0x18 ./Core/Src/main.o
 .bss.CH1_OP    0x2000041c       0x18 ./Core/Src/main.o
 .bss.LoRa_Rx_int
                0x20000434       0x18 ./Core/Src/main.o
 .bss.GSE_Command
                0x2000044c       0x20 ./Core/Src/main.o
 .bss.packet    0x2000046c       0x20 ./Core/Src/main.o
 .bss.lora      0x2000048c       0x38 ./Core/Src/main.o
 .bss.lora_error_test
                0x200004c4        0x1 ./Core/Src/main.o
                0x200004c4                lora_error_test
 .bss.pointerdata
                0x200004c5       0x20 ./Core/Src/main.o
                0x200004c5                pointerdata
 .bss.triggerRX
                0x200004e5        0x1 ./Core/Src/main.o
                0x200004e5                triggerRX
 .bss.lora_error
                0x200004e6        0x1 ./Core/Src/main.o
                0x200004e6                lora_error
 .bss.TX_Packet_Flag
                0x200004e7        0x1 ./Core/Src/main.o
                0x200004e7                TX_Packet_Flag
 .bss.dump_flag
                0x200004e8        0x1 ./Core/Src/main.o
                0x200004e8                dump_flag
 .bss.hardware_timer_count
                0x200004e9        0x1 ./Core/Src/main.o
                0x200004e9                hardware_timer_count
 .bss.error     0x200004ea        0x2 ./Core/Src/main.o
 .bss.state     0x200004ec        0x1 ./Core/Src/main.o
                0x200004ec                state
 .bss.switch_case_state
                0x200004ed        0x1 ./Core/Src/main.o
                0x200004ed                switch_case_state
 *fill*         0x200004ee        0x2 
 .bss.hspi1     0x200004f0       0x58 ./Core/Src/main.o
                0x200004f0                hspi1
 .bss.hspi5     0x20000548       0x58 ./Core/Src/main.o
                0x20000548                hspi5
 .bss.hi2c2     0x200005a0       0x54 ./Core/Src/main.o
                0x200005a0                hi2c2
 .bss.uwTick    0x200005f4        0x4 ./Drivers/STM32F4xx_HAL_Driver/Src/stm32f4xx_hal.o
                0x200005f4                uwTick
 *(COMMON)
                0x200005f8                        . = ALIGN (0x4)
                0x200005f8                        _ebss = .
                0x200005f8                        __bss_end__ = _ebss

._user_heap_stack
                0x200005f8      0x600
                0x200005f8                        . = ALIGN (0x8)
                [!provide]                        PROVIDE (end = .)
                0x200005f8                        PROVIDE (_end = .)
                0x200007f8                        . = (. + _Min_Heap_Size)
 *fill*         0x200005f8      0x200 
                0x20000bf8                        . = (. + _Min_Stack_Size)
 *fill*         0x200007f8      0x400 
                0x20000bf8                        . = ALIGN (0x8)

/DISCARD/
 libc.a(*)
 libm.a(*)
 libgcc.a(*)

.ARM.attributes
                0x00000000       0x30
 *(.ARM.attributes)
 .ARM.attributes
                0x00000000       0x22 C:/ST/STM32CubeIDE_1.18.0/STM32CubeIDE/plugins/com.st.stm32cube.ide.mcu.externaltools.gnu-tools-for-stm32.13.3.rel1.win32_1.0.0.202411081344/tools/bin/../lib/gcc/arm-none-eabi/13.3.1/thumb/v7e-m+fp/hard/crti.o
 .ARM.attributes
                0x00000022       0x34 C:/ST/STM32CubeIDE_1.18.0/STM32CubeIDE/plugins/com.st.stm32cube.ide.mcu.externaltools.gnu-tools-for-stm32.13.3.rel1.win32_1.0.0.202411081344/tools/bin/../lib/gcc/arm-none-eabi/13.3.1/thumb/v7e-m+fp/hard/crtbegin.o
 .ARM.attributes
                0x00000056       0x34 ./Core/Src/driver.o
 .ARM.attributes
                0x0000008a       0x34 ./Core/Src/gpio.o
 .ARM.attributes
                0x000000be       0x34 ./Core/Src/lora.o
 .ARM.attributes
                0x000000f2       0x34 ./Core/Src/main.o
 .ARM.attributes
                0x00000126       0x34 ./Core/Src/sensor.o
 .ARM.attributes
                0x0000015a       0x34 ./Core/Src/spi.o
 .ARM.attributes
                0x0000018e       0x34 ./Core/Src/stm32f4xx_hal_msp.o
 .ARM.attributes
                0x000001c2       0x34 ./Core/Src/stm32f4xx_it.o
 .ARM.attributes
                0x000001f6       0x34 ./Core/Src/system_stm32f4xx.o
 .ARM.attributes
                0x0000022a       0x21 ./Core/Startup/startup_stm32f439zitx.o
 .ARM.attributes
                0x0000024b       0x34 ./Drivers/STM32F4xx_HAL_Driver/Src/stm32f4xx_hal.o
 .ARM.attributes
                0x0000027f       0x34 ./Drivers/STM32F4xx_HAL_Driver/Src/stm32f4xx_hal_cortex.o
 .ARM.attributes
                0x000002b3       0x34 ./Drivers/STM32F4xx_HAL_Driver/Src/stm32f4xx_hal_gpio.o
 .ARM.attributes
                0x000002e7       0x34 ./Drivers/STM32F4xx_HAL_Driver/Src/stm32f4xx_hal_i2c.o
 .ARM.attributes
                0x0000031b       0x34 ./Drivers/STM32F4xx_HAL_Driver/Src/stm32f4xx_hal_i2c_ex.o
 .ARM.attributes
                0x0000034f       0x34 ./Drivers/STM32F4xx_HAL_Driver/Src/stm32f4xx_hal_pwr_ex.o
 .ARM.attributes
                0x00000383       0x34 ./Drivers/STM32F4xx_HAL_Driver/Src/stm32f4xx_hal_rcc.o
 .ARM.attributes
                0x000003b7       0x34 ./Drivers/STM32F4xx_HAL_Driver/Src/stm32f4xx_hal_spi.o
 .ARM.attributes
                0x000003eb       0x34 C:/ST/STM32CubeIDE_1.18.0/STM32CubeIDE/plugins/com.st.stm32cube.ide.mcu.externaltools.gnu-tools-for-stm32.13.3.rel1.win32_1.0.0.202411081344/tools/bin/../lib/gcc/arm-none-eabi/13.3.1/../../../../arm-none-eabi/lib/thumb/v7e-m+fp/hard\libc_nano.a(libc_a-memset.o)
 .ARM.attributes
                0x0000041f       0x34 C:/ST/STM32CubeIDE_1.18.0/STM32CubeIDE/plugins/com.st.stm32cube.ide.mcu.externaltools.gnu-tools-for-stm32.13.3.rel1.win32_1.0.0.202411081344/tools/bin/../lib/gcc/arm-none-eabi/13.3.1/../../../../arm-none-eabi/lib/thumb/v7e-m+fp/hard\libc_nano.a(libc_a-init.o)
 .ARM.attributes
                0x00000453       0x22 C:/ST/STM32CubeIDE_1.18.0/STM32CubeIDE/plugins/com.st.stm32cube.ide.mcu.externaltools.gnu-tools-for-stm32.13.3.rel1.win32_1.0.0.202411081344/tools/bin/../lib/gcc/arm-none-eabi/13.3.1/thumb/v7e-m+fp/hard\libgcc.a(_arm_addsubdf3.o)
 .ARM.attributes
                0x00000475       0x22 C:/ST/STM32CubeIDE_1.18.0/STM32CubeIDE/plugins/com.st.stm32cube.ide.mcu.externaltools.gnu-tools-for-stm32.13.3.rel1.win32_1.0.0.202411081344/tools/bin/../lib/gcc/arm-none-eabi/13.3.1/thumb/v7e-m+fp/hard\libgcc.a(_arm_truncdfsf2.o)
 .ARM.attributes
                0x00000497       0x22 C:/ST/STM32CubeIDE_1.18.0/STM32CubeIDE/plugins/com.st.stm32cube.ide.mcu.externaltools.gnu-tools-for-stm32.13.3.rel1.win32_1.0.0.202411081344/tools/bin/../lib/gcc/arm-none-eabi/13.3.1/thumb/v7e-m+fp/hard\libgcc.a(_aeabi_uldivmod.o)
 .ARM.attributes
                0x000004b9       0x34 C:/ST/STM32CubeIDE_1.18.0/STM32CubeIDE/plugins/com.st.stm32cube.ide.mcu.externaltools.gnu-tools-for-stm32.13.3.rel1.win32_1.0.0.202411081344/tools/bin/../lib/gcc/arm-none-eabi/13.3.1/thumb/v7e-m+fp/hard\libgcc.a(_udivmoddi4.o)
 .ARM.attributes
                0x000004ed       0x22 C:/ST/STM32CubeIDE_1.18.0/STM32CubeIDE/plugins/com.st.stm32cube.ide.mcu.externaltools.gnu-tools-for-stm32.13.3.rel1.win32_1.0.0.202411081344/tools/bin/../lib/gcc/arm-none-eabi/13.3.1/thumb/v7e-m+fp/hard\libgcc.a(_dvmd_tls.o)
 .ARM.attributes
                0x0000050f       0x22 C:/ST/STM32CubeIDE_1.18.0/STM32CubeIDE/plugins/com.st.stm32cube.ide.mcu.externaltools.gnu-tools-for-stm32.13.3.rel1.win32_1.0.0.202411081344/tools/bin/../lib/gcc/arm-none-eabi/13.3.1/thumb/v7e-m+fp/hard/crtn.o
OUTPUT(GSE_2.elf elf32-littlearm)
LOAD linker stubs
LOAD C:/ST/STM32CubeIDE_1.18.0/STM32CubeIDE/plugins/com.st.stm32cube.ide.mcu.externaltools.gnu-tools-for-stm32.13.3.rel1.win32_1.0.0.202411081344/tools/bin/../lib/gcc/arm-none-eabi/13.3.1/../../../../arm-none-eabi/lib/thumb/v7e-m+fp/hard\libc.a
LOAD C:/ST/STM32CubeIDE_1.18.0/STM32CubeIDE/plugins/com.st.stm32cube.ide.mcu.externaltools.gnu-tools-for-stm32.13.3.rel1.win32_1.0.0.202411081344/tools/bin/../lib/gcc/arm-none-eabi/13.3.1/../../../../arm-none-eabi/lib/thumb/v7e-m+fp/hard\libm.a
LOAD C:/ST/STM32CubeIDE_1.18.0/STM32CubeIDE/plugins/com.st.stm32cube.ide.mcu.externaltools.gnu-tools-for-stm32.13.3.rel1.win32_1.0.0.202411081344/tools/bin/../lib/gcc/arm-none-eabi/13.3.1/thumb/v7e-m+fp/hard\libgcc.a

.comment        0x00000000       0x43
 .comment       0x00000000       0x43 ./Core/Src/driver.o
                                 0x44 (size before relaxing)
 .comment       0x00000043       0x44 ./Core/Src/gpio.o
 .comment       0x00000043       0x44 ./Core/Src/lora.o
 .comment       0x00000043       0x44 ./Core/Src/main.o
 .comment       0x00000043       0x44 ./Core/Src/sensor.o
 .comment       0x00000043       0x44 ./Core/Src/spi.o
 .comment       0x00000043       0x44 ./Core/Src/stm32f4xx_hal_msp.o
 .comment       0x00000043       0x44 ./Core/Src/stm32f4xx_it.o
 .comment       0x00000043       0x44 ./Core/Src/system_stm32f4xx.o
 .comment       0x00000043       0x44 ./Drivers/STM32F4xx_HAL_Driver/Src/stm32f4xx_hal.o
 .comment       0x00000043       0x44 ./Drivers/STM32F4xx_HAL_Driver/Src/stm32f4xx_hal_cortex.o
 .comment       0x00000043       0x44 ./Drivers/STM32F4xx_HAL_Driver/Src/stm32f4xx_hal_gpio.o
 .comment       0x00000043       0x44 ./Drivers/STM32F4xx_HAL_Driver/Src/stm32f4xx_hal_i2c.o
 .comment       0x00000043       0x44 ./Drivers/STM32F4xx_HAL_Driver/Src/stm32f4xx_hal_i2c_ex.o
 .comment       0x00000043       0x44 ./Drivers/STM32F4xx_HAL_Driver/Src/stm32f4xx_hal_pwr_ex.o
 .comment       0x00000043       0x44 ./Drivers/STM32F4xx_HAL_Driver/Src/stm32f4xx_hal_rcc.o
 .comment       0x00000043       0x44 ./Drivers/STM32F4xx_HAL_Driver/Src/stm32f4xx_hal_spi.o

.debug_frame    0x00000000      0x17c
 .debug_frame   0x00000000       0x20 C:/ST/STM32CubeIDE_1.18.0/STM32CubeIDE/plugins/com.st.stm32cube.ide.mcu.externaltools.gnu-tools-for-stm32.13.3.rel1.win32_1.0.0.202411081344/tools/bin/../lib/gcc/arm-none-eabi/13.3.1/../../../../arm-none-eabi/lib/thumb/v7e-m+fp/hard\libc_nano.a(libc_a-memset.o)
 .debug_frame   0x00000020       0x2c C:/ST/STM32CubeIDE_1.18.0/STM32CubeIDE/plugins/com.st.stm32cube.ide.mcu.externaltools.gnu-tools-for-stm32.13.3.rel1.win32_1.0.0.202411081344/tools/bin/../lib/gcc/arm-none-eabi/13.3.1/../../../../arm-none-eabi/lib/thumb/v7e-m+fp/hard\libc_nano.a(libc_a-init.o)
 .debug_frame   0x0000004c       0xac C:/ST/STM32CubeIDE_1.18.0/STM32CubeIDE/plugins/com.st.stm32cube.ide.mcu.externaltools.gnu-tools-for-stm32.13.3.rel1.win32_1.0.0.202411081344/tools/bin/../lib/gcc/arm-none-eabi/13.3.1/thumb/v7e-m+fp/hard\libgcc.a(_arm_addsubdf3.o)
 .debug_frame   0x000000f8       0x24 C:/ST/STM32CubeIDE_1.18.0/STM32CubeIDE/plugins/com.st.stm32cube.ide.mcu.externaltools.gnu-tools-for-stm32.13.3.rel1.win32_1.0.0.202411081344/tools/bin/../lib/gcc/arm-none-eabi/13.3.1/thumb/v7e-m+fp/hard\libgcc.a(_arm_truncdfsf2.o)
 .debug_frame   0x0000011c       0x2c C:/ST/STM32CubeIDE_1.18.0/STM32CubeIDE/plugins/com.st.stm32cube.ide.mcu.externaltools.gnu-tools-for-stm32.13.3.rel1.win32_1.0.0.202411081344/tools/bin/../lib/gcc/arm-none-eabi/13.3.1/thumb/v7e-m+fp/hard\libgcc.a(_aeabi_uldivmod.o)
 .debug_frame   0x00000148       0x34 C:/ST/STM32CubeIDE_1.18.0/STM32CubeIDE/plugins/com.st.stm32cube.ide.mcu.externaltools.gnu-tools-for-stm32.13.3.rel1.win32_1.0.0.202411081344/tools/bin/../lib/gcc/arm-none-eabi/13.3.1/thumb/v7e-m+fp/hard\libgcc.a(_udivmoddi4.o)
